[2J[3J[H3:32:17 PM - Starting compilation in watch mode...


3:32:18 PM - Found 0 errors. Watching for file changes.
[2J[3J[H3:33:13 PM - Starting compilation in watch mode...


3:33:13 PM - Found 0 errors. Watching for file changes.
[2J[3J[H3:33:54 PM - Starting compilation in watch mode...


3:33:54 PM - Found 0 errors. Watching for file changes.
[2J[3J[H3:34:59 PM - Starting compilation in watch mode...


3:34:59 PM - Found 0 errors. Watching for file changes.
[2J[3J[H3:49:49 PM - Starting compilation in watch mode...


3:49:50 PM - Found 0 errors. Watching for file changes.
[2J[3J[H3:54:02 PM - File change detected. Starting incremental compilation...


3:54:02 PM - Found 0 errors. Watching for file changes.
[2J[3J[H3:56:59 PM - File change detected. Starting incremental compilation...


3:56:59 PM - Found 0 errors. Watching for file changes.
[2J[3J[H3:57:05 PM - File change detected. Starting incremental compilation...


3:57:05 PM - Found 0 errors. Watching for file changes.
[2J[3J[H3:57:08 PM - File change detected. Starting incremental compilation...


3:57:08 PM - Found 0 errors. Watching for file changes.
[2J[3J[H5:19:08 PM - Starting compilation in watch mode...


5:19:09 PM - Found 0 errors. Watching for file changes.
[2J[3J[H5:27:12 PM - Starting compilation in watch mode...


5:27:13 PM - Found 0 errors. Watching for file changes.
[2J[3J[H5:33:44 PM - Starting compilation in watch mode...


5:33:45 PM - Found 0 errors. Watching for file changes.
[2J[3J[H7:38:18 AM - Starting compilation in watch mode...


7:38:19 AM - Found 0 errors. Watching for file changes.
[2J[3J[H7:42:15 AM - File change detected. Starting incremental compilation...


7:42:15 AM - Found 0 errors. Watching for file changes.
[2J[3J[H7:42:20 AM - File change detected. Starting incremental compilation...


7:42:20 AM - Found 0 errors. Watching for file changes.
[2J[3J[H7:42:31 AM - File change detected. Starting incremental compilation...


7:42:31 AM - Found 0 errors. Watching for file changes.
[2J[3J[H7:42:35 AM - File change detected. Starting incremental compilation...


7:42:35 AM - Found 0 errors. Watching for file changes.
[2J[3J[H8:34:59 AM - File change detected. Starting incremental compilation...


8:34:59 AM - Found 0 errors. Watching for file changes.
[2J[3J[H8:35:01 AM - File change detected. Starting incremental compilation...


8:35:01 AM - Found 0 errors. Watching for file changes.
[2J[3J[H8:35:05 AM - File change detected. Starting incremental compilation...

app.ts(66,18): error TS2304: Cannot find name 'FilterQuery'.

8:35:05 AM - Found 1 error. Watching for file changes.
[2J[3J[H8:35:10 AM - File change detected. Starting incremental compilation...


8:35:10 AM - Found 0 errors. Watching for file changes.
[2J[3J[H8:35:15 AM - File change detected. Starting incremental compilation...


8:35:15 AM - Found 0 errors. Watching for file changes.
[2J[3J[H8:38:37 AM - File change detected. Starting incremental compilation...


8:38:37 AM - Found 0 errors. Watching for file changes.
[2J[3J[H8:38:54 AM - File change detected. Starting incremental compilation...


8:38:54 AM - Found 0 errors. Watching for file changes.
[2J[3J[H8:41:37 AM - File change detected. Starting incremental compilation...

app.ts(97,5): error TS2552: Cannot find name 'cnosole'. Did you mean 'console'?

8:41:37 AM - Found 1 error. Watching for file changes.
[2J[3J[H8:41:45 AM - File change detected. Starting incremental compilation...


8:41:45 AM - Found 0 errors. Watching for file changes.
[2J[3J[H8:42:42 AM - File change detected. Starting incremental compilation...


8:42:42 AM - Found 0 errors. Watching for file changes.
[2J[3J[H8:43:04 AM - File change detected. Starting incremental compilation...


8:43:04 AM - Found 0 errors. Watching for file changes.
[2J[3J[H11:05:11 AM - File change detected. Starting incremental compilation...

../iso/measures.ts(16,1): error TS1110: Type expected.

11:05:11 AM - Found 1 error. Watching for file changes.
[2J[3J[H11:05:31 AM - File change detected. Starting incremental compilation...

../iso/measures.ts(37,14): error TS2322: Type '({ id: MeasureId; name: string; description: string; unit: "m"; } | { id: MeasureId; name: string; description: string; unit: "kg"; } | { id: MeasureId; name: string; description: string; unit: "category"; categories: string[]; } | undefined)[]' is not assignable to type 'Measure[]'.
  Type '{ id: MeasureId; name: string; description: string; unit: "m"; } | { id: MeasureId; name: string; description: string; unit: "kg"; } | { id: MeasureId; name: string; description: string; unit: "category"; categories: string[]; } | undefined' is not assignable to type 'Measure'.
    Type 'undefined' is not assignable to type 'Measure'.

11:05:31 AM - Found 1 error. Watching for file changes.
[2J[3J[H11:05:46 AM - File change detected. Starting incremental compilation...

../iso/measures.ts(41,14): error TS2322: Type '({ id: MeasureId; name: string; description: string; unit: "m"; } | { id: MeasureId; name: string; description: string; unit: "kg"; } | { id: MeasureId; name: string; description: string; unit: "category"; categories: string[]; } | undefined)[]' is not assignable to type 'Measure[]'.
  Type '{ id: MeasureId; name: string; description: string; unit: "m"; } | { id: MeasureId; name: string; description: string; unit: "kg"; } | { id: MeasureId; name: string; description: string; unit: "category"; categories: string[]; } | undefined' is not assignable to type 'Measure'.
    Type 'undefined' is not assignable to type 'Measure'.

11:05:46 AM - Found 1 error. Watching for file changes.
[2J[3J[H11:05:53 AM - File change detected. Starting incremental compilation...

../iso/measures.ts(41,14): error TS2322: Type '({ id: MeasureId; name: string; description: string; unit: "m"; } | { id: MeasureId; name: string; description: string; unit: "kg"; } | { id: MeasureId; name: string; description: string; unit: "category"; categories: string[]; } | undefined)[]' is not assignable to type 'Measure[]'.
  Type '{ id: MeasureId; name: string; description: string; unit: "m"; } | { id: MeasureId; name: string; description: string; unit: "kg"; } | { id: MeasureId; name: string; description: string; unit: "category"; categories: string[]; } | undefined' is not assignable to type 'Measure'.
    Type 'undefined' is not assignable to type 'Measure'.

11:05:53 AM - Found 1 error. Watching for file changes.
[2J[3J[H11:06:15 AM - File change detected. Starting incremental compilation...

../iso/measures.ts(43,14): error TS2322: Type '({ id: MeasureId; name: string; description: string; unit: "m"; } | { id: MeasureId; name: string; description: string; unit: "kg"; } | { id: MeasureId; name: string; description: string; unit: "category"; categories: string[]; } | undefined)[]' is not assignable to type 'Measure[]'.
  Type '{ id: MeasureId; name: string; description: string; unit: "m"; } | { id: MeasureId; name: string; description: string; unit: "kg"; } | { id: MeasureId; name: string; description: string; unit: "category"; categories: string[]; } | undefined' is not assignable to type 'Measure'.
    Type 'undefined' is not assignable to type 'Measure'.

11:06:15 AM - Found 1 error. Watching for file changes.
[2J[3J[H11:06:25 AM - File change detected. Starting incremental compilation...

../iso/measures.ts(41,14): error TS2322: Type '({ id: MeasureId; name: string; description: string; unit: "m"; } | { id: MeasureId; name: string; description: string; unit: "kg"; } | { id: MeasureId; name: string; description: string; unit: "category"; categories: string[]; } | undefined)[]' is not assignable to type 'Measure[]'.
  Type '{ id: MeasureId; name: string; description: string; unit: "m"; } | { id: MeasureId; name: string; description: string; unit: "kg"; } | { id: MeasureId; name: string; description: string; unit: "category"; categories: string[]; } | undefined' is not assignable to type 'Measure'.
    Type 'undefined' is not assignable to type 'Measure'.

11:06:25 AM - Found 1 error. Watching for file changes.
[2J[3J[H11:07:22 AM - File change detected. Starting incremental compilation...


11:07:22 AM - Found 0 errors. Watching for file changes.
[2J[3J[H11:08:29 AM - File change detected. Starting incremental compilation...


11:08:29 AM - Found 0 errors. Watching for file changes.
[2J[3J[H11:10:54 AM - File change detected. Starting incremental compilation...

../iso/measures.ts(18,9): error TS1110: Type expected.

11:10:55 AM - Found 1 error. Watching for file changes.
[2J[3J[H11:11:03 AM - File change detected. Starting incremental compilation...

../iso/measures.ts(48,5): error TS2322: Type 'string' is not assignable to type 'Unit'.
../iso/measures.ts(57,5): error TS2322: Type 'string' is not assignable to type 'Unit'.
../iso/measures.ts(63,5): error TS2322: Type 'string' is not assignable to type 'Unit'.
../iso/measures.ts(69,5): error TS2322: Type 'string' is not assignable to type 'Unit'.
../iso/measures.ts(75,5): error TS2322: Type 'string' is not assignable to type 'Unit'.

11:11:03 AM - Found 5 errors. Watching for file changes.
[2J[3J[H11:11:14 AM - File change detected. Starting incremental compilation...

../iso/measures.ts(60,5): error TS2322: Type 'string' is not assignable to type 'Unit'.
../iso/measures.ts(66,5): error TS2322: Type 'string' is not assignable to type 'Unit'.
../iso/measures.ts(72,5): error TS2322: Type 'string' is not assignable to type 'Unit'.
../iso/measures.ts(78,5): error TS2322: Type 'string' is not assignable to type 'Unit'.

11:11:14 AM - Found 4 errors. Watching for file changes.
[2J[3J[H11:12:01 AM - File change detected. Starting incremental compilation...

../iso/measures.ts(67,5): error TS2322: Type 'string' is not assignable to type 'Unit'.
../iso/measures.ts(73,5): error TS2322: Type 'string' is not assignable to type 'Unit'.
../iso/measures.ts(79,5): error TS2322: Type 'string' is not assignable to type 'Unit'.
../iso/measures.ts(85,5): error TS2322: Type 'string' is not assignable to type 'Unit'.

11:12:01 AM - Found 4 errors. Watching for file changes.
[2J[3J[H11:12:07 AM - File change detected. Starting incremental compilation...

../iso/measures.ts(67,5): error TS2322: Type 'string' is not assignable to type 'Unit'.
../iso/measures.ts(73,5): error TS2322: Type 'string' is not assignable to type 'Unit'.
../iso/measures.ts(79,5): error TS2322: Type 'string' is not assignable to type 'Unit'.
../iso/measures.ts(85,5): error TS2322: Type 'string' is not assignable to type 'Unit'.

11:12:07 AM - Found 4 errors. Watching for file changes.
[2J[3J[H11:12:10 AM - File change detected. Starting incremental compilation...

../iso/measures.ts(67,5): error TS2322: Type 'string' is not assignable to type 'Unit'.
../iso/measures.ts(73,5): error TS2322: Type 'string' is not assignable to type 'Unit'.
../iso/measures.ts(79,5): error TS2322: Type 'string' is not assignable to type 'Unit'.
../iso/measures.ts(85,5): error TS2322: Type 'string' is not assignable to type 'Unit'.

11:12:10 AM - Found 4 errors. Watching for file changes.
[2J[3J[H11:14:08 AM - File change detected. Starting incremental compilation...

../iso/measures.ts(67,5): error TS2322: Type 'string' is not assignable to type 'Unit'.
../iso/measures.ts(73,5): error TS2322: Type 'string' is not assignable to type 'Unit'.
../iso/measures.ts(79,5): error TS2322: Type 'string' is not assignable to type 'Unit'.
../iso/measures.ts(85,5): error TS2322: Type 'string' is not assignable to type 'Unit'.

11:14:08 AM - Found 4 errors. Watching for file changes.
[2J[3J[H11:14:14 AM - File change detected. Starting incremental compilation...

../iso/measures.ts(67,5): error TS2322: Type 'string' is not assignable to type 'Unit'.
../iso/measures.ts(73,5): error TS2322: Type 'string' is not assignable to type 'Unit'.
../iso/measures.ts(79,5): error TS2322: Type 'string' is not assignable to type 'Unit'.
../iso/measures.ts(85,5): error TS2322: Type 'string' is not assignable to type 'Unit'.

11:14:15 AM - Found 4 errors. Watching for file changes.
[2J[3J[H11:14:17 AM - File change detected. Starting incremental compilation...

../iso/measures.ts(67,5): error TS2322: Type 'string' is not assignable to type 'Unit'.
../iso/measures.ts(73,5): error TS2322: Type 'string' is not assignable to type 'Unit'.
../iso/measures.ts(79,5): error TS2322: Type 'string' is not assignable to type 'Unit'.
../iso/measures.ts(85,5): error TS2322: Type 'string' is not assignable to type 'Unit'.

11:14:17 AM - Found 4 errors. Watching for file changes.
[2J[3J[H11:35:12 AM - File change detected. Starting incremental compilation...

../iso/measures.ts(67,5): error TS2322: Type 'string' is not assignable to type 'Unit'.
../iso/measures.ts(73,5): error TS2322: Type 'string' is not assignable to type 'Unit'.
../iso/measures.ts(79,5): error TS2322: Type 'string' is not assignable to type 'Unit'.
../iso/measures.ts(85,5): error TS2322: Type 'string' is not assignable to type 'Unit'.

11:35:12 AM - Found 4 errors. Watching for file changes.
[2J[3J[H11:35:49 AM - File change detected. Starting incremental compilation...

../iso/measures.ts(73,5): error TS2322: Type 'string' is not assignable to type 'Unit'.
../iso/measures.ts(79,5): error TS2322: Type 'string' is not assignable to type 'Unit'.
../iso/measures.ts(85,5): error TS2322: Type 'string' is not assignable to type 'Unit'.

11:35:49 AM - Found 3 errors. Watching for file changes.
[2J[3J[H11:36:03 AM - File change detected. Starting incremental compilation...

../iso/measures.ts(73,5): error TS2322: Type 'string' is not assignable to type 'Unit'.
../iso/measures.ts(79,5): error TS2322: Type 'string' is not assignable to type 'Unit'.
../iso/measures.ts(85,5): error TS2322: Type 'string' is not assignable to type 'Unit'.

11:36:03 AM - Found 3 errors. Watching for file changes.
[2J[3J[H11:36:07 AM - File change detected. Starting incremental compilation...

../iso/measures.ts(73,5): error TS2322: Type 'string' is not assignable to type 'Unit'.
../iso/measures.ts(79,5): error TS2322: Type 'string' is not assignable to type 'Unit'.
../iso/measures.ts(85,5): error TS2322: Type 'string' is not assignable to type 'Unit'.

11:36:07 AM - Found 3 errors. Watching for file changes.
[2J[3J[H11:36:30 AM - File change detected. Starting incremental compilation...

../iso/measures.ts(79,5): error TS2322: Type 'string' is not assignable to type 'Unit'.
../iso/measures.ts(85,5): error TS2322: Type 'string' is not assignable to type 'Unit'.

11:36:30 AM - Found 2 errors. Watching for file changes.
[2J[3J[H11:36:41 AM - File change detected. Starting incremental compilation...

../iso/measures.ts(85,5): error TS2322: Type 'string' is not assignable to type 'Unit'.

11:36:41 AM - Found 1 error. Watching for file changes.
[2J[3J[H11:37:10 AM - File change detected. Starting incremental compilation...

../iso/measures.ts(89,5): error TS2322: Type 'string' is not assignable to type 'Unit'.

11:37:10 AM - Found 1 error. Watching for file changes.
[2J[3J[H11:37:36 AM - File change detected. Starting incremental compilation...

../iso/measures.ts(91,30): error TS1003: Identifier expected.
../iso/measures.ts(91,32): error TS1005: ':' expected.
../iso/measures.ts(91,44): error TS1003: Identifier expected.
../iso/measures.ts(91,45): error TS1005: ':' expected.
../iso/measures.ts(91,57): error TS1003: Identifier expected.
../iso/measures.ts(91,64): error TS1005: ':' expected.
../iso/measures.ts(91,66): error TS1005: '{' expected.
../iso/measures.ts(92,30): error TS1003: Identifier expected.
../iso/measures.ts(92,32): error TS1005: ':' expected.
../iso/measures.ts(92,44): error TS1003: Identifier expected.
../iso/measures.ts(92,45): error TS1005: ':' expected.
../iso/measures.ts(92,57): error TS1003: Identifier expected.
../iso/measures.ts(92,70): error TS1005: ':' expected.
../iso/measures.ts(92,72): error TS1005: '{' expected.
../iso/measures.ts(93,30): error TS1003: Identifier expected.
../iso/measures.ts(93,32): error TS1005: ':' expected.
../iso/measures.ts(93,44): error TS1003: Identifier expected.
../iso/measures.ts(93,45): error TS1005: ':' expected.
../iso/measures.ts(93,57): error TS1003: Identifier expected.
../iso/measures.ts(93,70): error TS1005: ':' expected.
../iso/measures.ts(93,72): error TS1005: '{' expected.
../iso/measures.ts(94,1): error TS1136: Property assignment expected.

11:37:36 AM - Found 22 errors. Watching for file changes.
[2J[3J[H11:37:42 AM - File change detected. Starting incremental compilation...


11:37:42 AM - Found 0 errors. Watching for file changes.
[2J[3J[H11:38:21 AM - File change detected. Starting incremental compilation...


11:38:21 AM - Found 0 errors. Watching for file changes.
[2J[3J[H11:38:29 AM - File change detected. Starting incremental compilation...


11:38:29 AM - Found 0 errors. Watching for file changes.
[2J[3J[H11:38:34 AM - File change detected. Starting incremental compilation...

../iso/measures.ts(58,5): error TS2353: Object literal may only specify known properties, and 'unit' does not exist in type 'Measure'.
../iso/measures.ts(70,5): error TS2353: Object literal may only specify known properties, and 'unit' does not exist in type 'Measure'.
../iso/measures.ts(76,5): error TS2353: Object literal may only specify known properties, and 'unit' does not exist in type 'Measure'.
../iso/measures.ts(82,5): error TS2353: Object literal may only specify known properties, and 'unit' does not exist in type 'Measure'.
../iso/measures.ts(88,5): error TS2353: Object literal may only specify known properties, and 'unit' does not exist in type 'Measure'.

11:38:34 AM - Found 5 errors. Watching for file changes.
[2J[3J[H11:39:11 AM - File change detected. Starting incremental compilation...


11:39:11 AM - Found 0 errors. Watching for file changes.
[2J[3J[H11:39:20 AM - File change detected. Starting incremental compilation...

../iso/measures.ts(88,18): error TS2322: Type '"sex"' is not assignable to type '"time" | "weight" | "distance" | "grade" | "sexatbirth"'.

11:39:20 AM - Found 1 error. Watching for file changes.
[2J[3J[H11:39:24 AM - File change detected. Starting incremental compilation...

../iso/measures.ts(88,18): error TS2322: Type '"sex"' is not assignable to type '"time" | "weight" | "distance" | "grade" | "sex-at-birth"'.

11:39:24 AM - Found 1 error. Watching for file changes.
[2J[3J[H11:39:29 AM - File change detected. Starting incremental compilation...


11:39:29 AM - Found 0 errors. Watching for file changes.
[2J[3J[H11:42:23 AM - File change detected. Starting incremental compilation...


11:42:23 AM - Found 0 errors. Watching for file changes.
[2J[3J[H2:26:49 PM - File change detected. Starting incremental compilation...


2:26:49 PM - Found 0 errors. Watching for file changes.
[2J[3J[H2:27:18 PM - File change detected. Starting incremental compilation...


2:27:18 PM - Found 0 errors. Watching for file changes.
[2J[3J[H2:31:03 PM - File change detected. Starting incremental compilation...


2:31:03 PM - Found 0 errors. Watching for file changes.
[2J[3J[H2:31:13 PM - File change detected. Starting incremental compilation...


2:31:13 PM - Found 0 errors. Watching for file changes.
[2J[3J[H2:31:37 PM - File change detected. Starting incremental compilation...


2:31:37 PM - Found 0 errors. Watching for file changes.
[2J[3J[H2:32:35 PM - File change detected. Starting incremental compilation...


2:32:35 PM - Found 0 errors. Watching for file changes.
[2J[3J[H2:33:44 PM - File change detected. Starting incremental compilation...

../iso/measures.ts(233,18): error TS2304: Cannot find name 'sportOrBoulder'.
../iso/measures.ts(233,36): error TS2304: Cannot find name 'gymOrOutside'.
../iso/measures.ts(233,52): error TS2304: Cannot find name 'stat'.
../iso/measures.ts(234,14): error TS2304: Cannot find name 'stat'.
../iso/measures.ts(234,22): error TS2304: Cannot find name 'sportOrBoulder'.
../iso/measures.ts(234,47): error TS2304: Cannot find name 'gymOrOutside'.
../iso/measures.ts(236,15): error TS2304: Cannot find name 'stat'.
../iso/measures.ts(248,11): error TS2304: Cannot find name 'stat'.
../iso/measures.ts(248,16): error TS1360: Type 'any' does not satisfy the expected type 'never'.
../iso/measures.ts(249,46): error TS2304: Cannot find name 'stat'.
../iso/measures.ts(254,13): error TS2304: Cannot find name 'sportOrBoulder'.

2:33:44 PM - Found 11 errors. Watching for file changes.
[2J[3J[H2:34:13 PM - File change detected. Starting incremental compilation...

../iso/measures.ts(237,14): error TS2304: Cannot find name 'stat'.
../iso/measures.ts(237,22): error TS2304: Cannot find name 'sportOrBoulder'.
../iso/measures.ts(237,47): error TS2304: Cannot find name 'gymOrOutside'.
../iso/measures.ts(239,15): error TS2304: Cannot find name 'stat'.
../iso/measures.ts(251,11): error TS2304: Cannot find name 'stat'.
../iso/measures.ts(251,16): error TS1360: Type 'any' does not satisfy the expected type 'never'.
../iso/measures.ts(252,46): error TS2304: Cannot find name 'stat'.
../iso/measures.ts(257,13): error TS2304: Cannot find name 'sportOrBoulder'.

2:34:13 PM - Found 8 errors. Watching for file changes.
[2J[3J[H2:34:34 PM - File change detected. Starting incremental compilation...

../iso/measures.ts(239,15): error TS2304: Cannot find name 'stat'.
../iso/measures.ts(251,11): error TS2304: Cannot find name 'stat'.
../iso/measures.ts(251,16): error TS1360: Type 'any' does not satisfy the expected type 'never'.
../iso/measures.ts(252,46): error TS2304: Cannot find name 'stat'.
../iso/measures.ts(257,13): error TS2304: Cannot find name 'sportOrBoulder'.

2:34:34 PM - Found 5 errors. Watching for file changes.
[2J[3J[H2:35:13 PM - File change detected. Starting incremental compilation...


2:35:13 PM - Found 0 errors. Watching for file changes.
[2J[3J[H2:35:15 PM - File change detected. Starting incremental compilation...


2:35:15 PM - Found 0 errors. Watching for file changes.
[2J[3J[H2:35:32 PM - File change detected. Starting incremental compilation...

../iso/measures.ts(248,61): error TS18004: No value exists in scope for the shorthand property 'stat'. Either declare one or provide an initializer.

2:35:32 PM - Found 1 error. Watching for file changes.
[2J[3J[H2:35:42 PM - File change detected. Starting incremental compilation...

../iso/measures.ts(248,61): error TS18004: No value exists in scope for the shorthand property 'stat'. Either declare one or provide an initializer.

2:35:42 PM - Found 1 error. Watching for file changes.
[2J[3J[H2:36:30 PM - File change detected. Starting incremental compilation...

../iso/measures.ts(250,41): error TS1002: Unterminated string literal.
../iso/measures.ts(251,5): error TS1005: ',' expected.
../iso/measures.ts(253,6): error TS1005: ',' expected.
../iso/measures.ts(254,3): error TS1137: Expression or comma expected.
../iso/measures.ts(255,1): error TS1128: Declaration or statement expected.

2:36:30 PM - Found 5 errors. Watching for file changes.
[2J[3J[H2:36:38 PM - File change detected. Starting incremental compilation...

../iso/measures.ts(252,41): error TS1002: Unterminated string literal.
../iso/measures.ts(253,5): error TS1005: ',' expected.
../iso/measures.ts(255,6): error TS1005: ',' expected.
../iso/measures.ts(256,3): error TS1137: Expression or comma expected.
../iso/measures.ts(257,1): error TS1128: Declaration or statement expected.

2:36:38 PM - Found 5 errors. Watching for file changes.
[2J[3J[H2:37:07 PM - File change detected. Starting incremental compilation...

../iso/measures.ts(254,30): error TS1005: ')' expected.
../iso/measures.ts(254,35): error TS1134: Variable declaration expected.
../iso/measures.ts(255,13): error TS1005: ',' expected.
../iso/measures.ts(255,18): error TS1005: ',' expected.
../iso/measures.ts(257,5): error TS1109: Expression expected.
../iso/measures.ts(259,1): error TS1128: Declaration or statement expected.

2:37:07 PM - Found 6 errors. Watching for file changes.
[2J[3J[H2:37:19 PM - File change detected. Starting incremental compilation...

../iso/measures.ts(254,30): error TS1005: ')' expected.
../iso/measures.ts(254,35): error TS1134: Variable declaration expected.
../iso/measures.ts(255,13): error TS1005: ',' expected.
../iso/measures.ts(255,18): error TS1005: ',' expected.
../iso/measures.ts(257,5): error TS1109: Expression expected.
../iso/measures.ts(259,1): error TS1128: Declaration or statement expected.

2:37:19 PM - Found 6 errors. Watching for file changes.
[2J[3J[H2:37:24 PM - File change detected. Starting incremental compilation...

../iso/measures.ts(256,47): error TS18004: No value exists in scope for the shorthand property 'gymOrOutside'. Either declare one or provide an initializer.
../iso/measures.ts(256,61): error TS18004: No value exists in scope for the shorthand property 'stat'. Either declare one or provide an initializer.

2:37:24 PM - Found 2 errors. Watching for file changes.
[2J[3J[H2:37:35 PM - File change detected. Starting incremental compilation...


2:37:35 PM - Found 0 errors. Watching for file changes.
[2J[3J[H2:37:39 PM - File change detected. Starting incremental compilation...


2:37:39 PM - Found 0 errors. Watching for file changes.
[2J[3J[H2:38:08 PM - File change detected. Starting incremental compilation...


2:38:08 PM - Found 0 errors. Watching for file changes.
[2J[3J[H2:47:02 PM - File change detected. Starting incremental compilation...

app.ts(35,11): error TS2322: Type 'SnapshotDoc | null' is not assignable to type 'BackendObject<Snapshot> | null'.
  Property 'responses' is missing in type 'SnapshotDoc' but required in type 'BackendObject<Snapshot>'.
app.ts(58,11): error TS2322: Type 'SnapshotDoc[]' is not assignable to type 'BackendObject<Snapshot>[]'.
  Property 'responses' is missing in type 'SnapshotDoc' but required in type 'BackendObject<Snapshot>'.
app.ts(96,11): error TS2322: Type 'SnapshotDoc[]' is not assignable to type 'BackendObject<Snapshot>[]'.
  Property 'responses' is missing in type 'SnapshotDoc' but required in type 'BackendObject<Snapshot>'.
../iso/protocol.ts(14,13): error TS2304: Cannot find name 'Unit'.

2:47:02 PM - Found 4 errors. Watching for file changes.
[2J[3J[H2:47:30 PM - File change detected. Starting incremental compilation...

app.ts(35,11): error TS2322: Type 'SnapshotDoc | null' is not assignable to type 'BackendObject<Snapshot> | null'.
  Property 'responses' is missing in type 'SnapshotDoc' but required in type 'BackendObject<Snapshot>'.
app.ts(58,11): error TS2322: Type 'SnapshotDoc[]' is not assignable to type 'BackendObject<Snapshot>[]'.
  Property 'responses' is missing in type 'SnapshotDoc' but required in type 'BackendObject<Snapshot>'.
app.ts(96,11): error TS2322: Type 'SnapshotDoc[]' is not assignable to type 'BackendObject<Snapshot>[]'.
  Property 'responses' is missing in type 'SnapshotDoc' but required in type 'BackendObject<Snapshot>'.

2:47:30 PM - Found 3 errors. Watching for file changes.
[2J[3J[H2:47:32 PM - File change detected. Starting incremental compilation...

app.ts(35,11): error TS2322: Type 'SnapshotDoc | null' is not assignable to type 'BackendObject<Snapshot> | null'.
  Property 'responses' is missing in type 'SnapshotDoc' but required in type 'BackendObject<Snapshot>'.
app.ts(58,11): error TS2322: Type 'SnapshotDoc[]' is not assignable to type 'BackendObject<Snapshot>[]'.
  Property 'responses' is missing in type 'SnapshotDoc' but required in type 'BackendObject<Snapshot>'.
app.ts(96,11): error TS2322: Type 'SnapshotDoc[]' is not assignable to type 'BackendObject<Snapshot>[]'.
  Property 'responses' is missing in type 'SnapshotDoc' but required in type 'BackendObject<Snapshot>'.

2:47:33 PM - Found 3 errors. Watching for file changes.
[2J[3J[H2:47:34 PM - File change detected. Starting incremental compilation...

app.ts(35,11): error TS2322: Type 'SnapshotDoc | null' is not assignable to type 'BackendObject<Snapshot> | null'.
  Property 'responses' is missing in type 'SnapshotDoc' but required in type 'BackendObject<Snapshot>'.
app.ts(58,11): error TS2322: Type 'SnapshotDoc[]' is not assignable to type 'BackendObject<Snapshot>[]'.
  Property 'responses' is missing in type 'SnapshotDoc' but required in type 'BackendObject<Snapshot>'.
app.ts(96,11): error TS2322: Type 'SnapshotDoc[]' is not assignable to type 'BackendObject<Snapshot>[]'.
  Property 'responses' is missing in type 'SnapshotDoc' but required in type 'BackendObject<Snapshot>'.

2:47:34 PM - Found 3 errors. Watching for file changes.
[2J[3J[H2:48:06 PM - File change detected. Starting incremental compilation...

app.ts(35,11): error TS2322: Type 'SnapshotDoc | null' is not assignable to type 'BackendObject<Snapshot> | null'.
  Property 'responses' is missing in type 'SnapshotDoc' but required in type 'BackendObject<Snapshot>'.
app.ts(58,11): error TS2322: Type 'SnapshotDoc[]' is not assignable to type 'BackendObject<Snapshot>[]'.
  Property 'responses' is missing in type 'SnapshotDoc' but required in type 'BackendObject<Snapshot>'.
app.ts(96,11): error TS2322: Type 'SnapshotDoc[]' is not assignable to type 'BackendObject<Snapshot>[]'.
  Property 'responses' is missing in type 'SnapshotDoc' but required in type 'BackendObject<Snapshot>'.

2:48:06 PM - Found 3 errors. Watching for file changes.
[2J[3J[H2:48:14 PM - File change detected. Starting incremental compilation...

app.ts(35,11): error TS2322: Type 'SnapshotDoc | null' is not assignable to type 'BackendObject<Snapshot> | null'.
  Property 'responses' is missing in type 'SnapshotDoc' but required in type 'BackendObject<Snapshot>'.
app.ts(58,11): error TS2322: Type 'SnapshotDoc[]' is not assignable to type 'BackendObject<Snapshot>[]'.
  Property 'responses' is missing in type 'SnapshotDoc' but required in type 'BackendObject<Snapshot>'.
app.ts(96,11): error TS2322: Type 'SnapshotDoc[]' is not assignable to type 'BackendObject<Snapshot>[]'.
  Property 'responses' is missing in type 'SnapshotDoc' but required in type 'BackendObject<Snapshot>'.

2:48:14 PM - Found 3 errors. Watching for file changes.
[2J[3J[H2:48:22 PM - File change detected. Starting incremental compilation...

app.ts(35,11): error TS2322: Type 'SnapshotDoc | null' is not assignable to type 'BackendObject<Snapshot> | null'.
  Property 'responses' is missing in type 'SnapshotDoc' but required in type 'BackendObject<Snapshot>'.
app.ts(58,11): error TS2322: Type 'SnapshotDoc[]' is not assignable to type 'BackendObject<Snapshot>[]'.
  Property 'responses' is missing in type 'SnapshotDoc' but required in type 'BackendObject<Snapshot>'.
app.ts(96,11): error TS2322: Type 'SnapshotDoc[]' is not assignable to type 'BackendObject<Snapshot>[]'.
  Property 'responses' is missing in type 'SnapshotDoc' but required in type 'BackendObject<Snapshot>'.

2:48:22 PM - Found 3 errors. Watching for file changes.
[2J[3J[H2:52:23 PM - File change detected. Starting incremental compilation...

app.ts(35,11): error TS2322: Type 'SnapshotDoc | null' is not assignable to type 'BackendObject<Snapshot> | null'.
  Type 'SnapshotDoc' is not assignable to type 'BackendObject<Snapshot>'.
    Types of property 'measures' are incompatible.
      Type '{ [measureId: MeasureId]: number; }' is not assignable to type 'BackendObject<{ [measureId: MeasureId]: { normalziedValue: number; value: number; dimension: Dimension; }; }>'.
        'MeasureId' index signatures are incompatible.
          Type 'number' is not assignable to type 'BackendObject<{ normalziedValue: number; value: number; dimension: Dimension; }>'.
app.ts(58,11): error TS2322: Type 'SnapshotDoc[]' is not assignable to type 'BackendObject<Snapshot>[]'.
  Type 'SnapshotDoc' is not assignable to type 'BackendObject<Snapshot>'.
    Types of property 'measures' are incompatible.
      Type '{ [measureId: MeasureId]: number; }' is not assignable to type 'BackendObject<{ [measureId: MeasureId]: { normalziedValue: number; value: number; dimension: Dimension; }; }>'.
        'MeasureId' index signatures are incompatible.
          Type 'number' is not assignable to type 'BackendObject<{ normalziedValue: number; value: number; dimension: Dimension; }>'.
app.ts(96,11): error TS2322: Type 'SnapshotDoc[]' is not assignable to type 'BackendObject<Snapshot>[]'.
  Type 'SnapshotDoc' is not assignable to type 'BackendObject<Snapshot>'.
    Types of property 'measures' are incompatible.
      Type '{ [measureId: MeasureId]: number; }' is not assignable to type 'BackendObject<{ [measureId: MeasureId]: { normalziedValue: number; value: number; dimension: Dimension; }; }>'.
        'MeasureId' index signatures are incompatible.
          Type 'number' is not assignable to type 'BackendObject<{ normalziedValue: number; value: number; dimension: Dimension; }>'.

2:52:23 PM - Found 3 errors. Watching for file changes.
[2J[3J[H2:56:28 PM - File change detected. Starting incremental compilation...

app.ts(35,11): error TS2322: Type 'SnapshotDoc | null' is not assignable to type 'BackendObject<Snapshot> | null'.
  Property 'measureIndex' is missing in type 'SnapshotDoc' but required in type 'BackendObject<Snapshot>'.
app.ts(58,11): error TS2322: Type 'SnapshotDoc[]' is not assignable to type 'BackendObject<Snapshot>[]'.
  Property 'measureIndex' is missing in type 'SnapshotDoc' but required in type 'BackendObject<Snapshot>'.
app.ts(96,11): error TS2322: Type 'SnapshotDoc[]' is not assignable to type 'BackendObject<Snapshot>[]'.
  Property 'measureIndex' is missing in type 'SnapshotDoc' but required in type 'BackendObject<Snapshot>'.

2:56:28 PM - Found 3 errors. Watching for file changes.
[2J[3J[H2:56:36 PM - File change detected. Starting incremental compilation...

app.ts(35,11): error TS2322: Type 'SnapshotDoc | null' is not assignable to type 'BackendObject<Snapshot> | null'.
  Property 'measureIndex' is missing in type 'SnapshotDoc' but required in type 'BackendObject<Snapshot>'.
app.ts(58,11): error TS2322: Type 'SnapshotDoc[]' is not assignable to type 'BackendObject<Snapshot>[]'.
  Property 'measureIndex' is missing in type 'SnapshotDoc' but required in type 'BackendObject<Snapshot>'.
app.ts(96,11): error TS2322: Type 'SnapshotDoc[]' is not assignable to type 'BackendObject<Snapshot>[]'.
  Property 'measureIndex' is missing in type 'SnapshotDoc' but required in type 'BackendObject<Snapshot>'.

2:56:36 PM - Found 3 errors. Watching for file changes.
[2J[3J[H2:56:57 PM - File change detected. Starting incremental compilation...

app.ts(35,11): error TS2322: Type 'SnapshotDoc | null' is not assignable to type 'BackendObject<Snapshot> | null'.
  Property 'measureIndex' is missing in type 'SnapshotDoc' but required in type 'BackendObject<Snapshot>'.
app.ts(58,11): error TS2322: Type 'SnapshotDoc[]' is not assignable to type 'BackendObject<Snapshot>[]'.
  Property 'measureIndex' is missing in type 'SnapshotDoc' but required in type 'BackendObject<Snapshot>'.
app.ts(96,11): error TS2322: Type 'SnapshotDoc[]' is not assignable to type 'BackendObject<Snapshot>[]'.
  Property 'measureIndex' is missing in type 'SnapshotDoc' but required in type 'BackendObject<Snapshot>'.

2:56:57 PM - Found 3 errors. Watching for file changes.
[2J[3J[H7:33:41 PM - File change detected. Starting incremental compilation...

app.ts(35,11): error TS2322: Type 'SnapshotDoc | null' is not assignable to type 'BackendObject<Snapshot> | null'.
  Property 'measureIndex' is missing in type 'SnapshotDoc' but required in type 'BackendObject<Snapshot>'.
app.ts(58,11): error TS2322: Type 'SnapshotDoc[]' is not assignable to type 'BackendObject<Snapshot>[]'.
  Property 'measureIndex' is missing in type 'SnapshotDoc' but required in type 'BackendObject<Snapshot>'.
app.ts(96,11): error TS2322: Type 'SnapshotDoc[]' is not assignable to type 'BackendObject<Snapshot>[]'.
  Property 'measureIndex' is missing in type 'SnapshotDoc' but required in type 'BackendObject<Snapshot>'.

7:33:41 PM - Found 3 errors. Watching for file changes.
[2J[3J[H7:34:48 PM - File change detected. Starting incremental compilation...

../iso/protocol.ts(21,3): error TS1131: Property or signature expected.
../iso/protocol.ts(21,5): error TS1131: Property or signature expected.
../iso/protocol.ts(21,12): error TS1011: An element access expression should take an argument.
../iso/protocol.ts(25,1): error TS1128: Declaration or statement expected.

7:34:48 PM - Found 4 errors. Watching for file changes.
[2J[3J[H7:35:00 PM - File change detected. Starting incremental compilation...

app.ts(35,11): error TS2322: Type 'SnapshotDoc | null' is not assignable to type 'BackendObject<Snapshot> | null'.
  Property 'measureStrs' is missing in type 'SnapshotDoc' but required in type 'BackendObject<Snapshot>'.
app.ts(58,11): error TS2322: Type 'SnapshotDoc[]' is not assignable to type 'BackendObject<Snapshot>[]'.
  Property 'measureStrs' is missing in type 'SnapshotDoc' but required in type 'BackendObject<Snapshot>'.
app.ts(96,11): error TS2322: Type 'SnapshotDoc[]' is not assignable to type 'BackendObject<Snapshot>[]'.
  Property 'measureStrs' is missing in type 'SnapshotDoc' but required in type 'BackendObject<Snapshot>'.

7:35:00 PM - Found 3 errors. Watching for file changes.
[2J[3J[H7:40:22 PM - File change detected. Starting incremental compilation...

app.ts(10,23): error TS2305: Module '"../iso/protocol.js"' has no exported member 'MeasureId'.
app.ts(35,11): error TS2322: Type 'SnapshotDoc | null' is not assignable to type 'BackendObject<Snapshot> | null'.
  Property 'measureStrs' is missing in type 'SnapshotDoc' but required in type 'BackendObject<Snapshot>'.
app.ts(58,11): error TS2322: Type 'SnapshotDoc[]' is not assignable to type 'BackendObject<Snapshot>[]'.
  Property 'measureStrs' is missing in type 'SnapshotDoc' but required in type 'BackendObject<Snapshot>'.
app.ts(75,19): error TS7053: Element implicitly has an 'any' type because expression of type 'MeasureId' can't be used to index type 'FilterQuery'.
app.ts(96,11): error TS2322: Type 'SnapshotDoc[]' is not assignable to type 'BackendObject<Snapshot>[]'.
  Property 'measureStrs' is missing in type 'SnapshotDoc' but required in type 'BackendObject<Snapshot>'.
models/snapshots.ts(2,18): error TS2305: Module '"../../iso/protocol.js"' has no exported member 'MeasureId'.
models/snapshots.ts(9,6): error TS1268: An index signature parameter type must be 'string', 'number', 'symbol', or a template literal type.
models/snapshots.ts(21,4): error TS1268: An index signature parameter type must be 'string', 'number', 'symbol', or a template literal type.
models/snapshots.ts(81,27): error TS7053: Element implicitly has an 'any' type because expression of type 'MeasureId' can't be used to index type 'MeasurementQuery'.
../iso/measures.ts(1,15): error TS2305: Module '"./protocol.js"' has no exported member 'MeasureId'.
../iso/protocol.ts(1,15): error TS2724: '"./units.js"' has no exported member named 'MeasureI'. Did you mean 'MeasureId'?
../iso/protocol.ts(10,6): error TS1268: An index signature parameter type must be 'string', 'number', 'symbol', or a template literal type.
../iso/protocol.ts(10,17): error TS2304: Cannot find name 'MeasureId'.
../iso/protocol.ts(59,30): error TS1268: An index signature parameter type must be 'string', 'number', 'symbol', or a template literal type.
../iso/protocol.ts(59,41): error TS2304: Cannot find name 'MeasureId'.

7:40:22 PM - Found 15 errors. Watching for file changes.
[2J[3J[H7:40:25 PM - File change detected. Starting incremental compilation...

app.ts(10,23): error TS2459: Module '"../iso/protocol.js"' declares 'MeasureId' locally, but it is not exported.
app.ts(35,11): error TS2322: Type 'SnapshotDoc | null' is not assignable to type 'BackendObject<Snapshot> | null'.
  Property 'measureStrs' is missing in type 'SnapshotDoc' but required in type 'BackendObject<Snapshot>'.
app.ts(58,11): error TS2322: Type 'SnapshotDoc[]' is not assignable to type 'BackendObject<Snapshot>[]'.
  Property 'measureStrs' is missing in type 'SnapshotDoc' but required in type 'BackendObject<Snapshot>'.
app.ts(96,11): error TS2322: Type 'SnapshotDoc[]' is not assignable to type 'BackendObject<Snapshot>[]'.
  Property 'measureStrs' is missing in type 'SnapshotDoc' but required in type 'BackendObject<Snapshot>'.
models/snapshots.ts(2,18): error TS2459: Module '"../../iso/protocol.js"' declares 'MeasureId' locally, but it is not exported.
models/snapshots.ts(9,6): error TS1268: An index signature parameter type must be 'string', 'number', 'symbol', or a template literal type.
models/snapshots.ts(21,4): error TS1268: An index signature parameter type must be 'string', 'number', 'symbol', or a template literal type.
models/snapshots.ts(81,27): error TS7053: Element implicitly has an 'any' type because expression of type 'MeasureId' can't be used to index type 'MeasurementQuery'.
../iso/measures.ts(1,15): error TS2459: Module '"./protocol.js"' declares 'MeasureId' locally, but it is not exported.

7:40:25 PM - Found 9 errors. Watching for file changes.
[2J[3J[H7:40:42 PM - File change detected. Starting incremental compilation...

app.ts(10,23): error TS2459: Module '"../iso/protocol.js"' declares 'MeasureId' locally, but it is not exported.
app.ts(35,11): error TS2322: Type 'SnapshotDoc | null' is not assignable to type 'BackendObject<Snapshot> | null'.
  Property 'measureStrs' is missing in type 'SnapshotDoc' but required in type 'BackendObject<Snapshot>'.
app.ts(58,11): error TS2322: Type 'SnapshotDoc[]' is not assignable to type 'BackendObject<Snapshot>[]'.
  Property 'measureStrs' is missing in type 'SnapshotDoc' but required in type 'BackendObject<Snapshot>'.
app.ts(96,11): error TS2322: Type 'SnapshotDoc[]' is not assignable to type 'BackendObject<Snapshot>[]'.
  Property 'measureStrs' is missing in type 'SnapshotDoc' but required in type 'BackendObject<Snapshot>'.
models/snapshots.ts(2,18): error TS2459: Module '"../../iso/protocol.js"' declares 'MeasureId' locally, but it is not exported.
models/snapshots.ts(9,6): error TS1268: An index signature parameter type must be 'string', 'number', 'symbol', or a template literal type.
models/snapshots.ts(21,4): error TS1268: An index signature parameter type must be 'string', 'number', 'symbol', or a template literal type.
models/snapshots.ts(81,27): error TS7053: Element implicitly has an 'any' type because expression of type 'MeasureId' can't be used to index type 'MeasurementQuery'.
../iso/measures.ts(1,15): error TS2459: Module '"./protocol.js"' declares 'MeasureId' locally, but it is not exported.

7:40:42 PM - Found 9 errors. Watching for file changes.
[2J[3J[H7:41:10 PM - File change detected. Starting incremental compilation...

app.ts(10,23): error TS2459: Module '"../iso/protocol.js"' declares 'MeasureId' locally, but it is not exported.
app.ts(35,11): error TS2322: Type 'SnapshotDoc | null' is not assignable to type 'BackendObject<Snapshot> | null'.
  Property 'measureStrs' is missing in type 'SnapshotDoc' but required in type 'BackendObject<Snapshot>'.
app.ts(58,11): error TS2322: Type 'SnapshotDoc[]' is not assignable to type 'BackendObject<Snapshot>[]'.
  Property 'measureStrs' is missing in type 'SnapshotDoc' but required in type 'BackendObject<Snapshot>'.
app.ts(96,11): error TS2322: Type 'SnapshotDoc[]' is not assignable to type 'BackendObject<Snapshot>[]'.
  Property 'measureStrs' is missing in type 'SnapshotDoc' but required in type 'BackendObject<Snapshot>'.
models/snapshots.ts(2,18): error TS2459: Module '"../../iso/protocol.js"' declares 'MeasureId' locally, but it is not exported.
models/snapshots.ts(9,6): error TS1268: An index signature parameter type must be 'string', 'number', 'symbol', or a template literal type.
models/snapshots.ts(21,4): error TS1268: An index signature parameter type must be 'string', 'number', 'symbol', or a template literal type.
models/snapshots.ts(81,27): error TS7053: Element implicitly has an 'any' type because expression of type 'MeasureId' can't be used to index type 'MeasurementQuery'.
../iso/measures.ts(1,15): error TS2459: Module '"./protocol.js"' declares 'MeasureId' locally, but it is not exported.

7:41:11 PM - Found 9 errors. Watching for file changes.
[2J[3J[H7:41:42 PM - File change detected. Starting incremental compilation...

app.ts(10,23): error TS2459: Module '"../iso/protocol.js"' declares 'MeasureId' locally, but it is not exported.
app.ts(35,11): error TS2322: Type 'SnapshotDoc | null' is not assignable to type 'BackendObject<Snapshot> | null'.
  Property 'measureStrs' is missing in type 'SnapshotDoc' but required in type 'BackendObject<Snapshot>'.
app.ts(58,11): error TS2322: Type 'SnapshotDoc[]' is not assignable to type 'BackendObject<Snapshot>[]'.
  Property 'measureStrs' is missing in type 'SnapshotDoc' but required in type 'BackendObject<Snapshot>'.
app.ts(96,11): error TS2322: Type 'SnapshotDoc[]' is not assignable to type 'BackendObject<Snapshot>[]'.
  Property 'measureStrs' is missing in type 'SnapshotDoc' but required in type 'BackendObject<Snapshot>'.
models/snapshots.ts(2,18): error TS2459: Module '"../../iso/protocol.js"' declares 'MeasureId' locally, but it is not exported.
models/snapshots.ts(9,6): error TS1268: An index signature parameter type must be 'string', 'number', 'symbol', or a template literal type.
models/snapshots.ts(21,4): error TS1268: An index signature parameter type must be 'string', 'number', 'symbol', or a template literal type.
models/snapshots.ts(81,27): error TS7053: Element implicitly has an 'any' type because expression of type 'MeasureId' can't be used to index type 'MeasurementQuery'.
../iso/measures.ts(1,15): error TS2459: Module '"./protocol.js"' declares 'MeasureId' locally, but it is not exported.

7:41:42 PM - Found 9 errors. Watching for file changes.
[2J[3J[H7:42:34 PM - File change detected. Starting incremental compilation...

app.ts(10,23): error TS2459: Module '"../iso/protocol.js"' declares 'MeasureId' locally, but it is not exported.
app.ts(35,11): error TS2322: Type 'SnapshotDoc | null' is not assignable to type 'BackendObject<Snapshot> | null'.
  Property 'measureStrs' is missing in type 'SnapshotDoc' but required in type 'BackendObject<Snapshot>'.
app.ts(58,11): error TS2322: Type 'SnapshotDoc[]' is not assignable to type 'BackendObject<Snapshot>[]'.
  Property 'measureStrs' is missing in type 'SnapshotDoc' but required in type 'BackendObject<Snapshot>'.
app.ts(96,11): error TS2322: Type 'SnapshotDoc[]' is not assignable to type 'BackendObject<Snapshot>[]'.
  Property 'measureStrs' is missing in type 'SnapshotDoc' but required in type 'BackendObject<Snapshot>'.
models/snapshots.ts(2,18): error TS2459: Module '"../../iso/protocol.js"' declares 'MeasureId' locally, but it is not exported.
models/snapshots.ts(9,6): error TS1268: An index signature parameter type must be 'string', 'number', 'symbol', or a template literal type.
models/snapshots.ts(21,4): error TS1268: An index signature parameter type must be 'string', 'number', 'symbol', or a template literal type.
models/snapshots.ts(81,27): error TS7053: Element implicitly has an 'any' type because expression of type 'MeasureId' can't be used to index type 'MeasurementQuery'.
../iso/measures.ts(1,15): error TS2459: Module '"./protocol.js"' declares 'MeasureId' locally, but it is not exported.

7:42:34 PM - Found 9 errors. Watching for file changes.
[2J[3J[H7:42:51 PM - File change detected. Starting incremental compilation...

app.ts(10,23): error TS2459: Module '"../iso/protocol.js"' declares 'MeasureId' locally, but it is not exported.
app.ts(35,11): error TS2322: Type 'SnapshotDoc | null' is not assignable to type 'BackendObject<Snapshot> | null'.
  Property 'measureStrs' is missing in type 'SnapshotDoc' but required in type 'BackendObject<Snapshot>'.
app.ts(58,11): error TS2322: Type 'SnapshotDoc[]' is not assignable to type 'BackendObject<Snapshot>[]'.
  Property 'measureStrs' is missing in type 'SnapshotDoc' but required in type 'BackendObject<Snapshot>'.
app.ts(96,11): error TS2322: Type 'SnapshotDoc[]' is not assignable to type 'BackendObject<Snapshot>[]'.
  Property 'measureStrs' is missing in type 'SnapshotDoc' but required in type 'BackendObject<Snapshot>'.
models/snapshots.ts(2,18): error TS2459: Module '"../../iso/protocol.js"' declares 'MeasureId' locally, but it is not exported.
models/snapshots.ts(9,6): error TS1268: An index signature parameter type must be 'string', 'number', 'symbol', or a template literal type.
models/snapshots.ts(21,4): error TS1268: An index signature parameter type must be 'string', 'number', 'symbol', or a template literal type.
models/snapshots.ts(81,27): error TS7053: Element implicitly has an 'any' type because expression of type 'MeasureId' can't be used to index type 'MeasurementQuery'.
../iso/measures.ts(1,15): error TS2459: Module '"./protocol.js"' declares 'MeasureId' locally, but it is not exported.
../iso/units.ts(21,58): error TS2355: A function whose declared type is neither 'undefined', 'void', nor 'any' must return a value.

7:42:51 PM - Found 10 errors. Watching for file changes.
[2J[3J[H7:43:05 PM - File change detected. Starting incremental compilation...

app.ts(10,23): error TS2459: Module '"../iso/protocol.js"' declares 'MeasureId' locally, but it is not exported.
app.ts(35,11): error TS2322: Type 'SnapshotDoc | null' is not assignable to type 'BackendObject<Snapshot> | null'.
  Property 'measureStrs' is missing in type 'SnapshotDoc' but required in type 'BackendObject<Snapshot>'.
app.ts(58,11): error TS2322: Type 'SnapshotDoc[]' is not assignable to type 'BackendObject<Snapshot>[]'.
  Property 'measureStrs' is missing in type 'SnapshotDoc' but required in type 'BackendObject<Snapshot>'.
app.ts(96,11): error TS2322: Type 'SnapshotDoc[]' is not assignable to type 'BackendObject<Snapshot>[]'.
  Property 'measureStrs' is missing in type 'SnapshotDoc' but required in type 'BackendObject<Snapshot>'.
models/snapshots.ts(2,18): error TS2459: Module '"../../iso/protocol.js"' declares 'MeasureId' locally, but it is not exported.
models/snapshots.ts(9,6): error TS1268: An index signature parameter type must be 'string', 'number', 'symbol', or a template literal type.
models/snapshots.ts(21,4): error TS1268: An index signature parameter type must be 'string', 'number', 'symbol', or a template literal type.
models/snapshots.ts(81,27): error TS7053: Element implicitly has an 'any' type because expression of type 'MeasureId' can't be used to index type 'MeasurementQuery'.
../iso/measures.ts(1,15): error TS2459: Module '"./protocol.js"' declares 'MeasureId' locally, but it is not exported.
../iso/units.ts(21,58): error TS2355: A function whose declared type is neither 'undefined', 'void', nor 'any' must return a value.

7:43:05 PM - Found 10 errors. Watching for file changes.
[2J[3J[H7:44:04 PM - File change detected. Starting incremental compilation...

../iso/units.ts(24,1): error TS1003: Identifier expected.

7:44:04 PM - Found 1 error. Watching for file changes.
[2J[3J[H7:46:30 PM - File change detected. Starting incremental compilation...

app.ts(10,23): error TS2459: Module '"../iso/protocol.js"' declares 'MeasureId' locally, but it is not exported.
app.ts(35,11): error TS2322: Type 'SnapshotDoc | null' is not assignable to type 'BackendObject<Snapshot> | null'.
  Property 'measureStrs' is missing in type 'SnapshotDoc' but required in type 'BackendObject<Snapshot>'.
app.ts(58,11): error TS2322: Type 'SnapshotDoc[]' is not assignable to type 'BackendObject<Snapshot>[]'.
  Property 'measureStrs' is missing in type 'SnapshotDoc' but required in type 'BackendObject<Snapshot>'.
app.ts(96,11): error TS2322: Type 'SnapshotDoc[]' is not assignable to type 'BackendObject<Snapshot>[]'.
  Property 'measureStrs' is missing in type 'SnapshotDoc' but required in type 'BackendObject<Snapshot>'.
models/snapshots.ts(2,18): error TS2459: Module '"../../iso/protocol.js"' declares 'MeasureId' locally, but it is not exported.
models/snapshots.ts(9,6): error TS1268: An index signature parameter type must be 'string', 'number', 'symbol', or a template literal type.
models/snapshots.ts(21,4): error TS1268: An index signature parameter type must be 'string', 'number', 'symbol', or a template literal type.
models/snapshots.ts(81,27): error TS7053: Element implicitly has an 'any' type because expression of type 'MeasureId' can't be used to index type 'MeasurementQuery'.
../iso/measures.ts(1,15): error TS2459: Module '"./protocol.js"' declares 'MeasureId' locally, but it is not exported.
../iso/units.ts(24,3): error TS2322: Type 'string' is not assignable to type 'MeasureStr'.
  Type 'string' is not assignable to type '{ __brand: "MeasureStr"; }'.
../iso/units.ts(24,18): error TS2339: Property 'measureId' does not exist on type 'MeasureValue'.
../iso/units.ts(27,63): error TS2355: A function whose declared type is neither 'undefined', 'void', nor 'any' must return a value.

7:46:30 PM - Found 12 errors. Watching for file changes.
[2J[3J[H7:47:57 PM - File change detected. Starting incremental compilation...

app.ts(10,23): error TS2459: Module '"../iso/protocol.js"' declares 'MeasureId' locally, but it is not exported.
app.ts(35,11): error TS2322: Type 'SnapshotDoc | null' is not assignable to type 'BackendObject<Snapshot> | null'.
  Property 'measureStrs' is missing in type 'SnapshotDoc' but required in type 'BackendObject<Snapshot>'.
app.ts(58,11): error TS2322: Type 'SnapshotDoc[]' is not assignable to type 'BackendObject<Snapshot>[]'.
  Property 'measureStrs' is missing in type 'SnapshotDoc' but required in type 'BackendObject<Snapshot>'.
app.ts(96,11): error TS2322: Type 'SnapshotDoc[]' is not assignable to type 'BackendObject<Snapshot>[]'.
  Property 'measureStrs' is missing in type 'SnapshotDoc' but required in type 'BackendObject<Snapshot>'.
models/snapshots.ts(2,18): error TS2459: Module '"../../iso/protocol.js"' declares 'MeasureId' locally, but it is not exported.
models/snapshots.ts(9,6): error TS1268: An index signature parameter type must be 'string', 'number', 'symbol', or a template literal type.
models/snapshots.ts(21,4): error TS1268: An index signature parameter type must be 'string', 'number', 'symbol', or a template literal type.
models/snapshots.ts(81,27): error TS7053: Element implicitly has an 'any' type because expression of type 'MeasureId' can't be used to index type 'MeasurementQuery'.
../iso/measures.ts(1,15): error TS2459: Module '"./protocol.js"' declares 'MeasureId' locally, but it is not exported.
../iso/units.ts(25,3): error TS2322: Type 'string' is not assignable to type 'MeasureStr'.
  Type 'string' is not assignable to type '{ __brand: "MeasureStr"; }'.
../iso/units.ts(25,18): error TS2339: Property 'measureId' does not exist on type 'MeasureValue'.
../iso/units.ts(28,63): error TS2366: Function lacks ending return statement and return type does not include 'undefined'.

7:47:57 PM - Found 12 errors. Watching for file changes.
[2J[3J[H7:48:40 PM - File change detected. Starting incremental compilation...

app.ts(10,23): error TS2459: Module '"../iso/protocol.js"' declares 'MeasureId' locally, but it is not exported.
app.ts(35,11): error TS2322: Type 'SnapshotDoc | null' is not assignable to type 'BackendObject<Snapshot> | null'.
  Property 'measureStrs' is missing in type 'SnapshotDoc' but required in type 'BackendObject<Snapshot>'.
app.ts(58,11): error TS2322: Type 'SnapshotDoc[]' is not assignable to type 'BackendObject<Snapshot>[]'.
  Property 'measureStrs' is missing in type 'SnapshotDoc' but required in type 'BackendObject<Snapshot>'.
app.ts(96,11): error TS2322: Type 'SnapshotDoc[]' is not assignable to type 'BackendObject<Snapshot>[]'.
  Property 'measureStrs' is missing in type 'SnapshotDoc' but required in type 'BackendObject<Snapshot>'.
models/snapshots.ts(2,18): error TS2459: Module '"../../iso/protocol.js"' declares 'MeasureId' locally, but it is not exported.
models/snapshots.ts(9,6): error TS1268: An index signature parameter type must be 'string', 'number', 'symbol', or a template literal type.
models/snapshots.ts(21,4): error TS1268: An index signature parameter type must be 'string', 'number', 'symbol', or a template literal type.
models/snapshots.ts(81,27): error TS7053: Element implicitly has an 'any' type because expression of type 'MeasureId' can't be used to index type 'MeasurementQuery'.
../iso/measures.ts(1,15): error TS2459: Module '"./protocol.js"' declares 'MeasureId' locally, but it is not exported.
../iso/units.ts(25,3): error TS2322: Type 'string' is not assignable to type 'MeasureStr'.
  Type 'string' is not assignable to type '{ __brand: "MeasureStr"; }'.
../iso/units.ts(25,18): error TS2339: Property 'measureId' does not exist on type 'MeasureValue'.
../iso/units.ts(32,63): error TS2366: Function lacks ending return statement and return type does not include 'undefined'.

7:48:40 PM - Found 12 errors. Watching for file changes.
[2J[3J[H7:48:50 PM - File change detected. Starting incremental compilation...

app.ts(10,23): error TS2459: Module '"../iso/protocol.js"' declares 'MeasureId' locally, but it is not exported.
app.ts(35,11): error TS2322: Type 'SnapshotDoc | null' is not assignable to type 'BackendObject<Snapshot> | null'.
  Property 'measureStrs' is missing in type 'SnapshotDoc' but required in type 'BackendObject<Snapshot>'.
app.ts(58,11): error TS2322: Type 'SnapshotDoc[]' is not assignable to type 'BackendObject<Snapshot>[]'.
  Property 'measureStrs' is missing in type 'SnapshotDoc' but required in type 'BackendObject<Snapshot>'.
app.ts(96,11): error TS2322: Type 'SnapshotDoc[]' is not assignable to type 'BackendObject<Snapshot>[]'.
  Property 'measureStrs' is missing in type 'SnapshotDoc' but required in type 'BackendObject<Snapshot>'.
models/snapshots.ts(2,18): error TS2459: Module '"../../iso/protocol.js"' declares 'MeasureId' locally, but it is not exported.
models/snapshots.ts(9,6): error TS1268: An index signature parameter type must be 'string', 'number', 'symbol', or a template literal type.
models/snapshots.ts(21,4): error TS1268: An index signature parameter type must be 'string', 'number', 'symbol', or a template literal type.
models/snapshots.ts(81,27): error TS7053: Element implicitly has an 'any' type because expression of type 'MeasureId' can't be used to index type 'MeasurementQuery'.
../iso/measures.ts(1,15): error TS2459: Module '"./protocol.js"' declares 'MeasureId' locally, but it is not exported.
../iso/units.ts(25,3): error TS2322: Type 'string' is not assignable to type 'MeasureStr'.
  Type 'string' is not assignable to type '{ __brand: "MeasureStr"; }'.
../iso/units.ts(25,18): error TS2339: Property 'measureId' does not exist on type 'MeasureValue'.
../iso/units.ts(32,63): error TS2366: Function lacks ending return statement and return type does not include 'undefined'.

7:48:50 PM - Found 12 errors. Watching for file changes.
[2J[3J[H7:49:20 PM - File change detected. Starting incremental compilation...

app.ts(10,23): error TS2459: Module '"../iso/protocol.js"' declares 'MeasureId' locally, but it is not exported.
app.ts(35,11): error TS2322: Type 'SnapshotDoc | null' is not assignable to type 'BackendObject<Snapshot> | null'.
  Property 'measureStrs' is missing in type 'SnapshotDoc' but required in type 'BackendObject<Snapshot>'.
app.ts(58,11): error TS2322: Type 'SnapshotDoc[]' is not assignable to type 'BackendObject<Snapshot>[]'.
  Property 'measureStrs' is missing in type 'SnapshotDoc' but required in type 'BackendObject<Snapshot>'.
app.ts(96,11): error TS2322: Type 'SnapshotDoc[]' is not assignable to type 'BackendObject<Snapshot>[]'.
  Property 'measureStrs' is missing in type 'SnapshotDoc' but required in type 'BackendObject<Snapshot>'.
models/snapshots.ts(2,18): error TS2459: Module '"../../iso/protocol.js"' declares 'MeasureId' locally, but it is not exported.
models/snapshots.ts(9,6): error TS1268: An index signature parameter type must be 'string', 'number', 'symbol', or a template literal type.
models/snapshots.ts(21,4): error TS1268: An index signature parameter type must be 'string', 'number', 'symbol', or a template literal type.
models/snapshots.ts(81,27): error TS7053: Element implicitly has an 'any' type because expression of type 'MeasureId' can't be used to index type 'MeasurementQuery'.
../iso/measures.ts(1,15): error TS2459: Module '"./protocol.js"' declares 'MeasureId' locally, but it is not exported.
../iso/units.ts(25,3): error TS2322: Type 'string' is not assignable to type 'MeasureStr'.
  Type 'string' is not assignable to type '{ __brand: "MeasureStr"; }'.
../iso/units.ts(25,18): error TS2339: Property 'measureId' does not exist on type 'MeasureValue'.
../iso/units.ts(32,63): error TS2366: Function lacks ending return statement and return type does not include 'undefined'.

7:49:20 PM - Found 12 errors. Watching for file changes.
[2J[3J[H7:49:56 PM - File change detected. Starting incremental compilation...

app.ts(10,23): error TS2459: Module '"../iso/protocol.js"' declares 'MeasureId' locally, but it is not exported.
app.ts(35,11): error TS2322: Type 'SnapshotDoc | null' is not assignable to type 'BackendObject<Snapshot> | null'.
  Property 'measureStrs' is missing in type 'SnapshotDoc' but required in type 'BackendObject<Snapshot>'.
app.ts(58,11): error TS2322: Type 'SnapshotDoc[]' is not assignable to type 'BackendObject<Snapshot>[]'.
  Property 'measureStrs' is missing in type 'SnapshotDoc' but required in type 'BackendObject<Snapshot>'.
app.ts(96,11): error TS2322: Type 'SnapshotDoc[]' is not assignable to type 'BackendObject<Snapshot>[]'.
  Property 'measureStrs' is missing in type 'SnapshotDoc' but required in type 'BackendObject<Snapshot>'.
models/snapshots.ts(2,18): error TS2459: Module '"../../iso/protocol.js"' declares 'MeasureId' locally, but it is not exported.
models/snapshots.ts(9,6): error TS1268: An index signature parameter type must be 'string', 'number', 'symbol', or a template literal type.
models/snapshots.ts(21,4): error TS1268: An index signature parameter type must be 'string', 'number', 'symbol', or a template literal type.
models/snapshots.ts(81,27): error TS7053: Element implicitly has an 'any' type because expression of type 'MeasureId' can't be used to index type 'MeasurementQuery'.
../iso/measures.ts(1,15): error TS2459: Module '"./protocol.js"' declares 'MeasureId' locally, but it is not exported.
../iso/units.ts(25,3): error TS2322: Type 'string' is not assignable to type 'MeasureStr'.
  Type 'string' is not assignable to type '{ __brand: "MeasureStr"; }'.
../iso/units.ts(25,18): error TS2339: Property 'measureId' does not exist on type 'MeasureValue'.
../iso/units.ts(32,63): error TS2366: Function lacks ending return statement and return type does not include 'undefined'.

7:49:56 PM - Found 12 errors. Watching for file changes.
[2J[3J[H7:50:09 PM - File change detected. Starting incremental compilation...

app.ts(10,23): error TS2459: Module '"../iso/protocol.js"' declares 'MeasureId' locally, but it is not exported.
app.ts(35,11): error TS2322: Type 'SnapshotDoc | null' is not assignable to type 'BackendObject<Snapshot> | null'.
  Property 'measureStrs' is missing in type 'SnapshotDoc' but required in type 'BackendObject<Snapshot>'.
app.ts(58,11): error TS2322: Type 'SnapshotDoc[]' is not assignable to type 'BackendObject<Snapshot>[]'.
  Property 'measureStrs' is missing in type 'SnapshotDoc' but required in type 'BackendObject<Snapshot>'.
app.ts(96,11): error TS2322: Type 'SnapshotDoc[]' is not assignable to type 'BackendObject<Snapshot>[]'.
  Property 'measureStrs' is missing in type 'SnapshotDoc' but required in type 'BackendObject<Snapshot>'.
models/snapshots.ts(2,18): error TS2459: Module '"../../iso/protocol.js"' declares 'MeasureId' locally, but it is not exported.
models/snapshots.ts(9,6): error TS1268: An index signature parameter type must be 'string', 'number', 'symbol', or a template literal type.
models/snapshots.ts(21,4): error TS1268: An index signature parameter type must be 'string', 'number', 'symbol', or a template literal type.
models/snapshots.ts(81,27): error TS7053: Element implicitly has an 'any' type because expression of type 'MeasureId' can't be used to index type 'MeasurementQuery'.
../iso/measures.ts(1,15): error TS2459: Module '"./protocol.js"' declares 'MeasureId' locally, but it is not exported.
../iso/units.ts(25,3): error TS2322: Type 'string' is not assignable to type 'MeasureStr'.
  Type 'string' is not assignable to type '{ __brand: "MeasureStr"; }'.
../iso/units.ts(25,18): error TS2339: Property 'measureId' does not exist on type 'MeasureValue'.
../iso/units.ts(32,63): error TS2366: Function lacks ending return statement and return type does not include 'undefined'.

7:50:09 PM - Found 12 errors. Watching for file changes.
[2J[3J[H7:51:06 PM - File change detected. Starting incremental compilation...

app.ts(10,23): error TS2459: Module '"../iso/protocol.js"' declares 'MeasureId' locally, but it is not exported.
app.ts(35,11): error TS2322: Type 'SnapshotDoc | null' is not assignable to type 'BackendObject<Snapshot> | null'.
  Property 'measureStrs' is missing in type 'SnapshotDoc' but required in type 'BackendObject<Snapshot>'.
app.ts(58,11): error TS2322: Type 'SnapshotDoc[]' is not assignable to type 'BackendObject<Snapshot>[]'.
  Property 'measureStrs' is missing in type 'SnapshotDoc' but required in type 'BackendObject<Snapshot>'.
app.ts(96,11): error TS2322: Type 'SnapshotDoc[]' is not assignable to type 'BackendObject<Snapshot>[]'.
  Property 'measureStrs' is missing in type 'SnapshotDoc' but required in type 'BackendObject<Snapshot>'.
models/snapshots.ts(2,18): error TS2459: Module '"../../iso/protocol.js"' declares 'MeasureId' locally, but it is not exported.
models/snapshots.ts(9,6): error TS1268: An index signature parameter type must be 'string', 'number', 'symbol', or a template literal type.
models/snapshots.ts(21,4): error TS1268: An index signature parameter type must be 'string', 'number', 'symbol', or a template literal type.
models/snapshots.ts(81,27): error TS7053: Element implicitly has an 'any' type because expression of type 'MeasureId' can't be used to index type 'MeasurementQuery'.
../iso/measures.ts(1,15): error TS2459: Module '"./protocol.js"' declares 'MeasureId' locally, but it is not exported.
../iso/units.ts(25,3): error TS2322: Type 'string' is not assignable to type 'MeasureStr'.
  Type 'string' is not assignable to type '{ __brand: "MeasureStr"; }'.
../iso/units.ts(25,18): error TS2339: Property 'measureId' does not exist on type 'MeasureValue'.
../iso/units.ts(32,63): error TS2366: Function lacks ending return statement and return type does not include 'undefined'.

7:51:06 PM - Found 12 errors. Watching for file changes.
[2J[3J[H7:51:17 PM - File change detected. Starting incremental compilation...

app.ts(10,23): error TS2459: Module '"../iso/protocol.js"' declares 'MeasureId' locally, but it is not exported.
app.ts(35,11): error TS2322: Type 'SnapshotDoc | null' is not assignable to type 'BackendObject<Snapshot> | null'.
  Property 'measureStrs' is missing in type 'SnapshotDoc' but required in type 'BackendObject<Snapshot>'.
app.ts(58,11): error TS2322: Type 'SnapshotDoc[]' is not assignable to type 'BackendObject<Snapshot>[]'.
  Property 'measureStrs' is missing in type 'SnapshotDoc' but required in type 'BackendObject<Snapshot>'.
app.ts(96,11): error TS2322: Type 'SnapshotDoc[]' is not assignable to type 'BackendObject<Snapshot>[]'.
  Property 'measureStrs' is missing in type 'SnapshotDoc' but required in type 'BackendObject<Snapshot>'.
models/snapshots.ts(2,18): error TS2459: Module '"../../iso/protocol.js"' declares 'MeasureId' locally, but it is not exported.
models/snapshots.ts(9,6): error TS1268: An index signature parameter type must be 'string', 'number', 'symbol', or a template literal type.
models/snapshots.ts(21,4): error TS1268: An index signature parameter type must be 'string', 'number', 'symbol', or a template literal type.
models/snapshots.ts(81,27): error TS7053: Element implicitly has an 'any' type because expression of type 'MeasureId' can't be used to index type 'MeasurementQuery'.
../iso/measures.ts(1,15): error TS2459: Module '"./protocol.js"' declares 'MeasureId' locally, but it is not exported.
../iso/units.ts(27,3): error TS2322: Type 'string' is not assignable to type 'MeasureStr'.
  Type 'string' is not assignable to type '{ __brand: "MeasureStr"; }'.
../iso/units.ts(27,18): error TS2339: Property 'measureId' does not exist on type 'MeasureValue'.
../iso/units.ts(34,63): error TS2366: Function lacks ending return statement and return type does not include 'undefined'.
../iso/units.ts(67,32): error TS2345: Argument of type 'number' is not assignable to parameter of type 'VGrade'.
  Type 'number' is not assignable to type '{ __brand: "VGrade"; }'.

7:51:17 PM - Found 13 errors. Watching for file changes.
[2J[3J[H7:51:27 PM - File change detected. Starting incremental compilation...

app.ts(10,23): error TS2459: Module '"../iso/protocol.js"' declares 'MeasureId' locally, but it is not exported.
app.ts(35,11): error TS2322: Type 'SnapshotDoc | null' is not assignable to type 'BackendObject<Snapshot> | null'.
  Property 'measureStrs' is missing in type 'SnapshotDoc' but required in type 'BackendObject<Snapshot>'.
app.ts(58,11): error TS2322: Type 'SnapshotDoc[]' is not assignable to type 'BackendObject<Snapshot>[]'.
  Property 'measureStrs' is missing in type 'SnapshotDoc' but required in type 'BackendObject<Snapshot>'.
app.ts(96,11): error TS2322: Type 'SnapshotDoc[]' is not assignable to type 'BackendObject<Snapshot>[]'.
  Property 'measureStrs' is missing in type 'SnapshotDoc' but required in type 'BackendObject<Snapshot>'.
models/snapshots.ts(2,18): error TS2459: Module '"../../iso/protocol.js"' declares 'MeasureId' locally, but it is not exported.
models/snapshots.ts(9,6): error TS1268: An index signature parameter type must be 'string', 'number', 'symbol', or a template literal type.
models/snapshots.ts(21,4): error TS1268: An index signature parameter type must be 'string', 'number', 'symbol', or a template literal type.
models/snapshots.ts(81,27): error TS7053: Element implicitly has an 'any' type because expression of type 'MeasureId' can't be used to index type 'MeasurementQuery'.
../iso/measures.ts(1,15): error TS2459: Module '"./protocol.js"' declares 'MeasureId' locally, but it is not exported.
../iso/units.ts(27,3): error TS2322: Type 'string' is not assignable to type 'MeasureStr'.
  Type 'string' is not assignable to type '{ __brand: "MeasureStr"; }'.
../iso/units.ts(27,18): error TS2339: Property 'measureId' does not exist on type 'MeasureValue'.
../iso/units.ts(34,63): error TS2366: Function lacks ending return statement and return type does not include 'undefined'.

7:51:27 PM - Found 12 errors. Watching for file changes.
[2J[3J[H7:51:49 PM - File change detected. Starting incremental compilation...

app.ts(10,23): error TS2459: Module '"../iso/protocol.js"' declares 'MeasureId' locally, but it is not exported.
app.ts(35,11): error TS2322: Type 'SnapshotDoc | null' is not assignable to type 'BackendObject<Snapshot> | null'.
  Property 'measureStrs' is missing in type 'SnapshotDoc' but required in type 'BackendObject<Snapshot>'.
app.ts(58,11): error TS2322: Type 'SnapshotDoc[]' is not assignable to type 'BackendObject<Snapshot>[]'.
  Property 'measureStrs' is missing in type 'SnapshotDoc' but required in type 'BackendObject<Snapshot>'.
app.ts(96,11): error TS2322: Type 'SnapshotDoc[]' is not assignable to type 'BackendObject<Snapshot>[]'.
  Property 'measureStrs' is missing in type 'SnapshotDoc' but required in type 'BackendObject<Snapshot>'.
models/snapshots.ts(2,18): error TS2459: Module '"../../iso/protocol.js"' declares 'MeasureId' locally, but it is not exported.
models/snapshots.ts(9,6): error TS1268: An index signature parameter type must be 'string', 'number', 'symbol', or a template literal type.
models/snapshots.ts(21,4): error TS1268: An index signature parameter type must be 'string', 'number', 'symbol', or a template literal type.
models/snapshots.ts(81,27): error TS7053: Element implicitly has an 'any' type because expression of type 'MeasureId' can't be used to index type 'MeasurementQuery'.
../iso/measures.ts(1,15): error TS2459: Module '"./protocol.js"' declares 'MeasureId' locally, but it is not exported.
../iso/units.ts(27,18): error TS2339: Property 'measureId' does not exist on type 'MeasureValue'.
../iso/units.ts(34,63): error TS2366: Function lacks ending return statement and return type does not include 'undefined'.

7:51:49 PM - Found 11 errors. Watching for file changes.
[2J[3J[H7:51:57 PM - File change detected. Starting incremental compilation...

app.ts(10,23): error TS2459: Module '"../iso/protocol.js"' declares 'MeasureId' locally, but it is not exported.
app.ts(35,11): error TS2322: Type 'SnapshotDoc | null' is not assignable to type 'BackendObject<Snapshot> | null'.
  Property 'measureStrs' is missing in type 'SnapshotDoc' but required in type 'BackendObject<Snapshot>'.
app.ts(58,11): error TS2322: Type 'SnapshotDoc[]' is not assignable to type 'BackendObject<Snapshot>[]'.
  Property 'measureStrs' is missing in type 'SnapshotDoc' but required in type 'BackendObject<Snapshot>'.
app.ts(96,11): error TS2322: Type 'SnapshotDoc[]' is not assignable to type 'BackendObject<Snapshot>[]'.
  Property 'measureStrs' is missing in type 'SnapshotDoc' but required in type 'BackendObject<Snapshot>'.
models/snapshots.ts(2,18): error TS2459: Module '"../../iso/protocol.js"' declares 'MeasureId' locally, but it is not exported.
models/snapshots.ts(9,6): error TS1268: An index signature parameter type must be 'string', 'number', 'symbol', or a template literal type.
models/snapshots.ts(21,4): error TS1268: An index signature parameter type must be 'string', 'number', 'symbol', or a template literal type.
models/snapshots.ts(81,27): error TS7053: Element implicitly has an 'any' type because expression of type 'MeasureId' can't be used to index type 'MeasurementQuery'.
../iso/measures.ts(1,15): error TS2459: Module '"./protocol.js"' declares 'MeasureId' locally, but it is not exported.
../iso/units.ts(34,63): error TS2366: Function lacks ending return statement and return type does not include 'undefined'.

7:51:57 PM - Found 10 errors. Watching for file changes.
[2J[3J[H7:52:07 PM - File change detected. Starting incremental compilation...

app.ts(10,23): error TS2459: Module '"../iso/protocol.js"' declares 'MeasureId' locally, but it is not exported.
app.ts(35,11): error TS2322: Type 'SnapshotDoc | null' is not assignable to type 'BackendObject<Snapshot> | null'.
  Property 'measureStrs' is missing in type 'SnapshotDoc' but required in type 'BackendObject<Snapshot>'.
app.ts(58,11): error TS2322: Type 'SnapshotDoc[]' is not assignable to type 'BackendObject<Snapshot>[]'.
  Property 'measureStrs' is missing in type 'SnapshotDoc' but required in type 'BackendObject<Snapshot>'.
app.ts(96,11): error TS2322: Type 'SnapshotDoc[]' is not assignable to type 'BackendObject<Snapshot>[]'.
  Property 'measureStrs' is missing in type 'SnapshotDoc' but required in type 'BackendObject<Snapshot>'.
models/snapshots.ts(2,18): error TS2459: Module '"../../iso/protocol.js"' declares 'MeasureId' locally, but it is not exported.
models/snapshots.ts(9,6): error TS1268: An index signature parameter type must be 'string', 'number', 'symbol', or a template literal type.
models/snapshots.ts(21,4): error TS1268: An index signature parameter type must be 'string', 'number', 'symbol', or a template literal type.
models/snapshots.ts(81,27): error TS7053: Element implicitly has an 'any' type because expression of type 'MeasureId' can't be used to index type 'MeasurementQuery'.
../iso/measures.ts(1,15): error TS2459: Module '"./protocol.js"' declares 'MeasureId' locally, but it is not exported.
../iso/units.ts(34,63): error TS2366: Function lacks ending return statement and return type does not include 'undefined'.

7:52:07 PM - Found 10 errors. Watching for file changes.
[2J[3J[H7:52:55 PM - File change detected. Starting incremental compilation...

app.ts(10,23): error TS2459: Module '"../iso/protocol.js"' declares 'MeasureId' locally, but it is not exported.
app.ts(35,11): error TS2322: Type 'SnapshotDoc | null' is not assignable to type 'BackendObject<Snapshot> | null'.
  Property 'measureStrs' is missing in type 'SnapshotDoc' but required in type 'BackendObject<Snapshot>'.
app.ts(58,11): error TS2322: Type 'SnapshotDoc[]' is not assignable to type 'BackendObject<Snapshot>[]'.
  Property 'measureStrs' is missing in type 'SnapshotDoc' but required in type 'BackendObject<Snapshot>'.
app.ts(96,11): error TS2322: Type 'SnapshotDoc[]' is not assignable to type 'BackendObject<Snapshot>[]'.
  Property 'measureStrs' is missing in type 'SnapshotDoc' but required in type 'BackendObject<Snapshot>'.
models/snapshots.ts(2,18): error TS2459: Module '"../../iso/protocol.js"' declares 'MeasureId' locally, but it is not exported.
models/snapshots.ts(9,6): error TS1268: An index signature parameter type must be 'string', 'number', 'symbol', or a template literal type.
models/snapshots.ts(21,4): error TS1268: An index signature parameter type must be 'string', 'number', 'symbol', or a template literal type.
models/snapshots.ts(81,27): error TS7053: Element implicitly has an 'any' type because expression of type 'MeasureId' can't be used to index type 'MeasurementQuery'.
../iso/measures.ts(1,15): error TS2459: Module '"./protocol.js"' declares 'MeasureId' locally, but it is not exported.
../iso/units.ts(34,63): error TS2366: Function lacks ending return statement and return type does not include 'undefined'.

7:52:55 PM - Found 10 errors. Watching for file changes.
[2J[3J[H7:53:18 PM - File change detected. Starting incremental compilation...

app.ts(10,23): error TS2459: Module '"../iso/protocol.js"' declares 'MeasureId' locally, but it is not exported.
app.ts(35,11): error TS2322: Type 'SnapshotDoc | null' is not assignable to type 'BackendObject<Snapshot> | null'.
  Property 'measureStrs' is missing in type 'SnapshotDoc' but required in type 'BackendObject<Snapshot>'.
app.ts(58,11): error TS2322: Type 'SnapshotDoc[]' is not assignable to type 'BackendObject<Snapshot>[]'.
  Property 'measureStrs' is missing in type 'SnapshotDoc' but required in type 'BackendObject<Snapshot>'.
app.ts(96,11): error TS2322: Type 'SnapshotDoc[]' is not assignable to type 'BackendObject<Snapshot>[]'.
  Property 'measureStrs' is missing in type 'SnapshotDoc' but required in type 'BackendObject<Snapshot>'.
models/snapshots.ts(2,18): error TS2459: Module '"../../iso/protocol.js"' declares 'MeasureId' locally, but it is not exported.
models/snapshots.ts(9,6): error TS1268: An index signature parameter type must be 'string', 'number', 'symbol', or a template literal type.
models/snapshots.ts(21,4): error TS1268: An index signature parameter type must be 'string', 'number', 'symbol', or a template literal type.
models/snapshots.ts(81,27): error TS7053: Element implicitly has an 'any' type because expression of type 'MeasureId' can't be used to index type 'MeasurementQuery'.
../iso/measures.ts(1,15): error TS2459: Module '"./protocol.js"' declares 'MeasureId' locally, but it is not exported.
../iso/units.ts(34,63): error TS2366: Function lacks ending return statement and return type does not include 'undefined'.

7:53:19 PM - Found 10 errors. Watching for file changes.
[2J[3J[H7:53:24 PM - File change detected. Starting incremental compilation...

app.ts(10,23): error TS2459: Module '"../iso/protocol.js"' declares 'MeasureId' locally, but it is not exported.
app.ts(35,11): error TS2322: Type 'SnapshotDoc | null' is not assignable to type 'BackendObject<Snapshot> | null'.
  Property 'measureStrs' is missing in type 'SnapshotDoc' but required in type 'BackendObject<Snapshot>'.
app.ts(58,11): error TS2322: Type 'SnapshotDoc[]' is not assignable to type 'BackendObject<Snapshot>[]'.
  Property 'measureStrs' is missing in type 'SnapshotDoc' but required in type 'BackendObject<Snapshot>'.
app.ts(96,11): error TS2322: Type 'SnapshotDoc[]' is not assignable to type 'BackendObject<Snapshot>[]'.
  Property 'measureStrs' is missing in type 'SnapshotDoc' but required in type 'BackendObject<Snapshot>'.
models/snapshots.ts(2,18): error TS2459: Module '"../../iso/protocol.js"' declares 'MeasureId' locally, but it is not exported.
models/snapshots.ts(9,6): error TS1268: An index signature parameter type must be 'string', 'number', 'symbol', or a template literal type.
models/snapshots.ts(21,4): error TS1268: An index signature parameter type must be 'string', 'number', 'symbol', or a template literal type.
models/snapshots.ts(81,27): error TS7053: Element implicitly has an 'any' type because expression of type 'MeasureId' can't be used to index type 'MeasurementQuery'.
../iso/measures.ts(1,15): error TS2459: Module '"./protocol.js"' declares 'MeasureId' locally, but it is not exported.
../iso/units.ts(34,63): error TS2366: Function lacks ending return statement and return type does not include 'undefined'.

7:53:25 PM - Found 10 errors. Watching for file changes.
[2J[3J[H7:53:29 PM - File change detected. Starting incremental compilation...

app.ts(10,23): error TS2459: Module '"../iso/protocol.js"' declares 'MeasureId' locally, but it is not exported.
app.ts(35,11): error TS2322: Type 'SnapshotDoc | null' is not assignable to type 'BackendObject<Snapshot> | null'.
  Property 'measureStrs' is missing in type 'SnapshotDoc' but required in type 'BackendObject<Snapshot>'.
app.ts(58,11): error TS2322: Type 'SnapshotDoc[]' is not assignable to type 'BackendObject<Snapshot>[]'.
  Property 'measureStrs' is missing in type 'SnapshotDoc' but required in type 'BackendObject<Snapshot>'.
app.ts(96,11): error TS2322: Type 'SnapshotDoc[]' is not assignable to type 'BackendObject<Snapshot>[]'.
  Property 'measureStrs' is missing in type 'SnapshotDoc' but required in type 'BackendObject<Snapshot>'.
models/snapshots.ts(2,18): error TS2459: Module '"../../iso/protocol.js"' declares 'MeasureId' locally, but it is not exported.
models/snapshots.ts(9,6): error TS1268: An index signature parameter type must be 'string', 'number', 'symbol', or a template literal type.
models/snapshots.ts(21,4): error TS1268: An index signature parameter type must be 'string', 'number', 'symbol', or a template literal type.
models/snapshots.ts(81,27): error TS7053: Element implicitly has an 'any' type because expression of type 'MeasureId' can't be used to index type 'MeasurementQuery'.
../iso/grade.ts(54,12): error TS2678: Type 'number' is not comparable to type 'Font'.
  Type 'number' is not comparable to type 'string'.
../iso/grade.ts(56,12): error TS2678: Type 'number' is not comparable to type 'Font'.
  Type 'number' is not comparable to type 'string'.
../iso/grade.ts(58,12): error TS2678: Type 'number' is not comparable to type 'Font'.
  Type 'number' is not comparable to type 'string'.
../iso/grade.ts(60,12): error TS2678: Type 'number' is not comparable to type 'Font'.
  Type 'number' is not comparable to type 'string'.
../iso/grade.ts(62,12): error TS2678: Type 'number' is not comparable to type 'Font'.
  Type 'number' is not comparable to type 'string'.
../iso/grade.ts(64,12): error TS2678: Type 'number' is not comparable to type 'Font'.
  Type 'number' is not comparable to type 'string'.
../iso/grade.ts(66,12): error TS2678: Type 'number' is not comparable to type 'Font'.
  Type 'number' is not comparable to type 'string'.
../iso/grade.ts(68,12): error TS2678: Type 'number' is not comparable to type 'Font'.
  Type 'number' is not comparable to type 'string'.
../iso/grade.ts(70,12): error TS2678: Type 'number' is not comparable to type 'Font'.
  Type 'number' is not comparable to type 'string'.
../iso/grade.ts(72,12): error TS2678: Type 'number' is not comparable to type 'Font'.
  Type 'number' is not comparable to type 'string'.
../iso/grade.ts(74,12): error TS2678: Type 'number' is not comparable to type 'Font'.
  Type 'number' is not comparable to type 'string'.
../iso/grade.ts(76,12): error TS2678: Type 'number' is not comparable to type 'Font'.
  Type 'number' is not comparable to type 'string'.
../iso/grade.ts(78,12): error TS2678: Type 'number' is not comparable to type 'Font'.
  Type 'number' is not comparable to type 'string'.
../iso/grade.ts(80,12): error TS2678: Type 'number' is not comparable to type 'Font'.
  Type 'number' is not comparable to type 'string'.
../iso/grade.ts(82,12): error TS2678: Type 'number' is not comparable to type 'Font'.
  Type 'number' is not comparable to type 'string'.
../iso/grade.ts(84,12): error TS2678: Type 'number' is not comparable to type 'Font'.
  Type 'number' is not comparable to type 'string'.
../iso/grade.ts(86,12): error TS2678: Type 'number' is not comparable to type 'Font'.
  Type 'number' is not comparable to type 'string'.
../iso/measures.ts(1,15): error TS2459: Module '"./protocol.js"' declares 'MeasureId' locally, but it is not exported.
../iso/units.ts(34,63): error TS2366: Function lacks ending return statement and return type does not include 'undefined'.

7:53:29 PM - Found 27 errors. Watching for file changes.
[2J[3J[H7:54:44 PM - File change detected. Starting incremental compilation...

app.ts(10,23): error TS2459: Module '"../iso/protocol.js"' declares 'MeasureId' locally, but it is not exported.
app.ts(35,11): error TS2322: Type 'SnapshotDoc | null' is not assignable to type 'BackendObject<Snapshot> | null'.
  Property 'measureStrs' is missing in type 'SnapshotDoc' but required in type 'BackendObject<Snapshot>'.
app.ts(58,11): error TS2322: Type 'SnapshotDoc[]' is not assignable to type 'BackendObject<Snapshot>[]'.
  Property 'measureStrs' is missing in type 'SnapshotDoc' but required in type 'BackendObject<Snapshot>'.
app.ts(96,11): error TS2322: Type 'SnapshotDoc[]' is not assignable to type 'BackendObject<Snapshot>[]'.
  Property 'measureStrs' is missing in type 'SnapshotDoc' but required in type 'BackendObject<Snapshot>'.
models/snapshots.ts(2,18): error TS2459: Module '"../../iso/protocol.js"' declares 'MeasureId' locally, but it is not exported.
models/snapshots.ts(9,6): error TS1268: An index signature parameter type must be 'string', 'number', 'symbol', or a template literal type.
models/snapshots.ts(21,4): error TS1268: An index signature parameter type must be 'string', 'number', 'symbol', or a template literal type.
models/snapshots.ts(81,27): error TS7053: Element implicitly has an 'any' type because expression of type 'MeasureId' can't be used to index type 'MeasurementQuery'.
../iso/measures.ts(1,15): error TS2459: Module '"./protocol.js"' declares 'MeasureId' locally, but it is not exported.
../iso/units.ts(34,63): error TS2366: Function lacks ending return statement and return type does not include 'undefined'.

7:54:44 PM - Found 10 errors. Watching for file changes.
[2J[3J[H7:56:04 PM - File change detected. Starting incremental compilation...

app.ts(10,23): error TS2459: Module '"../iso/protocol.js"' declares 'MeasureId' locally, but it is not exported.
app.ts(35,11): error TS2322: Type 'SnapshotDoc | null' is not assignable to type 'BackendObject<Snapshot> | null'.
  Property 'measureStrs' is missing in type 'SnapshotDoc' but required in type 'BackendObject<Snapshot>'.
app.ts(58,11): error TS2322: Type 'SnapshotDoc[]' is not assignable to type 'BackendObject<Snapshot>[]'.
  Property 'measureStrs' is missing in type 'SnapshotDoc' but required in type 'BackendObject<Snapshot>'.
app.ts(96,11): error TS2322: Type 'SnapshotDoc[]' is not assignable to type 'BackendObject<Snapshot>[]'.
  Property 'measureStrs' is missing in type 'SnapshotDoc' but required in type 'BackendObject<Snapshot>'.
models/snapshots.ts(2,18): error TS2459: Module '"../../iso/protocol.js"' declares 'MeasureId' locally, but it is not exported.
models/snapshots.ts(9,6): error TS1268: An index signature parameter type must be 'string', 'number', 'symbol', or a template literal type.
models/snapshots.ts(21,4): error TS1268: An index signature parameter type must be 'string', 'number', 'symbol', or a template literal type.
models/snapshots.ts(81,27): error TS7053: Element implicitly has an 'any' type because expression of type 'MeasureId' can't be used to index type 'MeasurementQuery'.
../iso/measures.ts(1,15): error TS2459: Module '"./protocol.js"' declares 'MeasureId' locally, but it is not exported.
../iso/units.ts(34,63): error TS2366: Function lacks ending return statement and return type does not include 'undefined'.

7:56:04 PM - Found 10 errors. Watching for file changes.
[2J[3J[H7:56:41 PM - File change detected. Starting incremental compilation...

app.ts(10,23): error TS2459: Module '"../iso/protocol.js"' declares 'MeasureId' locally, but it is not exported.
app.ts(35,11): error TS2322: Type 'SnapshotDoc | null' is not assignable to type 'BackendObject<Snapshot> | null'.
  Property 'measureStrs' is missing in type 'SnapshotDoc' but required in type 'BackendObject<Snapshot>'.
app.ts(58,11): error TS2322: Type 'SnapshotDoc[]' is not assignable to type 'BackendObject<Snapshot>[]'.
  Property 'measureStrs' is missing in type 'SnapshotDoc' but required in type 'BackendObject<Snapshot>'.
app.ts(96,11): error TS2322: Type 'SnapshotDoc[]' is not assignable to type 'BackendObject<Snapshot>[]'.
  Property 'measureStrs' is missing in type 'SnapshotDoc' but required in type 'BackendObject<Snapshot>'.
models/snapshots.ts(2,18): error TS2459: Module '"../../iso/protocol.js"' declares 'MeasureId' locally, but it is not exported.
models/snapshots.ts(9,6): error TS1268: An index signature parameter type must be 'string', 'number', 'symbol', or a template literal type.
models/snapshots.ts(21,4): error TS1268: An index signature parameter type must be 'string', 'number', 'symbol', or a template literal type.
models/snapshots.ts(81,27): error TS7053: Element implicitly has an 'any' type because expression of type 'MeasureId' can't be used to index type 'MeasurementQuery'.
../iso/grade.ts(110,13): error TS2322: Type 'string' is not assignable to type 'Font'.
  Type 'string' is not assignable to type '{ __brand: "Font"; }'.
../iso/grade.ts(111,14): error TS2322: Type 'string' is not assignable to type 'Font'.
  Type 'string' is not assignable to type '{ __brand: "Font"; }'.
../iso/grade.ts(112,14): error TS2322: Type 'string' is not assignable to type 'Font'.
  Type 'string' is not assignable to type '{ __brand: "Font"; }'.
../iso/grade.ts(113,14): error TS2322: Type 'string' is not assignable to type 'Font'.
  Type 'string' is not assignable to type '{ __brand: "Font"; }'.
../iso/grade.ts(114,14): error TS2322: Type 'string' is not assignable to type 'Font'.
  Type 'string' is not assignable to type '{ __brand: "Font"; }'.
../iso/grade.ts(115,14): error TS2322: Type 'string' is not assignable to type 'Font'.
  Type 'string' is not assignable to type '{ __brand: "Font"; }'.
../iso/grade.ts(116,14): error TS2322: Type 'string' is not assignable to type 'Font'.
  Type 'string' is not assignable to type '{ __brand: "Font"; }'.
../iso/grade.ts(117,14): error TS2322: Type 'string' is not assignable to type 'Font'.
  Type 'string' is not assignable to type '{ __brand: "Font"; }'.
../iso/grade.ts(118,14): error TS2322: Type 'string' is not assignable to type 'Font'.
  Type 'string' is not assignable to type '{ __brand: "Font"; }'.
../iso/grade.ts(119,14): error TS2322: Type 'string' is not assignable to type 'Font'.
  Type 'string' is not assignable to type '{ __brand: "Font"; }'.
../iso/grade.ts(120,14): error TS2322: Type 'string' is not assignable to type 'Font'.
  Type 'string' is not assignable to type '{ __brand: "Font"; }'.
../iso/grade.ts(121,14): error TS2322: Type 'string' is not assignable to type 'Font'.
  Type 'string' is not assignable to type '{ __brand: "Font"; }'.
../iso/grade.ts(122,14): error TS2322: Type 'string' is not assignable to type 'Font'.
  Type 'string' is not assignable to type '{ __brand: "Font"; }'.
../iso/grade.ts(123,14): error TS2322: Type 'string' is not assignable to type 'Font'.
  Type 'string' is not assignable to type '{ __brand: "Font"; }'.
../iso/grade.ts(124,14): error TS2322: Type 'string' is not assignable to type 'Font'.
  Type 'string' is not assignable to type '{ __brand: "Font"; }'.
../iso/grade.ts(125,14): error TS2322: Type 'string' is not assignable to type 'Font'.
  Type 'string' is not assignable to type '{ __brand: "Font"; }'.
../iso/grade.ts(126,14): error TS2322: Type 'string' is not assignable to type 'Font'.
  Type 'string' is not assignable to type '{ __brand: "Font"; }'.
../iso/grade.ts(127,14): error TS2322: Type 'string' is not assignable to type 'Font'.
  Type 'string' is not assignable to type '{ __brand: "Font"; }'.
../iso/grade.ts(128,14): error TS2322: Type 'string' is not assignable to type 'Font'.
  Type 'string' is not assignable to type '{ __brand: "Font"; }'.
../iso/grade.ts(129,14): error TS2322: Type 'string' is not assignable to type 'Font'.
  Type 'string' is not assignable to type '{ __brand: "Font"; }'.
../iso/grade.ts(130,14): error TS2322: Type 'string' is not assignable to type 'Font'.
  Type 'string' is not assignable to type '{ __brand: "Font"; }'.
../iso/grade.ts(131,14): error TS2322: Type 'string' is not assignable to type 'Font'.
  Type 'string' is not assignable to type '{ __brand: "Font"; }'.
../iso/grade.ts(132,14): error TS2322: Type 'string' is not assignable to type 'Font'.
  Type 'string' is not assignable to type '{ __brand: "Font"; }'.
../iso/grade.ts(133,14): error TS2322: Type 'string' is not assignable to type 'Font'.
  Type 'string' is not assignable to type '{ __brand: "Font"; }'.
../iso/measures.ts(1,15): error TS2459: Module '"./protocol.js"' declares 'MeasureId' locally, but it is not exported.
../iso/units.ts(34,63): error TS2366: Function lacks ending return statement and return type does not include 'undefined'.

7:56:41 PM - Found 34 errors. Watching for file changes.
[2J[3J[H7:56:54 PM - File change detected. Starting incremental compilation...

../iso/grade.ts(136,5): error TS1005: ';' expected.
../iso/grade.ts(136,6): error TS1109: Expression expected.

7:56:55 PM - Found 2 errors. Watching for file changes.
[2J[3J[H7:57:01 PM - File change detected. Starting incremental compilation...

app.ts(10,23): error TS2459: Module '"../iso/protocol.js"' declares 'MeasureId' locally, but it is not exported.
app.ts(35,11): error TS2322: Type 'SnapshotDoc | null' is not assignable to type 'BackendObject<Snapshot> | null'.
  Property 'measureStrs' is missing in type 'SnapshotDoc' but required in type 'BackendObject<Snapshot>'.
app.ts(58,11): error TS2322: Type 'SnapshotDoc[]' is not assignable to type 'BackendObject<Snapshot>[]'.
  Property 'measureStrs' is missing in type 'SnapshotDoc' but required in type 'BackendObject<Snapshot>'.
app.ts(96,11): error TS2322: Type 'SnapshotDoc[]' is not assignable to type 'BackendObject<Snapshot>[]'.
  Property 'measureStrs' is missing in type 'SnapshotDoc' but required in type 'BackendObject<Snapshot>'.
models/snapshots.ts(2,18): error TS2459: Module '"../../iso/protocol.js"' declares 'MeasureId' locally, but it is not exported.
models/snapshots.ts(9,6): error TS1268: An index signature parameter type must be 'string', 'number', 'symbol', or a template literal type.
models/snapshots.ts(21,4): error TS1268: An index signature parameter type must be 'string', 'number', 'symbol', or a template literal type.
models/snapshots.ts(81,27): error TS7053: Element implicitly has an 'any' type because expression of type 'MeasureId' can't be used to index type 'MeasurementQuery'.
../iso/grade.ts(108,53): error TS2355: A function whose declared type is neither 'undefined', 'void', nor 'any' must return a value.
../iso/measures.ts(1,15): error TS2459: Module '"./protocol.js"' declares 'MeasureId' locally, but it is not exported.
../iso/units.ts(34,63): error TS2366: Function lacks ending return statement and return type does not include 'undefined'.

7:57:01 PM - Found 11 errors. Watching for file changes.
[2J[3J[H7:57:09 PM - File change detected. Starting incremental compilation...

app.ts(10,23): error TS2459: Module '"../iso/protocol.js"' declares 'MeasureId' locally, but it is not exported.
app.ts(35,11): error TS2322: Type 'SnapshotDoc | null' is not assignable to type 'BackendObject<Snapshot> | null'.
  Property 'measureStrs' is missing in type 'SnapshotDoc' but required in type 'BackendObject<Snapshot>'.
app.ts(58,11): error TS2322: Type 'SnapshotDoc[]' is not assignable to type 'BackendObject<Snapshot>[]'.
  Property 'measureStrs' is missing in type 'SnapshotDoc' but required in type 'BackendObject<Snapshot>'.
app.ts(96,11): error TS2322: Type 'SnapshotDoc[]' is not assignable to type 'BackendObject<Snapshot>[]'.
  Property 'measureStrs' is missing in type 'SnapshotDoc' but required in type 'BackendObject<Snapshot>'.
models/snapshots.ts(2,18): error TS2459: Module '"../../iso/protocol.js"' declares 'MeasureId' locally, but it is not exported.
models/snapshots.ts(9,6): error TS1268: An index signature parameter type must be 'string', 'number', 'symbol', or a template literal type.
models/snapshots.ts(21,4): error TS1268: An index signature parameter type must be 'string', 'number', 'symbol', or a template literal type.
models/snapshots.ts(81,27): error TS7053: Element implicitly has an 'any' type because expression of type 'MeasureId' can't be used to index type 'MeasurementQuery'.
../iso/measures.ts(1,15): error TS2459: Module '"./protocol.js"' declares 'MeasureId' locally, but it is not exported.
../iso/units.ts(34,63): error TS2366: Function lacks ending return statement and return type does not include 'undefined'.

7:57:09 PM - Found 10 errors. Watching for file changes.
[2J[3J[H7:57:19 PM - File change detected. Starting incremental compilation...

app.ts(10,23): error TS2459: Module '"../iso/protocol.js"' declares 'MeasureId' locally, but it is not exported.
app.ts(35,11): error TS2322: Type 'SnapshotDoc | null' is not assignable to type 'BackendObject<Snapshot> | null'.
  Property 'measureStrs' is missing in type 'SnapshotDoc' but required in type 'BackendObject<Snapshot>'.
app.ts(58,11): error TS2322: Type 'SnapshotDoc[]' is not assignable to type 'BackendObject<Snapshot>[]'.
  Property 'measureStrs' is missing in type 'SnapshotDoc' but required in type 'BackendObject<Snapshot>'.
app.ts(96,11): error TS2322: Type 'SnapshotDoc[]' is not assignable to type 'BackendObject<Snapshot>[]'.
  Property 'measureStrs' is missing in type 'SnapshotDoc' but required in type 'BackendObject<Snapshot>'.
models/snapshots.ts(2,18): error TS2459: Module '"../../iso/protocol.js"' declares 'MeasureId' locally, but it is not exported.
models/snapshots.ts(9,6): error TS1268: An index signature parameter type must be 'string', 'number', 'symbol', or a template literal type.
models/snapshots.ts(21,4): error TS1268: An index signature parameter type must be 'string', 'number', 'symbol', or a template literal type.
models/snapshots.ts(81,27): error TS7053: Element implicitly has an 'any' type because expression of type 'MeasureId' can't be used to index type 'MeasurementQuery'.
../iso/measures.ts(1,15): error TS2459: Module '"./protocol.js"' declares 'MeasureId' locally, but it is not exported.
../iso/units.ts(34,63): error TS2366: Function lacks ending return statement and return type does not include 'undefined'.

7:57:19 PM - Found 10 errors. Watching for file changes.
[2J[3J[H7:57:23 PM - File change detected. Starting incremental compilation...

app.ts(10,23): error TS2459: Module '"../iso/protocol.js"' declares 'MeasureId' locally, but it is not exported.
app.ts(35,11): error TS2322: Type 'SnapshotDoc | null' is not assignable to type 'BackendObject<Snapshot> | null'.
  Property 'measureStrs' is missing in type 'SnapshotDoc' but required in type 'BackendObject<Snapshot>'.
app.ts(58,11): error TS2322: Type 'SnapshotDoc[]' is not assignable to type 'BackendObject<Snapshot>[]'.
  Property 'measureStrs' is missing in type 'SnapshotDoc' but required in type 'BackendObject<Snapshot>'.
app.ts(96,11): error TS2322: Type 'SnapshotDoc[]' is not assignable to type 'BackendObject<Snapshot>[]'.
  Property 'measureStrs' is missing in type 'SnapshotDoc' but required in type 'BackendObject<Snapshot>'.
models/snapshots.ts(2,18): error TS2459: Module '"../../iso/protocol.js"' declares 'MeasureId' locally, but it is not exported.
models/snapshots.ts(9,6): error TS1268: An index signature parameter type must be 'string', 'number', 'symbol', or a template literal type.
models/snapshots.ts(21,4): error TS1268: An index signature parameter type must be 'string', 'number', 'symbol', or a template literal type.
models/snapshots.ts(81,27): error TS7053: Element implicitly has an 'any' type because expression of type 'MeasureId' can't be used to index type 'MeasurementQuery'.
../iso/measures.ts(1,15): error TS2459: Module '"./protocol.js"' declares 'MeasureId' locally, but it is not exported.
../iso/units.ts(34,63): error TS2366: Function lacks ending return statement and return type does not include 'undefined'.

7:57:23 PM - Found 10 errors. Watching for file changes.
[2J[3J[H7:59:23 PM - File change detected. Starting incremental compilation...

app.ts(10,23): error TS2459: Module '"../iso/protocol.js"' declares 'MeasureId' locally, but it is not exported.
app.ts(35,11): error TS2322: Type 'SnapshotDoc | null' is not assignable to type 'BackendObject<Snapshot> | null'.
  Property 'measureStrs' is missing in type 'SnapshotDoc' but required in type 'BackendObject<Snapshot>'.
app.ts(58,11): error TS2322: Type 'SnapshotDoc[]' is not assignable to type 'BackendObject<Snapshot>[]'.
  Property 'measureStrs' is missing in type 'SnapshotDoc' but required in type 'BackendObject<Snapshot>'.
app.ts(96,11): error TS2322: Type 'SnapshotDoc[]' is not assignable to type 'BackendObject<Snapshot>[]'.
  Property 'measureStrs' is missing in type 'SnapshotDoc' but required in type 'BackendObject<Snapshot>'.
models/snapshots.ts(2,18): error TS2459: Module '"../../iso/protocol.js"' declares 'MeasureId' locally, but it is not exported.
models/snapshots.ts(9,6): error TS1268: An index signature parameter type must be 'string', 'number', 'symbol', or a template literal type.
models/snapshots.ts(21,4): error TS1268: An index signature parameter type must be 'string', 'number', 'symbol', or a template literal type.
models/snapshots.ts(81,27): error TS7053: Element implicitly has an 'any' type because expression of type 'MeasureId' can't be used to index type 'MeasurementQuery'.
../iso/measures.ts(1,15): error TS2459: Module '"./protocol.js"' declares 'MeasureId' locally, but it is not exported.
../iso/units.ts(34,63): error TS2366: Function lacks ending return statement and return type does not include 'undefined'.

7:59:23 PM - Found 10 errors. Watching for file changes.
[2J[3J[H7:59:48 PM - File change detected. Starting incremental compilation...

app.ts(10,23): error TS2459: Module '"../iso/protocol.js"' declares 'MeasureId' locally, but it is not exported.
app.ts(35,11): error TS2322: Type 'SnapshotDoc | null' is not assignable to type 'BackendObject<Snapshot> | null'.
  Property 'measureStrs' is missing in type 'SnapshotDoc' but required in type 'BackendObject<Snapshot>'.
app.ts(58,11): error TS2322: Type 'SnapshotDoc[]' is not assignable to type 'BackendObject<Snapshot>[]'.
  Property 'measureStrs' is missing in type 'SnapshotDoc' but required in type 'BackendObject<Snapshot>'.
app.ts(96,11): error TS2322: Type 'SnapshotDoc[]' is not assignable to type 'BackendObject<Snapshot>[]'.
  Property 'measureStrs' is missing in type 'SnapshotDoc' but required in type 'BackendObject<Snapshot>'.
models/snapshots.ts(2,18): error TS2459: Module '"../../iso/protocol.js"' declares 'MeasureId' locally, but it is not exported.
models/snapshots.ts(9,6): error TS1268: An index signature parameter type must be 'string', 'number', 'symbol', or a template literal type.
models/snapshots.ts(21,4): error TS1268: An index signature parameter type must be 'string', 'number', 'symbol', or a template literal type.
models/snapshots.ts(81,27): error TS7053: Element implicitly has an 'any' type because expression of type 'MeasureId' can't be used to index type 'MeasurementQuery'.
../iso/grade.ts(132,3): error TS2322: Type 'Font' is not assignable to type 'FrenchSport'.
  Type 'Font' is not assignable to type '{ __brand: "FrenchSport"; }'.
    Types of property '__brand' are incompatible.
      Type '"Font"' is not assignable to type '"FrenchSport"'.
../iso/measures.ts(1,15): error TS2459: Module '"./protocol.js"' declares 'MeasureId' locally, but it is not exported.
../iso/units.ts(34,63): error TS2366: Function lacks ending return statement and return type does not include 'undefined'.

7:59:48 PM - Found 11 errors. Watching for file changes.
[2J[3J[H7:59:55 PM - File change detected. Starting incremental compilation...

app.ts(10,23): error TS2459: Module '"../iso/protocol.js"' declares 'MeasureId' locally, but it is not exported.
app.ts(35,11): error TS2322: Type 'SnapshotDoc | null' is not assignable to type 'BackendObject<Snapshot> | null'.
  Property 'measureStrs' is missing in type 'SnapshotDoc' but required in type 'BackendObject<Snapshot>'.
app.ts(58,11): error TS2322: Type 'SnapshotDoc[]' is not assignable to type 'BackendObject<Snapshot>[]'.
  Property 'measureStrs' is missing in type 'SnapshotDoc' but required in type 'BackendObject<Snapshot>'.
app.ts(96,11): error TS2322: Type 'SnapshotDoc[]' is not assignable to type 'BackendObject<Snapshot>[]'.
  Property 'measureStrs' is missing in type 'SnapshotDoc' but required in type 'BackendObject<Snapshot>'.
models/snapshots.ts(2,18): error TS2459: Module '"../../iso/protocol.js"' declares 'MeasureId' locally, but it is not exported.
models/snapshots.ts(9,6): error TS1268: An index signature parameter type must be 'string', 'number', 'symbol', or a template literal type.
models/snapshots.ts(21,4): error TS1268: An index signature parameter type must be 'string', 'number', 'symbol', or a template literal type.
models/snapshots.ts(81,27): error TS7053: Element implicitly has an 'any' type because expression of type 'MeasureId' can't be used to index type 'MeasurementQuery'.
../iso/measures.ts(1,15): error TS2459: Module '"./protocol.js"' declares 'MeasureId' locally, but it is not exported.
../iso/units.ts(34,63): error TS2366: Function lacks ending return statement and return type does not include 'undefined'.

7:59:55 PM - Found 10 errors. Watching for file changes.
[2J[3J[H7:59:58 PM - File change detected. Starting incremental compilation...

app.ts(10,23): error TS2459: Module '"../iso/protocol.js"' declares 'MeasureId' locally, but it is not exported.
app.ts(35,11): error TS2322: Type 'SnapshotDoc | null' is not assignable to type 'BackendObject<Snapshot> | null'.
  Property 'measureStrs' is missing in type 'SnapshotDoc' but required in type 'BackendObject<Snapshot>'.
app.ts(58,11): error TS2322: Type 'SnapshotDoc[]' is not assignable to type 'BackendObject<Snapshot>[]'.
  Property 'measureStrs' is missing in type 'SnapshotDoc' but required in type 'BackendObject<Snapshot>'.
app.ts(96,11): error TS2322: Type 'SnapshotDoc[]' is not assignable to type 'BackendObject<Snapshot>[]'.
  Property 'measureStrs' is missing in type 'SnapshotDoc' but required in type 'BackendObject<Snapshot>'.
models/snapshots.ts(2,18): error TS2459: Module '"../../iso/protocol.js"' declares 'MeasureId' locally, but it is not exported.
models/snapshots.ts(9,6): error TS1268: An index signature parameter type must be 'string', 'number', 'symbol', or a template literal type.
models/snapshots.ts(21,4): error TS1268: An index signature parameter type must be 'string', 'number', 'symbol', or a template literal type.
models/snapshots.ts(81,27): error TS7053: Element implicitly has an 'any' type because expression of type 'MeasureId' can't be used to index type 'MeasurementQuery'.
../iso/measures.ts(1,15): error TS2459: Module '"./protocol.js"' declares 'MeasureId' locally, but it is not exported.
../iso/units.ts(34,63): error TS2366: Function lacks ending return statement and return type does not include 'undefined'.

7:59:58 PM - Found 10 errors. Watching for file changes.
[2J[3J[H8:02:29 PM - File change detected. Starting incremental compilation...

app.ts(10,23): error TS2459: Module '"../iso/protocol.js"' declares 'MeasureId' locally, but it is not exported.
app.ts(35,11): error TS2322: Type 'SnapshotDoc | null' is not assignable to type 'BackendObject<Snapshot> | null'.
  Property 'measureStrs' is missing in type 'SnapshotDoc' but required in type 'BackendObject<Snapshot>'.
app.ts(58,11): error TS2322: Type 'SnapshotDoc[]' is not assignable to type 'BackendObject<Snapshot>[]'.
  Property 'measureStrs' is missing in type 'SnapshotDoc' but required in type 'BackendObject<Snapshot>'.
app.ts(96,11): error TS2322: Type 'SnapshotDoc[]' is not assignable to type 'BackendObject<Snapshot>[]'.
  Property 'measureStrs' is missing in type 'SnapshotDoc' but required in type 'BackendObject<Snapshot>'.
models/snapshots.ts(2,18): error TS2459: Module '"../../iso/protocol.js"' declares 'MeasureId' locally, but it is not exported.
models/snapshots.ts(9,6): error TS1268: An index signature parameter type must be 'string', 'number', 'symbol', or a template literal type.
models/snapshots.ts(21,4): error TS1268: An index signature parameter type must be 'string', 'number', 'symbol', or a template literal type.
models/snapshots.ts(81,27): error TS7053: Element implicitly has an 'any' type because expression of type 'MeasureId' can't be used to index type 'MeasurementQuery'.
../iso/measures.ts(1,15): error TS2459: Module '"./protocol.js"' declares 'MeasureId' locally, but it is not exported.
../iso/units.ts(34,63): error TS2366: Function lacks ending return statement and return type does not include 'undefined'.

8:02:29 PM - Found 10 errors. Watching for file changes.
[2J[3J[H3:33:14 PM - File change detected. Starting incremental compilation...

app.ts(10,23): error TS2459: Module '"../iso/protocol.js"' declares 'MeasureId' locally, but it is not exported.
app.ts(35,11): error TS2322: Type 'SnapshotDoc | null' is not assignable to type 'BackendObject<Snapshot> | null'.
  Property 'measureStrs' is missing in type 'SnapshotDoc' but required in type 'BackendObject<Snapshot>'.
app.ts(58,11): error TS2322: Type 'SnapshotDoc[]' is not assignable to type 'BackendObject<Snapshot>[]'.
  Property 'measureStrs' is missing in type 'SnapshotDoc' but required in type 'BackendObject<Snapshot>'.
app.ts(96,11): error TS2322: Type 'SnapshotDoc[]' is not assignable to type 'BackendObject<Snapshot>[]'.
  Property 'measureStrs' is missing in type 'SnapshotDoc' but required in type 'BackendObject<Snapshot>'.
models/snapshots.ts(2,18): error TS2459: Module '"../../iso/protocol.js"' declares 'MeasureId' locally, but it is not exported.
models/snapshots.ts(9,6): error TS1268: An index signature parameter type must be 'string', 'number', 'symbol', or a template literal type.
models/snapshots.ts(21,4): error TS1268: An index signature parameter type must be 'string', 'number', 'symbol', or a template literal type.
models/snapshots.ts(81,27): error TS7053: Element implicitly has an 'any' type because expression of type 'MeasureId' can't be used to index type 'MeasurementQuery'.
../iso/measures.ts(1,15): error TS2459: Module '"./protocol.js"' declares 'MeasureId' locally, but it is not exported.
../iso/units.ts(34,63): error TS2366: Function lacks ending return statement and return type does not include 'undefined'.

3:33:14 PM - Found 10 errors. Watching for file changes.
[2J[3J[H3:33:21 PM - File change detected. Starting incremental compilation...

app.ts(10,23): error TS2459: Module '"../iso/protocol.js"' declares 'MeasureId' locally, but it is not exported.
app.ts(35,11): error TS2322: Type 'SnapshotDoc | null' is not assignable to type 'BackendObject<Snapshot> | null'.
  Property 'measureStrs' is missing in type 'SnapshotDoc' but required in type 'BackendObject<Snapshot>'.
app.ts(58,11): error TS2322: Type 'SnapshotDoc[]' is not assignable to type 'BackendObject<Snapshot>[]'.
  Property 'measureStrs' is missing in type 'SnapshotDoc' but required in type 'BackendObject<Snapshot>'.
app.ts(96,11): error TS2322: Type 'SnapshotDoc[]' is not assignable to type 'BackendObject<Snapshot>[]'.
  Property 'measureStrs' is missing in type 'SnapshotDoc' but required in type 'BackendObject<Snapshot>'.
models/snapshots.ts(2,18): error TS2459: Module '"../../iso/protocol.js"' declares 'MeasureId' locally, but it is not exported.
models/snapshots.ts(9,6): error TS1268: An index signature parameter type must be 'string', 'number', 'symbol', or a template literal type.
models/snapshots.ts(21,4): error TS1268: An index signature parameter type must be 'string', 'number', 'symbol', or a template literal type.
models/snapshots.ts(81,27): error TS7053: Element implicitly has an 'any' type because expression of type 'MeasureId' can't be used to index type 'MeasurementQuery'.
../iso/measures.ts(1,15): error TS2459: Module '"./protocol.js"' declares 'MeasureId' locally, but it is not exported.
../iso/units.ts(34,63): error TS2366: Function lacks ending return statement and return type does not include 'undefined'.

3:33:21 PM - Found 10 errors. Watching for file changes.
[2J[3J[H3:33:30 PM - File change detected. Starting incremental compilation...

app.ts(10,23): error TS2459: Module '"../iso/protocol.js"' declares 'MeasureId' locally, but it is not exported.
app.ts(35,11): error TS2322: Type 'SnapshotDoc | null' is not assignable to type 'BackendObject<Snapshot> | null'.
  Property 'measureStrs' is missing in type 'SnapshotDoc' but required in type 'BackendObject<Snapshot>'.
app.ts(58,11): error TS2322: Type 'SnapshotDoc[]' is not assignable to type 'BackendObject<Snapshot>[]'.
  Property 'measureStrs' is missing in type 'SnapshotDoc' but required in type 'BackendObject<Snapshot>'.
app.ts(96,11): error TS2322: Type 'SnapshotDoc[]' is not assignable to type 'BackendObject<Snapshot>[]'.
  Property 'measureStrs' is missing in type 'SnapshotDoc' but required in type 'BackendObject<Snapshot>'.
models/snapshots.ts(2,18): error TS2459: Module '"../../iso/protocol.js"' declares 'MeasureId' locally, but it is not exported.
models/snapshots.ts(9,6): error TS1268: An index signature parameter type must be 'string', 'number', 'symbol', or a template literal type.
models/snapshots.ts(21,4): error TS1268: An index signature parameter type must be 'string', 'number', 'symbol', or a template literal type.
models/snapshots.ts(81,27): error TS7053: Element implicitly has an 'any' type because expression of type 'MeasureId' can't be used to index type 'MeasurementQuery'.
../iso/measures.ts(1,15): error TS2459: Module '"./protocol.js"' declares 'MeasureId' locally, but it is not exported.
../iso/units.ts(34,63): error TS2366: Function lacks ending return statement and return type does not include 'undefined'.

3:33:30 PM - Found 10 errors. Watching for file changes.
[2J[3J[H3:33:40 PM - File change detected. Starting incremental compilation...

app.ts(10,23): error TS2459: Module '"../iso/protocol.js"' declares 'MeasureId' locally, but it is not exported.
app.ts(35,11): error TS2322: Type 'SnapshotDoc | null' is not assignable to type 'BackendObject<Snapshot> | null'.
  Property 'measureStrs' is missing in type 'SnapshotDoc' but required in type 'BackendObject<Snapshot>'.
app.ts(58,11): error TS2322: Type 'SnapshotDoc[]' is not assignable to type 'BackendObject<Snapshot>[]'.
  Property 'measureStrs' is missing in type 'SnapshotDoc' but required in type 'BackendObject<Snapshot>'.
app.ts(96,11): error TS2322: Type 'SnapshotDoc[]' is not assignable to type 'BackendObject<Snapshot>[]'.
  Property 'measureStrs' is missing in type 'SnapshotDoc' but required in type 'BackendObject<Snapshot>'.
models/snapshots.ts(2,18): error TS2459: Module '"../../iso/protocol.js"' declares 'MeasureId' locally, but it is not exported.
models/snapshots.ts(9,6): error TS1268: An index signature parameter type must be 'string', 'number', 'symbol', or a template literal type.
models/snapshots.ts(21,4): error TS1268: An index signature parameter type must be 'string', 'number', 'symbol', or a template literal type.
models/snapshots.ts(81,27): error TS7053: Element implicitly has an 'any' type because expression of type 'MeasureId' can't be used to index type 'MeasurementQuery'.
../iso/measures.ts(1,15): error TS2459: Module '"./protocol.js"' declares 'MeasureId' locally, but it is not exported.
../iso/units.ts(34,63): error TS2366: Function lacks ending return statement and return type does not include 'undefined'.

3:33:40 PM - Found 10 errors. Watching for file changes.
[2J[3J[H3:35:20 PM - File change detected. Starting incremental compilation...

app.ts(10,23): error TS2459: Module '"../iso/protocol.js"' declares 'MeasureId' locally, but it is not exported.
app.ts(35,11): error TS2322: Type 'SnapshotDoc | null' is not assignable to type 'BackendObject<Snapshot> | null'.
  Property 'measureStrs' is missing in type 'SnapshotDoc' but required in type 'BackendObject<Snapshot>'.
app.ts(58,11): error TS2322: Type 'SnapshotDoc[]' is not assignable to type 'BackendObject<Snapshot>[]'.
  Property 'measureStrs' is missing in type 'SnapshotDoc' but required in type 'BackendObject<Snapshot>'.
app.ts(96,11): error TS2322: Type 'SnapshotDoc[]' is not assignable to type 'BackendObject<Snapshot>[]'.
  Property 'measureStrs' is missing in type 'SnapshotDoc' but required in type 'BackendObject<Snapshot>'.
models/snapshots.ts(2,18): error TS2459: Module '"../../iso/protocol.js"' declares 'MeasureId' locally, but it is not exported.
models/snapshots.ts(9,6): error TS1268: An index signature parameter type must be 'string', 'number', 'symbol', or a template literal type.
models/snapshots.ts(21,4): error TS1268: An index signature parameter type must be 'string', 'number', 'symbol', or a template literal type.
models/snapshots.ts(81,27): error TS7053: Element implicitly has an 'any' type because expression of type 'MeasureId' can't be used to index type 'MeasurementQuery'.
../iso/measures.ts(1,15): error TS2459: Module '"./protocol.js"' declares 'MeasureId' locally, but it is not exported.
../iso/units.ts(34,63): error TS2366: Function lacks ending return statement and return type does not include 'undefined'.

3:35:20 PM - Found 10 errors. Watching for file changes.
[2J[3J[H3:35:50 PM - File change detected. Starting incremental compilation...

app.ts(10,23): error TS2459: Module '"../iso/protocol.js"' declares 'MeasureId' locally, but it is not exported.
app.ts(35,11): error TS2322: Type 'SnapshotDoc | null' is not assignable to type 'BackendObject<Snapshot> | null'.
  Property 'measureStrs' is missing in type 'SnapshotDoc' but required in type 'BackendObject<Snapshot>'.
app.ts(58,11): error TS2322: Type 'SnapshotDoc[]' is not assignable to type 'BackendObject<Snapshot>[]'.
  Property 'measureStrs' is missing in type 'SnapshotDoc' but required in type 'BackendObject<Snapshot>'.
app.ts(96,11): error TS2322: Type 'SnapshotDoc[]' is not assignable to type 'BackendObject<Snapshot>[]'.
  Property 'measureStrs' is missing in type 'SnapshotDoc' but required in type 'BackendObject<Snapshot>'.
models/snapshots.ts(2,18): error TS2459: Module '"../../iso/protocol.js"' declares 'MeasureId' locally, but it is not exported.
models/snapshots.ts(9,6): error TS1268: An index signature parameter type must be 'string', 'number', 'symbol', or a template literal type.
models/snapshots.ts(21,4): error TS1268: An index signature parameter type must be 'string', 'number', 'symbol', or a template literal type.
models/snapshots.ts(81,27): error TS7053: Element implicitly has an 'any' type because expression of type 'MeasureId' can't be used to index type 'MeasurementQuery'.
../iso/measures.ts(1,15): error TS2459: Module '"./protocol.js"' declares 'MeasureId' locally, but it is not exported.
../iso/units.ts(34,63): error TS2366: Function lacks ending return statement and return type does not include 'undefined'.

3:35:50 PM - Found 10 errors. Watching for file changes.
[2J[3J[H3:38:13 PM - File change detected. Starting incremental compilation...

app.ts(10,23): error TS2459: Module '"../iso/protocol.js"' declares 'MeasureId' locally, but it is not exported.
app.ts(35,11): error TS2322: Type 'SnapshotDoc | null' is not assignable to type 'BackendObject<Snapshot> | null'.
  Property 'measureStrs' is missing in type 'SnapshotDoc' but required in type 'BackendObject<Snapshot>'.
app.ts(58,11): error TS2322: Type 'SnapshotDoc[]' is not assignable to type 'BackendObject<Snapshot>[]'.
  Property 'measureStrs' is missing in type 'SnapshotDoc' but required in type 'BackendObject<Snapshot>'.
app.ts(96,11): error TS2322: Type 'SnapshotDoc[]' is not assignable to type 'BackendObject<Snapshot>[]'.
  Property 'measureStrs' is missing in type 'SnapshotDoc' but required in type 'BackendObject<Snapshot>'.
models/snapshots.ts(2,18): error TS2459: Module '"../../iso/protocol.js"' declares 'MeasureId' locally, but it is not exported.
models/snapshots.ts(9,6): error TS1268: An index signature parameter type must be 'string', 'number', 'symbol', or a template literal type.
models/snapshots.ts(21,4): error TS1268: An index signature parameter type must be 'string', 'number', 'symbol', or a template literal type.
models/snapshots.ts(81,27): error TS7053: Element implicitly has an 'any' type because expression of type 'MeasureId' can't be used to index type 'MeasurementQuery'.
../iso/grade.ts(387,27): error TS2345: Argument of type 'string' is not assignable to parameter of type 'never'.
  Type 'string' is not assignable to type 'never'.
../iso/measures.ts(1,15): error TS2459: Module '"./protocol.js"' declares 'MeasureId' locally, but it is not exported.
../iso/units.ts(34,63): error TS2366: Function lacks ending return statement and return type does not include 'undefined'.

3:38:13 PM - Found 11 errors. Watching for file changes.
[2J[3J[H3:39:43 PM - File change detected. Starting incremental compilation...

app.ts(10,23): error TS2459: Module '"../iso/protocol.js"' declares 'MeasureId' locally, but it is not exported.
app.ts(35,11): error TS2322: Type 'SnapshotDoc | null' is not assignable to type 'BackendObject<Snapshot> | null'.
  Property 'measureStrs' is missing in type 'SnapshotDoc' but required in type 'BackendObject<Snapshot>'.
app.ts(58,11): error TS2322: Type 'SnapshotDoc[]' is not assignable to type 'BackendObject<Snapshot>[]'.
  Property 'measureStrs' is missing in type 'SnapshotDoc' but required in type 'BackendObject<Snapshot>'.
app.ts(96,11): error TS2322: Type 'SnapshotDoc[]' is not assignable to type 'BackendObject<Snapshot>[]'.
  Property 'measureStrs' is missing in type 'SnapshotDoc' but required in type 'BackendObject<Snapshot>'.
models/snapshots.ts(2,18): error TS2459: Module '"../../iso/protocol.js"' declares 'MeasureId' locally, but it is not exported.
models/snapshots.ts(9,6): error TS1268: An index signature parameter type must be 'string', 'number', 'symbol', or a template literal type.
models/snapshots.ts(21,4): error TS1268: An index signature parameter type must be 'string', 'number', 'symbol', or a template literal type.
models/snapshots.ts(81,27): error TS7053: Element implicitly has an 'any' type because expression of type 'MeasureId' can't be used to index type 'MeasurementQuery'.
../iso/measures.ts(1,15): error TS2459: Module '"./protocol.js"' declares 'MeasureId' locally, but it is not exported.
../iso/units.ts(34,63): error TS2366: Function lacks ending return statement and return type does not include 'undefined'.

3:39:43 PM - Found 10 errors. Watching for file changes.
[2J[3J[H3:40:25 PM - File change detected. Starting incremental compilation...

app.ts(10,23): error TS2459: Module '"../iso/protocol.js"' declares 'MeasureId' locally, but it is not exported.
app.ts(35,11): error TS2322: Type 'SnapshotDoc | null' is not assignable to type 'BackendObject<Snapshot> | null'.
  Property 'measureStrs' is missing in type 'SnapshotDoc' but required in type 'BackendObject<Snapshot>'.
app.ts(58,11): error TS2322: Type 'SnapshotDoc[]' is not assignable to type 'BackendObject<Snapshot>[]'.
  Property 'measureStrs' is missing in type 'SnapshotDoc' but required in type 'BackendObject<Snapshot>'.
app.ts(96,11): error TS2322: Type 'SnapshotDoc[]' is not assignable to type 'BackendObject<Snapshot>[]'.
  Property 'measureStrs' is missing in type 'SnapshotDoc' but required in type 'BackendObject<Snapshot>'.
models/snapshots.ts(2,18): error TS2459: Module '"../../iso/protocol.js"' declares 'MeasureId' locally, but it is not exported.
models/snapshots.ts(9,6): error TS1268: An index signature parameter type must be 'string', 'number', 'symbol', or a template literal type.
models/snapshots.ts(21,4): error TS1268: An index signature parameter type must be 'string', 'number', 'symbol', or a template literal type.
models/snapshots.ts(81,27): error TS7053: Element implicitly has an 'any' type because expression of type 'MeasureId' can't be used to index type 'MeasurementQuery'.
../iso/measures.ts(1,15): error TS2459: Module '"./protocol.js"' declares 'MeasureId' locally, but it is not exported.
../iso/units.ts(34,63): error TS2366: Function lacks ending return statement and return type does not include 'undefined'.

3:40:25 PM - Found 10 errors. Watching for file changes.
[2J[3J[H3:40:32 PM - File change detected. Starting incremental compilation...

app.ts(10,23): error TS2459: Module '"../iso/protocol.js"' declares 'MeasureId' locally, but it is not exported.
app.ts(35,11): error TS2322: Type 'SnapshotDoc | null' is not assignable to type 'BackendObject<Snapshot> | null'.
  Property 'measureStrs' is missing in type 'SnapshotDoc' but required in type 'BackendObject<Snapshot>'.
app.ts(58,11): error TS2322: Type 'SnapshotDoc[]' is not assignable to type 'BackendObject<Snapshot>[]'.
  Property 'measureStrs' is missing in type 'SnapshotDoc' but required in type 'BackendObject<Snapshot>'.
app.ts(96,11): error TS2322: Type 'SnapshotDoc[]' is not assignable to type 'BackendObject<Snapshot>[]'.
  Property 'measureStrs' is missing in type 'SnapshotDoc' but required in type 'BackendObject<Snapshot>'.
models/snapshots.ts(2,18): error TS2459: Module '"../../iso/protocol.js"' declares 'MeasureId' locally, but it is not exported.
models/snapshots.ts(9,6): error TS1268: An index signature parameter type must be 'string', 'number', 'symbol', or a template literal type.
models/snapshots.ts(21,4): error TS1268: An index signature parameter type must be 'string', 'number', 'symbol', or a template literal type.
models/snapshots.ts(81,27): error TS7053: Element implicitly has an 'any' type because expression of type 'MeasureId' can't be used to index type 'MeasurementQuery'.
../iso/measures.ts(1,15): error TS2459: Module '"./protocol.js"' declares 'MeasureId' locally, but it is not exported.
../iso/units.ts(34,63): error TS2366: Function lacks ending return statement and return type does not include 'undefined'.

3:40:32 PM - Found 10 errors. Watching for file changes.
[2J[3J[H3:40:38 PM - File change detected. Starting incremental compilation...

app.ts(10,23): error TS2459: Module '"../iso/protocol.js"' declares 'MeasureId' locally, but it is not exported.
app.ts(35,11): error TS2322: Type 'SnapshotDoc | null' is not assignable to type 'BackendObject<Snapshot> | null'.
  Property 'measureStrs' is missing in type 'SnapshotDoc' but required in type 'BackendObject<Snapshot>'.
app.ts(58,11): error TS2322: Type 'SnapshotDoc[]' is not assignable to type 'BackendObject<Snapshot>[]'.
  Property 'measureStrs' is missing in type 'SnapshotDoc' but required in type 'BackendObject<Snapshot>'.
app.ts(96,11): error TS2322: Type 'SnapshotDoc[]' is not assignable to type 'BackendObject<Snapshot>[]'.
  Property 'measureStrs' is missing in type 'SnapshotDoc' but required in type 'BackendObject<Snapshot>'.
models/snapshots.ts(2,18): error TS2459: Module '"../../iso/protocol.js"' declares 'MeasureId' locally, but it is not exported.
models/snapshots.ts(9,6): error TS1268: An index signature parameter type must be 'string', 'number', 'symbol', or a template literal type.
models/snapshots.ts(21,4): error TS1268: An index signature parameter type must be 'string', 'number', 'symbol', or a template literal type.
models/snapshots.ts(81,27): error TS7053: Element implicitly has an 'any' type because expression of type 'MeasureId' can't be used to index type 'MeasurementQuery'.
../iso/measures.ts(1,15): error TS2459: Module '"./protocol.js"' declares 'MeasureId' locally, but it is not exported.
../iso/units.ts(34,63): error TS2366: Function lacks ending return statement and return type does not include 'undefined'.

3:40:38 PM - Found 10 errors. Watching for file changes.
[2J[3J[H3:40:48 PM - File change detected. Starting incremental compilation...

app.ts(10,23): error TS2459: Module '"../iso/protocol.js"' declares 'MeasureId' locally, but it is not exported.
app.ts(35,11): error TS2322: Type 'SnapshotDoc | null' is not assignable to type 'BackendObject<Snapshot> | null'.
  Property 'measureStrs' is missing in type 'SnapshotDoc' but required in type 'BackendObject<Snapshot>'.
app.ts(58,11): error TS2322: Type 'SnapshotDoc[]' is not assignable to type 'BackendObject<Snapshot>[]'.
  Property 'measureStrs' is missing in type 'SnapshotDoc' but required in type 'BackendObject<Snapshot>'.
app.ts(96,11): error TS2322: Type 'SnapshotDoc[]' is not assignable to type 'BackendObject<Snapshot>[]'.
  Property 'measureStrs' is missing in type 'SnapshotDoc' but required in type 'BackendObject<Snapshot>'.
models/snapshots.ts(2,18): error TS2459: Module '"../../iso/protocol.js"' declares 'MeasureId' locally, but it is not exported.
models/snapshots.ts(9,6): error TS1268: An index signature parameter type must be 'string', 'number', 'symbol', or a template literal type.
models/snapshots.ts(21,4): error TS1268: An index signature parameter type must be 'string', 'number', 'symbol', or a template literal type.
models/snapshots.ts(81,27): error TS7053: Element implicitly has an 'any' type because expression of type 'MeasureId' can't be used to index type 'MeasurementQuery'.
../iso/measures.ts(1,15): error TS2459: Module '"./protocol.js"' declares 'MeasureId' locally, but it is not exported.
../iso/units.ts(34,63): error TS2366: Function lacks ending return statement and return type does not include 'undefined'.

3:40:48 PM - Found 10 errors. Watching for file changes.
[2J[3J[H3:41:24 PM - File change detected. Starting incremental compilation...

app.ts(10,23): error TS2459: Module '"../iso/protocol.js"' declares 'MeasureId' locally, but it is not exported.
app.ts(35,11): error TS2322: Type 'SnapshotDoc | null' is not assignable to type 'BackendObject<Snapshot> | null'.
  Property 'measureStrs' is missing in type 'SnapshotDoc' but required in type 'BackendObject<Snapshot>'.
app.ts(58,11): error TS2322: Type 'SnapshotDoc[]' is not assignable to type 'BackendObject<Snapshot>[]'.
  Property 'measureStrs' is missing in type 'SnapshotDoc' but required in type 'BackendObject<Snapshot>'.
app.ts(96,11): error TS2322: Type 'SnapshotDoc[]' is not assignable to type 'BackendObject<Snapshot>[]'.
  Property 'measureStrs' is missing in type 'SnapshotDoc' but required in type 'BackendObject<Snapshot>'.
models/snapshots.ts(2,18): error TS2459: Module '"../../iso/protocol.js"' declares 'MeasureId' locally, but it is not exported.
models/snapshots.ts(9,6): error TS1268: An index signature parameter type must be 'string', 'number', 'symbol', or a template literal type.
models/snapshots.ts(21,4): error TS1268: An index signature parameter type must be 'string', 'number', 'symbol', or a template literal type.
models/snapshots.ts(81,27): error TS7053: Element implicitly has an 'any' type because expression of type 'MeasureId' can't be used to index type 'MeasurementQuery'.
../iso/grade.ts(29,13): error TS2456: Type alias 'Font' circularly references itself.
../iso/measures.ts(1,15): error TS2459: Module '"./protocol.js"' declares 'MeasureId' locally, but it is not exported.
../iso/units.ts(34,63): error TS2366: Function lacks ending return statement and return type does not include 'undefined'.

3:41:24 PM - Found 11 errors. Watching for file changes.
[2J[3J[H3:41:29 PM - File change detected. Starting incremental compilation...

app.ts(10,23): error TS2459: Module '"../iso/protocol.js"' declares 'MeasureId' locally, but it is not exported.
app.ts(35,11): error TS2322: Type 'SnapshotDoc | null' is not assignable to type 'BackendObject<Snapshot> | null'.
  Property 'measureStrs' is missing in type 'SnapshotDoc' but required in type 'BackendObject<Snapshot>'.
app.ts(58,11): error TS2322: Type 'SnapshotDoc[]' is not assignable to type 'BackendObject<Snapshot>[]'.
  Property 'measureStrs' is missing in type 'SnapshotDoc' but required in type 'BackendObject<Snapshot>'.
app.ts(96,11): error TS2322: Type 'SnapshotDoc[]' is not assignable to type 'BackendObject<Snapshot>[]'.
  Property 'measureStrs' is missing in type 'SnapshotDoc' but required in type 'BackendObject<Snapshot>'.
models/snapshots.ts(2,18): error TS2459: Module '"../../iso/protocol.js"' declares 'MeasureId' locally, but it is not exported.
models/snapshots.ts(9,6): error TS1268: An index signature parameter type must be 'string', 'number', 'symbol', or a template literal type.
models/snapshots.ts(21,4): error TS1268: An index signature parameter type must be 'string', 'number', 'symbol', or a template literal type.
models/snapshots.ts(81,27): error TS7053: Element implicitly has an 'any' type because expression of type 'MeasureId' can't be used to index type 'MeasurementQuery'.
../iso/measures.ts(1,15): error TS2459: Module '"./protocol.js"' declares 'MeasureId' locally, but it is not exported.
../iso/units.ts(34,63): error TS2366: Function lacks ending return statement and return type does not include 'undefined'.

3:41:29 PM - Found 10 errors. Watching for file changes.
[2J[3J[H3:43:20 PM - File change detected. Starting incremental compilation...

app.ts(10,23): error TS2459: Module '"../iso/protocol.js"' declares 'MeasureId' locally, but it is not exported.
app.ts(35,11): error TS2322: Type 'SnapshotDoc | null' is not assignable to type 'BackendObject<Snapshot> | null'.
  Property 'measureStrs' is missing in type 'SnapshotDoc' but required in type 'BackendObject<Snapshot>'.
app.ts(58,11): error TS2322: Type 'SnapshotDoc[]' is not assignable to type 'BackendObject<Snapshot>[]'.
  Property 'measureStrs' is missing in type 'SnapshotDoc' but required in type 'BackendObject<Snapshot>'.
app.ts(96,11): error TS2322: Type 'SnapshotDoc[]' is not assignable to type 'BackendObject<Snapshot>[]'.
  Property 'measureStrs' is missing in type 'SnapshotDoc' but required in type 'BackendObject<Snapshot>'.
models/snapshots.ts(2,18): error TS2459: Module '"../../iso/protocol.js"' declares 'MeasureId' locally, but it is not exported.
models/snapshots.ts(9,6): error TS1268: An index signature parameter type must be 'string', 'number', 'symbol', or a template literal type.
models/snapshots.ts(21,4): error TS1268: An index signature parameter type must be 'string', 'number', 'symbol', or a template literal type.
models/snapshots.ts(81,27): error TS7053: Element implicitly has an 'any' type because expression of type 'MeasureId' can't be used to index type 'MeasurementQuery'.
../iso/measures.ts(1,15): error TS2459: Module '"./protocol.js"' declares 'MeasureId' locally, but it is not exported.
../iso/units.ts(34,63): error TS2366: Function lacks ending return statement and return type does not include 'undefined'.

3:43:21 PM - Found 10 errors. Watching for file changes.
[2J[3J[H3:43:25 PM - File change detected. Starting incremental compilation...

app.ts(10,23): error TS2459: Module '"../iso/protocol.js"' declares 'MeasureId' locally, but it is not exported.
app.ts(35,11): error TS2322: Type 'SnapshotDoc | null' is not assignable to type 'BackendObject<Snapshot> | null'.
  Property 'measureStrs' is missing in type 'SnapshotDoc' but required in type 'BackendObject<Snapshot>'.
app.ts(58,11): error TS2322: Type 'SnapshotDoc[]' is not assignable to type 'BackendObject<Snapshot>[]'.
  Property 'measureStrs' is missing in type 'SnapshotDoc' but required in type 'BackendObject<Snapshot>'.
app.ts(96,11): error TS2322: Type 'SnapshotDoc[]' is not assignable to type 'BackendObject<Snapshot>[]'.
  Property 'measureStrs' is missing in type 'SnapshotDoc' but required in type 'BackendObject<Snapshot>'.
models/snapshots.ts(2,18): error TS2459: Module '"../../iso/protocol.js"' declares 'MeasureId' locally, but it is not exported.
models/snapshots.ts(9,6): error TS1268: An index signature parameter type must be 'string', 'number', 'symbol', or a template literal type.
models/snapshots.ts(21,4): error TS1268: An index signature parameter type must be 'string', 'number', 'symbol', or a template literal type.
models/snapshots.ts(81,27): error TS7053: Element implicitly has an 'any' type because expression of type 'MeasureId' can't be used to index type 'MeasurementQuery'.
../iso/measures.ts(1,15): error TS2459: Module '"./protocol.js"' declares 'MeasureId' locally, but it is not exported.
../iso/units.ts(34,63): error TS2366: Function lacks ending return statement and return type does not include 'undefined'.

3:43:25 PM - Found 10 errors. Watching for file changes.
[2J[3J[H3:43:44 PM - File change detected. Starting incremental compilation...

app.ts(10,23): error TS2459: Module '"../iso/protocol.js"' declares 'MeasureId' locally, but it is not exported.
app.ts(35,11): error TS2322: Type 'SnapshotDoc | null' is not assignable to type 'BackendObject<Snapshot> | null'.
  Property 'measureStrs' is missing in type 'SnapshotDoc' but required in type 'BackendObject<Snapshot>'.
app.ts(58,11): error TS2322: Type 'SnapshotDoc[]' is not assignable to type 'BackendObject<Snapshot>[]'.
  Property 'measureStrs' is missing in type 'SnapshotDoc' but required in type 'BackendObject<Snapshot>'.
app.ts(96,11): error TS2322: Type 'SnapshotDoc[]' is not assignable to type 'BackendObject<Snapshot>[]'.
  Property 'measureStrs' is missing in type 'SnapshotDoc' but required in type 'BackendObject<Snapshot>'.
models/snapshots.ts(2,18): error TS2459: Module '"../../iso/protocol.js"' declares 'MeasureId' locally, but it is not exported.
models/snapshots.ts(9,6): error TS1268: An index signature parameter type must be 'string', 'number', 'symbol', or a template literal type.
models/snapshots.ts(21,4): error TS1268: An index signature parameter type must be 'string', 'number', 'symbol', or a template literal type.
models/snapshots.ts(81,27): error TS7053: Element implicitly has an 'any' type because expression of type 'MeasureId' can't be used to index type 'MeasurementQuery'.
../iso/measures.ts(1,15): error TS2459: Module '"./protocol.js"' declares 'MeasureId' locally, but it is not exported.
../iso/units.ts(31,63): error TS2366: Function lacks ending return statement and return type does not include 'undefined'.

3:43:44 PM - Found 10 errors. Watching for file changes.
[2J[3J[H3:44:06 PM - File change detected. Starting incremental compilation...

app.ts(10,23): error TS2459: Module '"../iso/protocol.js"' declares 'MeasureId' locally, but it is not exported.
app.ts(35,11): error TS2322: Type 'SnapshotDoc | null' is not assignable to type 'BackendObject<Snapshot> | null'.
  Property 'measureStrs' is missing in type 'SnapshotDoc' but required in type 'BackendObject<Snapshot>'.
app.ts(58,11): error TS2322: Type 'SnapshotDoc[]' is not assignable to type 'BackendObject<Snapshot>[]'.
  Property 'measureStrs' is missing in type 'SnapshotDoc' but required in type 'BackendObject<Snapshot>'.
app.ts(96,11): error TS2322: Type 'SnapshotDoc[]' is not assignable to type 'BackendObject<Snapshot>[]'.
  Property 'measureStrs' is missing in type 'SnapshotDoc' but required in type 'BackendObject<Snapshot>'.
models/snapshots.ts(2,18): error TS2459: Module '"../../iso/protocol.js"' declares 'MeasureId' locally, but it is not exported.
models/snapshots.ts(9,6): error TS1268: An index signature parameter type must be 'string', 'number', 'symbol', or a template literal type.
models/snapshots.ts(21,4): error TS1268: An index signature parameter type must be 'string', 'number', 'symbol', or a template literal type.
models/snapshots.ts(81,27): error TS7053: Element implicitly has an 'any' type because expression of type 'MeasureId' can't be used to index type 'MeasurementQuery'.
../iso/measures.ts(1,15): error TS2459: Module '"./protocol.js"' declares 'MeasureId' locally, but it is not exported.
../iso/units.ts(31,63): error TS2366: Function lacks ending return statement and return type does not include 'undefined'.
../iso/units.ts(68,30): error TS2352: Conversion of type 'number' to type '"3" | "4" | "4+" | "5" | "5+" | "6A" | "6A+" | "6B" | "6B+" | "6C" | "6C+" | "7A" | "7A+" | "7B" | "7B+" | "7C" | "7C+" | "8A" | "8A+" | "8B" | "8B+" | "8C"' may be a mistake because neither type sufficiently overlaps with the other. If this was intentional, convert the expression to 'unknown' first.

3:44:06 PM - Found 11 errors. Watching for file changes.
[2J[3J[H3:48:13 PM - File change detected. Starting incremental compilation...

app.ts(10,23): error TS2459: Module '"../iso/protocol.js"' declares 'MeasureId' locally, but it is not exported.
app.ts(35,11): error TS2322: Type 'SnapshotDoc | null' is not assignable to type 'BackendObject<Snapshot> | null'.
  Property 'measureStrs' is missing in type 'SnapshotDoc' but required in type 'BackendObject<Snapshot>'.
app.ts(58,11): error TS2322: Type 'SnapshotDoc[]' is not assignable to type 'BackendObject<Snapshot>[]'.
  Property 'measureStrs' is missing in type 'SnapshotDoc' but required in type 'BackendObject<Snapshot>'.
app.ts(96,11): error TS2322: Type 'SnapshotDoc[]' is not assignable to type 'BackendObject<Snapshot>[]'.
  Property 'measureStrs' is missing in type 'SnapshotDoc' but required in type 'BackendObject<Snapshot>'.
models/snapshots.ts(2,18): error TS2459: Module '"../../iso/protocol.js"' declares 'MeasureId' locally, but it is not exported.
models/snapshots.ts(9,6): error TS1268: An index signature parameter type must be 'string', 'number', 'symbol', or a template literal type.
models/snapshots.ts(21,4): error TS1268: An index signature parameter type must be 'string', 'number', 'symbol', or a template literal type.
models/snapshots.ts(81,27): error TS7053: Element implicitly has an 'any' type because expression of type 'MeasureId' can't be used to index type 'MeasurementQuery'.
../iso/measures.ts(1,15): error TS2459: Module '"./protocol.js"' declares 'MeasureId' locally, but it is not exported.
../iso/units.ts(31,63): error TS2366: Function lacks ending return statement and return type does not include 'undefined'.
../iso/units.ts(32,24): error TS2339: Property 'type' does not exist on type 'Unit'.
  Property 'type' does not exist on type '{ unit: "second"; value: number; }'.
../iso/units.ts(38,28): error TS2339: Property 'unit' does not exist on type 'Unit'.
  Property 'unit' does not exist on type '{ type: "count"; }'.
../iso/units.ts(44,29): error TS2345: Argument of type 'Unit' is not assignable to parameter of type 'never'.
  Type '{ unit: "second"; value: number; }' is not assignable to type 'never'.
../iso/units.ts(47,28): error TS2339: Property 'unit' does not exist on type 'Unit'.
  Property 'unit' does not exist on type '{ type: "count"; }'.
../iso/units.ts(59,29): error TS2345: Argument of type 'Unit' is not assignable to parameter of type 'never'.
  Type '{ unit: "second"; value: number; }' is not assignable to type 'never'.
../iso/units.ts(62,28): error TS2339: Property 'unit' does not exist on type 'Unit'.
  Property 'unit' does not exist on type '{ type: "count"; }'.
../iso/units.ts(68,30): error TS2352: Conversion of type 'number' to type '"3" | "4" | "4+" | "5" | "5+" | "6A" | "6A+" | "6B" | "6B+" | "6C" | "6C+" | "7A" | "7A+" | "7B" | "7B+" | "7C" | "7C+" | "8A" | "8A+" | "8B" | "8B+" | "8C"' may be a mistake because neither type sufficiently overlaps with the other. If this was intentional, convert the expression to 'unknown' first.

3:48:13 PM - Found 17 errors. Watching for file changes.
[2J[3J[H3:48:27 PM - File change detected. Starting incremental compilation...

app.ts(10,23): error TS2459: Module '"../iso/protocol.js"' declares 'MeasureId' locally, but it is not exported.
app.ts(35,11): error TS2322: Type 'SnapshotDoc | null' is not assignable to type 'BackendObject<Snapshot> | null'.
  Property 'measureStrs' is missing in type 'SnapshotDoc' but required in type 'BackendObject<Snapshot>'.
app.ts(58,11): error TS2322: Type 'SnapshotDoc[]' is not assignable to type 'BackendObject<Snapshot>[]'.
  Property 'measureStrs' is missing in type 'SnapshotDoc' but required in type 'BackendObject<Snapshot>'.
app.ts(96,11): error TS2322: Type 'SnapshotDoc[]' is not assignable to type 'BackendObject<Snapshot>[]'.
  Property 'measureStrs' is missing in type 'SnapshotDoc' but required in type 'BackendObject<Snapshot>'.
models/snapshots.ts(2,18): error TS2459: Module '"../../iso/protocol.js"' declares 'MeasureId' locally, but it is not exported.
models/snapshots.ts(9,6): error TS1268: An index signature parameter type must be 'string', 'number', 'symbol', or a template literal type.
models/snapshots.ts(21,4): error TS1268: An index signature parameter type must be 'string', 'number', 'symbol', or a template literal type.
models/snapshots.ts(81,27): error TS7053: Element implicitly has an 'any' type because expression of type 'MeasureId' can't be used to index type 'MeasurementQuery'.
../iso/measures.ts(1,15): error TS2459: Module '"./protocol.js"' declares 'MeasureId' locally, but it is not exported.
../iso/units.ts(31,63): error TS2366: Function lacks ending return statement and return type does not include 'undefined'.
../iso/units.ts(32,24): error TS2339: Property 'type' does not exist on type 'Unit'.
  Property 'type' does not exist on type '{ unit: "second"; value: number; }'.
../iso/units.ts(38,28): error TS2339: Property 'unit' does not exist on type 'Unit'.
  Property 'unit' does not exist on type '{ type: "count"; }'.
../iso/units.ts(44,29): error TS2345: Argument of type 'Unit' is not assignable to parameter of type 'never'.
  Type '{ unit: "second"; value: number; }' is not assignable to type 'never'.
../iso/units.ts(47,28): error TS2339: Property 'unit' does not exist on type 'Unit'.
  Property 'unit' does not exist on type '{ type: "count"; }'.
../iso/units.ts(59,29): error TS2345: Argument of type 'Unit' is not assignable to parameter of type 'never'.
  Type '{ unit: "second"; value: number; }' is not assignable to type 'never'.
../iso/units.ts(62,28): error TS2339: Property 'unit' does not exist on type 'Unit'.
  Property 'unit' does not exist on type '{ type: "count"; }'.
../iso/units.ts(68,30): error TS2352: Conversion of type 'number' to type '"3" | "4" | "4+" | "5" | "5+" | "6A" | "6A+" | "6B" | "6B+" | "6C" | "6C+" | "7A" | "7A+" | "7B" | "7B+" | "7C" | "7C+" | "8A" | "8A+" | "8B" | "8B+" | "8C"' may be a mistake because neither type sufficiently overlaps with the other. If this was intentional, convert the expression to 'unknown' first.

3:48:27 PM - Found 17 errors. Watching for file changes.
[2J[3J[H3:48:35 PM - File change detected. Starting incremental compilation...

../iso/units.ts(130,16): error TS1005: ';' expected.
../iso/units.ts(130,17): error TS1002: Unterminated string literal.

3:48:35 PM - Found 2 errors. Watching for file changes.
[2J[3J[H3:48:38 PM - File change detected. Starting incremental compilation...

app.ts(10,23): error TS2459: Module '"../iso/protocol.js"' declares 'MeasureId' locally, but it is not exported.
app.ts(35,11): error TS2322: Type 'SnapshotDoc | null' is not assignable to type 'BackendObject<Snapshot> | null'.
  Property 'measureStrs' is missing in type 'SnapshotDoc' but required in type 'BackendObject<Snapshot>'.
app.ts(58,11): error TS2322: Type 'SnapshotDoc[]' is not assignable to type 'BackendObject<Snapshot>[]'.
  Property 'measureStrs' is missing in type 'SnapshotDoc' but required in type 'BackendObject<Snapshot>'.
app.ts(96,11): error TS2322: Type 'SnapshotDoc[]' is not assignable to type 'BackendObject<Snapshot>[]'.
  Property 'measureStrs' is missing in type 'SnapshotDoc' but required in type 'BackendObject<Snapshot>'.
models/snapshots.ts(2,18): error TS2459: Module '"../../iso/protocol.js"' declares 'MeasureId' locally, but it is not exported.
models/snapshots.ts(9,6): error TS1268: An index signature parameter type must be 'string', 'number', 'symbol', or a template literal type.
models/snapshots.ts(21,4): error TS1268: An index signature parameter type must be 'string', 'number', 'symbol', or a template literal type.
models/snapshots.ts(81,27): error TS7053: Element implicitly has an 'any' type because expression of type 'MeasureId' can't be used to index type 'MeasurementQuery'.
../iso/measures.ts(1,15): error TS2459: Module '"./protocol.js"' declares 'MeasureId' locally, but it is not exported.
../iso/units.ts(31,63): error TS2366: Function lacks ending return statement and return type does not include 'undefined'.
../iso/units.ts(32,24): error TS2339: Property 'type' does not exist on type 'Unit'.
  Property 'type' does not exist on type '{ unit: "second"; value: number; }'.
../iso/units.ts(38,28): error TS2339: Property 'unit' does not exist on type 'Unit'.
  Property 'unit' does not exist on type '{ type: "count"; }'.
../iso/units.ts(44,29): error TS2345: Argument of type 'Unit' is not assignable to parameter of type 'never'.
  Type '{ unit: "second"; value: number; }' is not assignable to type 'never'.
../iso/units.ts(47,28): error TS2339: Property 'unit' does not exist on type 'Unit'.
  Property 'unit' does not exist on type '{ type: "count"; }'.
../iso/units.ts(59,29): error TS2345: Argument of type 'Unit' is not assignable to parameter of type 'never'.
  Type '{ unit: "second"; value: number; }' is not assignable to type 'never'.
../iso/units.ts(62,28): error TS2339: Property 'unit' does not exist on type 'Unit'.
  Property 'unit' does not exist on type '{ type: "count"; }'.
../iso/units.ts(68,30): error TS2352: Conversion of type 'number' to type '"3" | "4" | "4+" | "5" | "5+" | "6A" | "6A+" | "6B" | "6B+" | "6C" | "6C+" | "7A" | "7A+" | "7B" | "7B+" | "7C" | "7C+" | "8A" | "8A+" | "8B" | "8B+" | "8C"' may be a mistake because neither type sufficiently overlaps with the other. If this was intentional, convert the expression to 'unknown' first.

3:48:38 PM - Found 17 errors. Watching for file changes.
[2J[3J[H3:48:49 PM - File change detected. Starting incremental compilation...

app.ts(10,23): error TS2459: Module '"../iso/protocol.js"' declares 'MeasureId' locally, but it is not exported.
app.ts(35,11): error TS2322: Type 'SnapshotDoc | null' is not assignable to type 'BackendObject<Snapshot> | null'.
  Property 'measureStrs' is missing in type 'SnapshotDoc' but required in type 'BackendObject<Snapshot>'.
app.ts(58,11): error TS2322: Type 'SnapshotDoc[]' is not assignable to type 'BackendObject<Snapshot>[]'.
  Property 'measureStrs' is missing in type 'SnapshotDoc' but required in type 'BackendObject<Snapshot>'.
app.ts(96,11): error TS2322: Type 'SnapshotDoc[]' is not assignable to type 'BackendObject<Snapshot>[]'.
  Property 'measureStrs' is missing in type 'SnapshotDoc' but required in type 'BackendObject<Snapshot>'.
models/snapshots.ts(2,18): error TS2459: Module '"../../iso/protocol.js"' declares 'MeasureId' locally, but it is not exported.
models/snapshots.ts(9,6): error TS1268: An index signature parameter type must be 'string', 'number', 'symbol', or a template literal type.
models/snapshots.ts(21,4): error TS1268: An index signature parameter type must be 'string', 'number', 'symbol', or a template literal type.
models/snapshots.ts(81,27): error TS7053: Element implicitly has an 'any' type because expression of type 'MeasureId' can't be used to index type 'MeasurementQuery'.
../iso/measures.ts(1,15): error TS2459: Module '"./protocol.js"' declares 'MeasureId' locally, but it is not exported.
../iso/units.ts(31,63): error TS2366: Function lacks ending return statement and return type does not include 'undefined'.
../iso/units.ts(32,24): error TS2339: Property 'type' does not exist on type 'Unit'.
  Property 'type' does not exist on type '{ unit: "second"; value: number; }'.
../iso/units.ts(38,28): error TS2339: Property 'unit' does not exist on type 'Unit'.
  Property 'unit' does not exist on type '{ type: "count"; }'.
../iso/units.ts(44,29): error TS2345: Argument of type 'Unit' is not assignable to parameter of type 'never'.
  Type '{ unit: "second"; value: number; }' is not assignable to type 'never'.
../iso/units.ts(47,28): error TS2339: Property 'unit' does not exist on type 'Unit'.
  Property 'unit' does not exist on type '{ type: "count"; }'.
../iso/units.ts(59,29): error TS2345: Argument of type 'Unit' is not assignable to parameter of type 'never'.
  Type '{ unit: "second"; value: number; }' is not assignable to type 'never'.
../iso/units.ts(62,28): error TS2339: Property 'unit' does not exist on type 'Unit'.
  Property 'unit' does not exist on type '{ type: "count"; }'.
../iso/units.ts(68,30): error TS2352: Conversion of type 'number' to type '"3" | "4" | "4+" | "5" | "5+" | "6A" | "6A+" | "6B" | "6B+" | "6C" | "6C+" | "7A" | "7A+" | "7B" | "7B+" | "7C" | "7C+" | "8A" | "8A+" | "8B" | "8B+" | "8C"' may be a mistake because neither type sufficiently overlaps with the other. If this was intentional, convert the expression to 'unknown' first.

3:48:49 PM - Found 17 errors. Watching for file changes.
[2J[3J[H3:48:55 PM - File change detected. Starting incremental compilation...

app.ts(10,23): error TS2459: Module '"../iso/protocol.js"' declares 'MeasureId' locally, but it is not exported.
app.ts(35,11): error TS2322: Type 'SnapshotDoc | null' is not assignable to type 'BackendObject<Snapshot> | null'.
  Property 'measureStrs' is missing in type 'SnapshotDoc' but required in type 'BackendObject<Snapshot>'.
app.ts(58,11): error TS2322: Type 'SnapshotDoc[]' is not assignable to type 'BackendObject<Snapshot>[]'.
  Property 'measureStrs' is missing in type 'SnapshotDoc' but required in type 'BackendObject<Snapshot>'.
app.ts(96,11): error TS2322: Type 'SnapshotDoc[]' is not assignable to type 'BackendObject<Snapshot>[]'.
  Property 'measureStrs' is missing in type 'SnapshotDoc' but required in type 'BackendObject<Snapshot>'.
models/snapshots.ts(2,18): error TS2459: Module '"../../iso/protocol.js"' declares 'MeasureId' locally, but it is not exported.
models/snapshots.ts(9,6): error TS1268: An index signature parameter type must be 'string', 'number', 'symbol', or a template literal type.
models/snapshots.ts(21,4): error TS1268: An index signature parameter type must be 'string', 'number', 'symbol', or a template literal type.
models/snapshots.ts(81,27): error TS7053: Element implicitly has an 'any' type because expression of type 'MeasureId' can't be used to index type 'MeasurementQuery'.
../iso/measures.ts(1,15): error TS2459: Module '"./protocol.js"' declares 'MeasureId' locally, but it is not exported.
../iso/units.ts(39,63): error TS2366: Function lacks ending return statement and return type does not include 'undefined'.
../iso/units.ts(40,24): error TS2339: Property 'type' does not exist on type 'Unit'.
  Property 'type' does not exist on type '{ unit: "second"; value: number; }'.
../iso/units.ts(52,29): error TS2345: Argument of type '{ unit: "second"; value: number; } | { unit: "year"; value: number; } | { unit: "meter"; value: number; } | { unit: "cm"; value: number; } | { unit: "mm"; value: number; } | { unit: "feetinches"; value: { feet: number; inches: number; }; } | ... 7 more ... | { ...; }' is not assignable to parameter of type 'never'.
  Type '{ unit: "second"; value: number; }' is not assignable to type 'never'.
../iso/units.ts(56,14): error TS2678: Type '"m"' is not comparable to type '"second" | "year" | "lb" | "kg" | "meter" | "cm" | "mm" | "feetinches" | "inches" | "vermin" | "font" | "frenchsport" | "yds" | "ircra" | "sex-at-birth" | "count"'.
../iso/units.ts(62,14): error TS2678: Type '"feet"' is not comparable to type '"second" | "year" | "lb" | "kg" | "meter" | "cm" | "mm" | "feetinches" | "inches" | "vermin" | "font" | "frenchsport" | "yds" | "ircra" | "sex-at-birth" | "count"'.
../iso/units.ts(67,29): error TS2345: Argument of type '{ unit: "second"; value: number; } | { unit: "year"; value: number; } | { unit: "lb"; value: number; } | { unit: "kg"; value: number; } | { unit: "meter"; value: number; } | { unit: "feetinches"; value: { feet: number; inches: number; }; } | ... 6 more ... | { ...; }' is not assignable to parameter of type 'never'.
  Type '{ unit: "second"; value: number; }' is not assignable to type 'never'.
../iso/units.ts(76,30): error TS2352: Conversion of type 'number' to type '"3" | "4" | "4+" | "5" | "5+" | "6A" | "6A+" | "6B" | "6B+" | "6C" | "6C+" | "7A" | "7A+" | "7B" | "7B+" | "7C" | "7C+" | "8A" | "8A+" | "8B" | "8B+" | "8C"' may be a mistake because neither type sufficiently overlaps with the other. If this was intentional, convert the expression to 'unknown' first.

3:48:55 PM - Found 16 errors. Watching for file changes.
[2J[3J[H3:49:16 PM - File change detected. Starting incremental compilation...

app.ts(10,23): error TS2459: Module '"../iso/protocol.js"' declares 'MeasureId' locally, but it is not exported.
app.ts(35,11): error TS2322: Type 'SnapshotDoc | null' is not assignable to type 'BackendObject<Snapshot> | null'.
  Property 'measureStrs' is missing in type 'SnapshotDoc' but required in type 'BackendObject<Snapshot>'.
app.ts(58,11): error TS2322: Type 'SnapshotDoc[]' is not assignable to type 'BackendObject<Snapshot>[]'.
  Property 'measureStrs' is missing in type 'SnapshotDoc' but required in type 'BackendObject<Snapshot>'.
app.ts(96,11): error TS2322: Type 'SnapshotDoc[]' is not assignable to type 'BackendObject<Snapshot>[]'.
  Property 'measureStrs' is missing in type 'SnapshotDoc' but required in type 'BackendObject<Snapshot>'.
models/snapshots.ts(2,18): error TS2459: Module '"../../iso/protocol.js"' declares 'MeasureId' locally, but it is not exported.
models/snapshots.ts(9,6): error TS1268: An index signature parameter type must be 'string', 'number', 'symbol', or a template literal type.
models/snapshots.ts(21,4): error TS1268: An index signature parameter type must be 'string', 'number', 'symbol', or a template literal type.
models/snapshots.ts(81,27): error TS7053: Element implicitly has an 'any' type because expression of type 'MeasureId' can't be used to index type 'MeasurementQuery'.
../iso/measures.ts(1,15): error TS2459: Module '"./protocol.js"' declares 'MeasureId' locally, but it is not exported.
../iso/units.ts(38,63): error TS2366: Function lacks ending return statement and return type does not include 'undefined'.
../iso/units.ts(39,19): error TS2339: Property 'unit' does not exist on type 'MeasureValue'.
../iso/units.ts(41,7): error TS2322: Type 'Unit' is not assignable to type 'number'.
  Type '{ unit: "second"; value: number; }' is not assignable to type 'number'.
../iso/units.ts(43,7): error TS2322: Type 'Unit' is not assignable to type 'number'.
  Type '{ unit: "second"; value: number; }' is not assignable to type 'number'.
../iso/units.ts(45,23): error TS2339: Property 'unit' does not exist on type 'MeasureValue'.
../iso/units.ts(47,18): error TS2362: The left-hand side of an arithmetic operation must be of type 'any', 'number', 'bigint' or an enum type.
../iso/units.ts(49,11): error TS2322: Type 'Unit' is not assignable to type 'number'.
  Type '{ unit: "second"; value: number; }' is not assignable to type 'number'.
../iso/units.ts(51,29): error TS2345: Argument of type 'any' is not assignable to parameter of type 'never'.
../iso/units.ts(51,37): error TS2339: Property 'unit' does not exist on type 'MeasureValue'.
../iso/units.ts(54,23): error TS2339: Property 'unit' does not exist on type 'MeasureValue'.
../iso/units.ts(56,11): error TS2322: Type 'Unit' is not assignable to type 'number'.
  Type '{ unit: "second"; value: number; }' is not assignable to type 'number'.
../iso/units.ts(58,18): error TS2362: The left-hand side of an arithmetic operation must be of type 'any', 'number', 'bigint' or an enum type.
../iso/units.ts(60,18): error TS2362: The left-hand side of an arithmetic operation must be of type 'any', 'number', 'bigint' or an enum type.
../iso/units.ts(62,18): error TS2362: The left-hand side of an arithmetic operation must be of type 'any', 'number', 'bigint' or an enum type.
../iso/units.ts(64,18): error TS2362: The left-hand side of an arithmetic operation must be of type 'any', 'number', 'bigint' or an enum type.
../iso/units.ts(66,29): error TS2345: Argument of type 'any' is not assignable to parameter of type 'never'.
../iso/units.ts(66,37): error TS2339: Property 'unit' does not exist on type 'MeasureValue'.
../iso/units.ts(69,23): error TS2339: Property 'unit' does not exist on type 'MeasureValue'.
../iso/units.ts(71,32): error TS2352: Conversion of type 'Unit' to type '0 | 8 | 1 | 2 | 3 | 4 | 5 | 6 | 7 | 9 | 10 | 11 | 12 | 13 | 14 | 15 | 16' may be a mistake because neither type sufficiently overlaps with the other. If this was intentional, convert the expression to 'unknown' first.
  Type '{ unit: "count"; value: number; }' is not comparable to type '0 | 8 | 1 | 2 | 3 | 4 | 5 | 6 | 7 | 9 | 10 | 11 | 12 | 13 | 14 | 15 | 16'.
../iso/units.ts(73,11): error TS2322: Type 'Unit' is not assignable to type 'number'.
  Type '{ unit: "second"; value: number; }' is not assignable to type 'number'.
../iso/units.ts(75,30): error TS2352: Conversion of type 'Unit' to type '"3" | "4" | "4+" | "5" | "5+" | "6A" | "6A+" | "6B" | "6B+" | "6C" | "6C+" | "7A" | "7A+" | "7B" | "7B+" | "7C" | "7C+" | "8A" | "8A+" | "8B" | "8B+" | "8C"' may be a mistake because neither type sufficiently overlaps with the other. If this was intentional, convert the expression to 'unknown' first.
  Type '{ unit: "count"; value: number; }' is not comparable to type '"3" | "4" | "4+" | "5" | "5+" | "6A" | "6A+" | "6B" | "6B+" | "6C" | "6C+" | "7A" | "7A+" | "7B" | "7B+" | "7C" | "7C+" | "8A" | "8A+" | "8B" | "8B+" | "8C"'.

3:49:16 PM - Found 30 errors. Watching for file changes.
[2J[3J[H3:49:55 PM - File change detected. Starting incremental compilation...

app.ts(10,23): error TS2459: Module '"../iso/protocol.js"' declares 'MeasureId' locally, but it is not exported.
app.ts(35,11): error TS2322: Type 'SnapshotDoc | null' is not assignable to type 'BackendObject<Snapshot> | null'.
  Property 'measureStrs' is missing in type 'SnapshotDoc' but required in type 'BackendObject<Snapshot>'.
app.ts(58,11): error TS2322: Type 'SnapshotDoc[]' is not assignable to type 'BackendObject<Snapshot>[]'.
  Property 'measureStrs' is missing in type 'SnapshotDoc' but required in type 'BackendObject<Snapshot>'.
app.ts(96,11): error TS2322: Type 'SnapshotDoc[]' is not assignable to type 'BackendObject<Snapshot>[]'.
  Property 'measureStrs' is missing in type 'SnapshotDoc' but required in type 'BackendObject<Snapshot>'.
models/snapshots.ts(2,18): error TS2459: Module '"../../iso/protocol.js"' declares 'MeasureId' locally, but it is not exported.
models/snapshots.ts(9,6): error TS1268: An index signature parameter type must be 'string', 'number', 'symbol', or a template literal type.
models/snapshots.ts(21,4): error TS1268: An index signature parameter type must be 'string', 'number', 'symbol', or a template literal type.
models/snapshots.ts(81,27): error TS7053: Element implicitly has an 'any' type because expression of type 'MeasureId' can't be used to index type 'MeasurementQuery'.
../iso/measures.ts(1,15): error TS2459: Module '"./protocol.js"' declares 'MeasureId' locally, but it is not exported.
../iso/protocol.ts(1,38): error TS2305: Module '"./units.js"' has no exported member 'Unit'.
../iso/units.ts(38,63): error TS2366: Function lacks ending return statement and return type does not include 'undefined'.
../iso/units.ts(39,19): error TS2339: Property 'unit' does not exist on type 'MeasureValue'.
../iso/units.ts(41,7): error TS2322: Type 'UnitValue' is not assignable to type 'number'.
  Type '{ unit: "second"; value: number; }' is not assignable to type 'number'.
../iso/units.ts(43,7): error TS2322: Type 'UnitValue' is not assignable to type 'number'.
  Type '{ unit: "second"; value: number; }' is not assignable to type 'number'.
../iso/units.ts(45,23): error TS2339: Property 'unit' does not exist on type 'MeasureValue'.
../iso/units.ts(47,18): error TS2362: The left-hand side of an arithmetic operation must be of type 'any', 'number', 'bigint' or an enum type.
../iso/units.ts(49,11): error TS2322: Type 'UnitValue' is not assignable to type 'number'.
  Type '{ unit: "second"; value: number; }' is not assignable to type 'number'.
../iso/units.ts(51,29): error TS2345: Argument of type 'any' is not assignable to parameter of type 'never'.
../iso/units.ts(51,37): error TS2339: Property 'unit' does not exist on type 'MeasureValue'.
../iso/units.ts(54,23): error TS2339: Property 'unit' does not exist on type 'MeasureValue'.
../iso/units.ts(56,11): error TS2322: Type 'UnitValue' is not assignable to type 'number'.
  Type '{ unit: "second"; value: number; }' is not assignable to type 'number'.
../iso/units.ts(58,18): error TS2362: The left-hand side of an arithmetic operation must be of type 'any', 'number', 'bigint' or an enum type.
../iso/units.ts(60,18): error TS2362: The left-hand side of an arithmetic operation must be of type 'any', 'number', 'bigint' or an enum type.
../iso/units.ts(62,18): error TS2362: The left-hand side of an arithmetic operation must be of type 'any', 'number', 'bigint' or an enum type.
../iso/units.ts(64,18): error TS2362: The left-hand side of an arithmetic operation must be of type 'any', 'number', 'bigint' or an enum type.
../iso/units.ts(66,29): error TS2345: Argument of type 'any' is not assignable to parameter of type 'never'.
../iso/units.ts(66,37): error TS2339: Property 'unit' does not exist on type 'MeasureValue'.
../iso/units.ts(69,23): error TS2339: Property 'unit' does not exist on type 'MeasureValue'.
../iso/units.ts(71,32): error TS2352: Conversion of type 'UnitValue' to type '0 | 8 | 1 | 2 | 3 | 4 | 5 | 6 | 7 | 9 | 10 | 11 | 12 | 13 | 14 | 15 | 16' may be a mistake because neither type sufficiently overlaps with the other. If this was intentional, convert the expression to 'unknown' first.
  Type '{ unit: "count"; value: number; }' is not comparable to type '0 | 8 | 1 | 2 | 3 | 4 | 5 | 6 | 7 | 9 | 10 | 11 | 12 | 13 | 14 | 15 | 16'.
../iso/units.ts(73,11): error TS2322: Type 'UnitValue' is not assignable to type 'number'.
  Type '{ unit: "second"; value: number; }' is not assignable to type 'number'.
../iso/units.ts(75,30): error TS2352: Conversion of type 'UnitValue' to type '"3" | "4" | "4+" | "5" | "5+" | "6A" | "6A+" | "6B" | "6B+" | "6C" | "6C+" | "7A" | "7A+" | "7B" | "7B+" | "7C" | "7C+" | "8A" | "8A+" | "8B" | "8B+" | "8C"' may be a mistake because neither type sufficiently overlaps with the other. If this was intentional, convert the expression to 'unknown' first.
  Type '{ unit: "count"; value: number; }' is not comparable to type '"3" | "4" | "4+" | "5" | "5+" | "6A" | "6A+" | "6B" | "6B+" | "6C" | "6C+" | "7A" | "7A+" | "7B" | "7B+" | "7C" | "7C+" | "8A" | "8A+" | "8B" | "8B+" | "8C"'.

3:49:55 PM - Found 31 errors. Watching for file changes.
[2J[3J[H3:50:23 PM - File change detected. Starting incremental compilation...

app.ts(10,23): error TS2459: Module '"../iso/protocol.js"' declares 'MeasureId' locally, but it is not exported.
app.ts(35,11): error TS2322: Type 'SnapshotDoc | null' is not assignable to type 'BackendObject<Snapshot> | null'.
  Property 'measureStrs' is missing in type 'SnapshotDoc' but required in type 'BackendObject<Snapshot>'.
app.ts(58,11): error TS2322: Type 'SnapshotDoc[]' is not assignable to type 'BackendObject<Snapshot>[]'.
  Property 'measureStrs' is missing in type 'SnapshotDoc' but required in type 'BackendObject<Snapshot>'.
app.ts(96,11): error TS2322: Type 'SnapshotDoc[]' is not assignable to type 'BackendObject<Snapshot>[]'.
  Property 'measureStrs' is missing in type 'SnapshotDoc' but required in type 'BackendObject<Snapshot>'.
models/snapshots.ts(2,18): error TS2459: Module '"../../iso/protocol.js"' declares 'MeasureId' locally, but it is not exported.
models/snapshots.ts(9,6): error TS1268: An index signature parameter type must be 'string', 'number', 'symbol', or a template literal type.
models/snapshots.ts(21,4): error TS1268: An index signature parameter type must be 'string', 'number', 'symbol', or a template literal type.
models/snapshots.ts(81,27): error TS7053: Element implicitly has an 'any' type because expression of type 'MeasureId' can't be used to index type 'MeasurementQuery'.
../iso/measures.ts(1,15): error TS2459: Module '"./protocol.js"' declares 'MeasureId' locally, but it is not exported.
../iso/protocol.ts(1,38): error TS2305: Module '"./units.js"' has no exported member 'Unit'.
../iso/units.ts(38,63): error TS2366: Function lacks ending return statement and return type does not include 'undefined'.
../iso/units.ts(39,19): error TS2339: Property 'unit' does not exist on type 'MeasureValue'.
../iso/units.ts(41,7): error TS2322: Type 'UnitValue' is not assignable to type 'number'.
  Type '{ unit: "second"; value: number; }' is not assignable to type 'number'.
../iso/units.ts(43,7): error TS2322: Type 'UnitValue' is not assignable to type 'number'.
  Type '{ unit: "second"; value: number; }' is not assignable to type 'number'.
../iso/units.ts(45,23): error TS2339: Property 'unit' does not exist on type 'MeasureValue'.
../iso/units.ts(47,18): error TS2362: The left-hand side of an arithmetic operation must be of type 'any', 'number', 'bigint' or an enum type.
../iso/units.ts(49,11): error TS2322: Type 'UnitValue' is not assignable to type 'number'.
  Type '{ unit: "second"; value: number; }' is not assignable to type 'number'.
../iso/units.ts(51,29): error TS2345: Argument of type 'any' is not assignable to parameter of type 'never'.
../iso/units.ts(51,37): error TS2339: Property 'unit' does not exist on type 'MeasureValue'.
../iso/units.ts(54,23): error TS2339: Property 'unit' does not exist on type 'MeasureValue'.
../iso/units.ts(56,11): error TS2322: Type 'UnitValue' is not assignable to type 'number'.
  Type '{ unit: "second"; value: number; }' is not assignable to type 'number'.
../iso/units.ts(58,18): error TS2362: The left-hand side of an arithmetic operation must be of type 'any', 'number', 'bigint' or an enum type.
../iso/units.ts(60,18): error TS2362: The left-hand side of an arithmetic operation must be of type 'any', 'number', 'bigint' or an enum type.
../iso/units.ts(62,18): error TS2362: The left-hand side of an arithmetic operation must be of type 'any', 'number', 'bigint' or an enum type.
../iso/units.ts(64,18): error TS2362: The left-hand side of an arithmetic operation must be of type 'any', 'number', 'bigint' or an enum type.
../iso/units.ts(66,29): error TS2345: Argument of type 'any' is not assignable to parameter of type 'never'.
../iso/units.ts(66,37): error TS2339: Property 'unit' does not exist on type 'MeasureValue'.
../iso/units.ts(69,23): error TS2339: Property 'unit' does not exist on type 'MeasureValue'.
../iso/units.ts(71,32): error TS2352: Conversion of type 'UnitValue' to type '0 | 8 | 1 | 2 | 3 | 4 | 5 | 6 | 7 | 9 | 10 | 11 | 12 | 13 | 14 | 15 | 16' may be a mistake because neither type sufficiently overlaps with the other. If this was intentional, convert the expression to 'unknown' first.
  Type '{ unit: "count"; value: number; }' is not comparable to type '0 | 8 | 1 | 2 | 3 | 4 | 5 | 6 | 7 | 9 | 10 | 11 | 12 | 13 | 14 | 15 | 16'.
../iso/units.ts(73,11): error TS2322: Type 'UnitValue' is not assignable to type 'number'.
  Type '{ unit: "second"; value: number; }' is not assignable to type 'number'.
../iso/units.ts(75,30): error TS2352: Conversion of type 'UnitValue' to type '"3" | "4" | "4+" | "5" | "5+" | "6A" | "6A+" | "6B" | "6B+" | "6C" | "6C+" | "7A" | "7A+" | "7B" | "7B+" | "7C" | "7C+" | "8A" | "8A+" | "8B" | "8B+" | "8C"' may be a mistake because neither type sufficiently overlaps with the other. If this was intentional, convert the expression to 'unknown' first.
  Type '{ unit: "count"; value: number; }' is not comparable to type '"3" | "4" | "4+" | "5" | "5+" | "6A" | "6A+" | "6B" | "6B+" | "6C" | "6C+" | "7A" | "7A+" | "7B" | "7B+" | "7C" | "7C+" | "8A" | "8A+" | "8B" | "8B+" | "8C"'.

3:50:23 PM - Found 31 errors. Watching for file changes.
[2J[3J[H3:50:37 PM - File change detected. Starting incremental compilation...

app.ts(10,23): error TS2459: Module '"../iso/protocol.js"' declares 'MeasureId' locally, but it is not exported.
app.ts(35,11): error TS2322: Type 'SnapshotDoc | null' is not assignable to type 'BackendObject<Snapshot> | null'.
  Property 'measureStrs' is missing in type 'SnapshotDoc' but required in type 'BackendObject<Snapshot>'.
app.ts(58,11): error TS2322: Type 'SnapshotDoc[]' is not assignable to type 'BackendObject<Snapshot>[]'.
  Property 'measureStrs' is missing in type 'SnapshotDoc' but required in type 'BackendObject<Snapshot>'.
app.ts(96,11): error TS2322: Type 'SnapshotDoc[]' is not assignable to type 'BackendObject<Snapshot>[]'.
  Property 'measureStrs' is missing in type 'SnapshotDoc' but required in type 'BackendObject<Snapshot>'.
models/snapshots.ts(2,18): error TS2459: Module '"../../iso/protocol.js"' declares 'MeasureId' locally, but it is not exported.
models/snapshots.ts(9,6): error TS1268: An index signature parameter type must be 'string', 'number', 'symbol', or a template literal type.
models/snapshots.ts(21,4): error TS1268: An index signature parameter type must be 'string', 'number', 'symbol', or a template literal type.
models/snapshots.ts(81,27): error TS7053: Element implicitly has an 'any' type because expression of type 'MeasureId' can't be used to index type 'MeasurementQuery'.
../iso/measures.ts(1,15): error TS2459: Module '"./protocol.js"' declares 'MeasureId' locally, but it is not exported.
../iso/protocol.ts(1,38): error TS2305: Module '"./units.js"' has no exported member 'Unit'.
../iso/units.ts(38,63): error TS2366: Function lacks ending return statement and return type does not include 'undefined'.
../iso/units.ts(40,10): error TS2678: Type '"time_s"' is not comparable to type '"second" | "year" | "lb" | "kg" | "meter" | "cm" | "mm" | "feetinches" | "inches" | "vermin" | "font" | "frenchsport" | "yds" | "ircra" | "sex-at-birth" | "count"'.
../iso/units.ts(42,10): error TS2678: Type '"time_y"' is not comparable to type '"second" | "year" | "lb" | "kg" | "meter" | "cm" | "mm" | "feetinches" | "inches" | "vermin" | "font" | "frenchsport" | "yds" | "ircra" | "sex-at-birth" | "count"'.
../iso/units.ts(44,10): error TS2678: Type '"weight"' is not comparable to type '"second" | "year" | "lb" | "kg" | "meter" | "cm" | "mm" | "feetinches" | "inches" | "vermin" | "font" | "frenchsport" | "yds" | "ircra" | "sex-at-birth" | "count"'.
../iso/units.ts(45,23): error TS2339: Property 'unit' does not exist on type 'MeasureValue'.
../iso/units.ts(51,29): error TS2345: Argument of type 'any' is not assignable to parameter of type 'never'.
../iso/units.ts(51,37): error TS2339: Property 'unit' does not exist on type 'MeasureValue'.
../iso/units.ts(53,10): error TS2678: Type '"distance"' is not comparable to type '"second" | "year" | "lb" | "kg" | "meter" | "cm" | "mm" | "feetinches" | "inches" | "vermin" | "font" | "frenchsport" | "yds" | "ircra" | "sex-at-birth" | "count"'.
../iso/units.ts(54,23): error TS2339: Property 'unit' does not exist on type 'MeasureValue'.
../iso/units.ts(66,29): error TS2345: Argument of type 'any' is not assignable to parameter of type 'never'.
../iso/units.ts(66,37): error TS2339: Property 'unit' does not exist on type 'MeasureValue'.
../iso/units.ts(68,10): error TS2678: Type '"bouldergrade"' is not comparable to type '"second" | "year" | "lb" | "kg" | "meter" | "cm" | "mm" | "feetinches" | "inches" | "vermin" | "font" | "frenchsport" | "yds" | "ircra" | "sex-at-birth" | "count"'.
../iso/units.ts(69,23): error TS2339: Property 'unit' does not exist on type 'MeasureValue'.
../iso/units.ts(77,10): error TS2678: Type '"sportgrade"' is not comparable to type '"second" | "year" | "lb" | "kg" | "meter" | "cm" | "mm" | "feetinches" | "inches" | "vermin" | "font" | "frenchsport" | "yds" | "ircra" | "sex-at-birth" | "count"'.

3:50:37 PM - Found 24 errors. Watching for file changes.
[2J[3J[H3:50:48 PM - File change detected. Starting incremental compilation...

app.ts(10,23): error TS2459: Module '"../iso/protocol.js"' declares 'MeasureId' locally, but it is not exported.
app.ts(35,11): error TS2322: Type 'SnapshotDoc | null' is not assignable to type 'BackendObject<Snapshot> | null'.
  Property 'measureStrs' is missing in type 'SnapshotDoc' but required in type 'BackendObject<Snapshot>'.
app.ts(58,11): error TS2322: Type 'SnapshotDoc[]' is not assignable to type 'BackendObject<Snapshot>[]'.
  Property 'measureStrs' is missing in type 'SnapshotDoc' but required in type 'BackendObject<Snapshot>'.
app.ts(96,11): error TS2322: Type 'SnapshotDoc[]' is not assignable to type 'BackendObject<Snapshot>[]'.
  Property 'measureStrs' is missing in type 'SnapshotDoc' but required in type 'BackendObject<Snapshot>'.
models/snapshots.ts(2,18): error TS2459: Module '"../../iso/protocol.js"' declares 'MeasureId' locally, but it is not exported.
models/snapshots.ts(9,6): error TS1268: An index signature parameter type must be 'string', 'number', 'symbol', or a template literal type.
models/snapshots.ts(21,4): error TS1268: An index signature parameter type must be 'string', 'number', 'symbol', or a template literal type.
models/snapshots.ts(81,27): error TS7053: Element implicitly has an 'any' type because expression of type 'MeasureId' can't be used to index type 'MeasurementQuery'.
../iso/measures.ts(1,15): error TS2459: Module '"./protocol.js"' declares 'MeasureId' locally, but it is not exported.
../iso/protocol.ts(1,38): error TS2305: Module '"./units.js"' has no exported member 'Unit'.
../iso/units.ts(38,63): error TS2366: Function lacks ending return statement and return type does not include 'undefined'.
../iso/units.ts(42,10): error TS2678: Type '"time_y"' is not comparable to type '"second" | "year" | "lb" | "kg" | "meter" | "cm" | "mm" | "feetinches" | "inches" | "vermin" | "font" | "frenchsport" | "yds" | "ircra" | "sex-at-birth" | "count"'.
../iso/units.ts(44,10): error TS2678: Type '"weight"' is not comparable to type '"second" | "year" | "lb" | "kg" | "meter" | "cm" | "mm" | "feetinches" | "inches" | "vermin" | "font" | "frenchsport" | "yds" | "ircra" | "sex-at-birth" | "count"'.
../iso/units.ts(45,23): error TS2339: Property 'unit' does not exist on type 'MeasureValue'.
../iso/units.ts(51,29): error TS2345: Argument of type 'any' is not assignable to parameter of type 'never'.
../iso/units.ts(51,37): error TS2339: Property 'unit' does not exist on type 'MeasureValue'.
../iso/units.ts(53,10): error TS2678: Type '"distance"' is not comparable to type '"second" | "year" | "lb" | "kg" | "meter" | "cm" | "mm" | "feetinches" | "inches" | "vermin" | "font" | "frenchsport" | "yds" | "ircra" | "sex-at-birth" | "count"'.
../iso/units.ts(54,23): error TS2339: Property 'unit' does not exist on type 'MeasureValue'.
../iso/units.ts(66,29): error TS2345: Argument of type 'any' is not assignable to parameter of type 'never'.
../iso/units.ts(66,37): error TS2339: Property 'unit' does not exist on type 'MeasureValue'.
../iso/units.ts(68,10): error TS2678: Type '"bouldergrade"' is not comparable to type '"second" | "year" | "lb" | "kg" | "meter" | "cm" | "mm" | "feetinches" | "inches" | "vermin" | "font" | "frenchsport" | "yds" | "ircra" | "sex-at-birth" | "count"'.
../iso/units.ts(69,23): error TS2339: Property 'unit' does not exist on type 'MeasureValue'.
../iso/units.ts(77,10): error TS2678: Type '"sportgrade"' is not comparable to type '"second" | "year" | "lb" | "kg" | "meter" | "cm" | "mm" | "feetinches" | "inches" | "vermin" | "font" | "frenchsport" | "yds" | "ircra" | "sex-at-birth" | "count"'.

3:50:48 PM - Found 23 errors. Watching for file changes.
[2J[3J[H3:50:50 PM - File change detected. Starting incremental compilation...

app.ts(10,23): error TS2459: Module '"../iso/protocol.js"' declares 'MeasureId' locally, but it is not exported.
app.ts(35,11): error TS2322: Type 'SnapshotDoc | null' is not assignable to type 'BackendObject<Snapshot> | null'.
  Property 'measureStrs' is missing in type 'SnapshotDoc' but required in type 'BackendObject<Snapshot>'.
app.ts(58,11): error TS2322: Type 'SnapshotDoc[]' is not assignable to type 'BackendObject<Snapshot>[]'.
  Property 'measureStrs' is missing in type 'SnapshotDoc' but required in type 'BackendObject<Snapshot>'.
app.ts(96,11): error TS2322: Type 'SnapshotDoc[]' is not assignable to type 'BackendObject<Snapshot>[]'.
  Property 'measureStrs' is missing in type 'SnapshotDoc' but required in type 'BackendObject<Snapshot>'.
models/snapshots.ts(2,18): error TS2459: Module '"../../iso/protocol.js"' declares 'MeasureId' locally, but it is not exported.
models/snapshots.ts(9,6): error TS1268: An index signature parameter type must be 'string', 'number', 'symbol', or a template literal type.
models/snapshots.ts(21,4): error TS1268: An index signature parameter type must be 'string', 'number', 'symbol', or a template literal type.
models/snapshots.ts(81,27): error TS7053: Element implicitly has an 'any' type because expression of type 'MeasureId' can't be used to index type 'MeasurementQuery'.
../iso/measures.ts(1,15): error TS2459: Module '"./protocol.js"' declares 'MeasureId' locally, but it is not exported.
../iso/protocol.ts(1,38): error TS2305: Module '"./units.js"' has no exported member 'Unit'.
../iso/units.ts(38,63): error TS2366: Function lacks ending return statement and return type does not include 'undefined'.
../iso/units.ts(43,7): error TS2322: Type '{ unit: "year"; value: number; }' is not assignable to type 'number'.
../iso/units.ts(44,10): error TS2678: Type '"weight"' is not comparable to type '"second" | "year" | "lb" | "kg" | "meter" | "cm" | "mm" | "feetinches" | "inches" | "vermin" | "font" | "frenchsport" | "yds" | "ircra" | "sex-at-birth" | "count"'.
../iso/units.ts(45,23): error TS2339: Property 'unit' does not exist on type 'MeasureValue'.
../iso/units.ts(51,29): error TS2345: Argument of type 'any' is not assignable to parameter of type 'never'.
../iso/units.ts(51,37): error TS2339: Property 'unit' does not exist on type 'MeasureValue'.
../iso/units.ts(53,10): error TS2678: Type '"distance"' is not comparable to type '"second" | "year" | "lb" | "kg" | "meter" | "cm" | "mm" | "feetinches" | "inches" | "vermin" | "font" | "frenchsport" | "yds" | "ircra" | "sex-at-birth" | "count"'.
../iso/units.ts(54,23): error TS2339: Property 'unit' does not exist on type 'MeasureValue'.
../iso/units.ts(66,29): error TS2345: Argument of type 'any' is not assignable to parameter of type 'never'.
../iso/units.ts(66,37): error TS2339: Property 'unit' does not exist on type 'MeasureValue'.
../iso/units.ts(68,10): error TS2678: Type '"bouldergrade"' is not comparable to type '"second" | "year" | "lb" | "kg" | "meter" | "cm" | "mm" | "feetinches" | "inches" | "vermin" | "font" | "frenchsport" | "yds" | "ircra" | "sex-at-birth" | "count"'.
../iso/units.ts(69,23): error TS2339: Property 'unit' does not exist on type 'MeasureValue'.
../iso/units.ts(77,10): error TS2678: Type '"sportgrade"' is not comparable to type '"second" | "year" | "lb" | "kg" | "meter" | "cm" | "mm" | "feetinches" | "inches" | "vermin" | "font" | "frenchsport" | "yds" | "ircra" | "sex-at-birth" | "count"'.

3:50:50 PM - Found 23 errors. Watching for file changes.
[2J[3J[H3:51:14 PM - File change detected. Starting incremental compilation...

../iso/units.ts(51,5): error TS1128: Declaration or statement expected.
../iso/units.ts(51,20): error TS1005: ';' expected.
../iso/units.ts(66,5): error TS1128: Declaration or statement expected.
../iso/units.ts(66,24): error TS1005: ';' expected.
../iso/units.ts(75,5): error TS1128: Declaration or statement expected.
../iso/units.ts(75,22): error TS1005: ';' expected.
../iso/units.ts(76,5): error TS1128: Declaration or statement expected.
../iso/units.ts(76,24): error TS1005: ';' expected.
../iso/units.ts(77,5): error TS1128: Declaration or statement expected.
../iso/units.ts(77,17): error TS1005: ';' expected.
../iso/units.ts(79,1): error TS1128: Declaration or statement expected.

3:51:14 PM - Found 11 errors. Watching for file changes.
[2J[3J[H3:51:39 PM - File change detected. Starting incremental compilation...

../iso/units.ts(61,5): error TS1128: Declaration or statement expected.
../iso/units.ts(61,24): error TS1005: ';' expected.
../iso/units.ts(70,5): error TS1128: Declaration or statement expected.
../iso/units.ts(70,22): error TS1005: ';' expected.
../iso/units.ts(71,5): error TS1128: Declaration or statement expected.
../iso/units.ts(71,24): error TS1005: ';' expected.
../iso/units.ts(72,5): error TS1128: Declaration or statement expected.
../iso/units.ts(72,17): error TS1005: ';' expected.
../iso/units.ts(74,1): error TS1128: Declaration or statement expected.

3:51:39 PM - Found 9 errors. Watching for file changes.
[2J[3J[H3:52:00 PM - File change detected. Starting incremental compilation...

app.ts(10,23): error TS2459: Module '"../iso/protocol.js"' declares 'MeasureId' locally, but it is not exported.
app.ts(35,11): error TS2322: Type 'SnapshotDoc | null' is not assignable to type 'BackendObject<Snapshot> | null'.
  Property 'measureStrs' is missing in type 'SnapshotDoc' but required in type 'BackendObject<Snapshot>'.
app.ts(58,11): error TS2322: Type 'SnapshotDoc[]' is not assignable to type 'BackendObject<Snapshot>[]'.
  Property 'measureStrs' is missing in type 'SnapshotDoc' but required in type 'BackendObject<Snapshot>'.
app.ts(96,11): error TS2322: Type 'SnapshotDoc[]' is not assignable to type 'BackendObject<Snapshot>[]'.
  Property 'measureStrs' is missing in type 'SnapshotDoc' but required in type 'BackendObject<Snapshot>'.
models/snapshots.ts(2,18): error TS2459: Module '"../../iso/protocol.js"' declares 'MeasureId' locally, but it is not exported.
models/snapshots.ts(9,6): error TS1268: An index signature parameter type must be 'string', 'number', 'symbol', or a template literal type.
models/snapshots.ts(21,4): error TS1268: An index signature parameter type must be 'string', 'number', 'symbol', or a template literal type.
models/snapshots.ts(81,27): error TS7053: Element implicitly has an 'any' type because expression of type 'MeasureId' can't be used to index type 'MeasurementQuery'.
../iso/measures.ts(1,15): error TS2459: Module '"./protocol.js"' declares 'MeasureId' locally, but it is not exported.
../iso/protocol.ts(1,38): error TS2305: Module '"./units.js"' has no exported member 'Unit'.
../iso/units.ts(38,63): error TS2366: Function lacks ending return statement and return type does not include 'undefined'.
../iso/units.ts(54,10): error TS2678: Type '"feet"' is not comparable to type '"second" | "year" | "lb" | "kg" | "m" | "cm" | "mm" | "feetinches" | "inches" | "vermin" | "font" | "frenchsport" | "yds" | "ircra" | "sex-at-birth" | "count"'.
../iso/units.ts(57,14): error TS2362: The left-hand side of an arithmetic operation must be of type 'any', 'number', 'bigint' or an enum type.
../iso/units.ts(58,10): error TS2678: Type '"bouldergrade"' is not comparable to type '"second" | "year" | "lb" | "kg" | "m" | "cm" | "mm" | "feetinches" | "inches" | "vermin" | "font" | "frenchsport" | "yds" | "ircra" | "sex-at-birth" | "count"'.
../iso/units.ts(59,23): error TS2339: Property 'unit' does not exist on type 'MeasureValue'.
../iso/units.ts(67,10): error TS2678: Type '"sportgrade"' is not comparable to type '"second" | "year" | "lb" | "kg" | "m" | "cm" | "mm" | "feetinches" | "inches" | "vermin" | "font" | "frenchsport" | "yds" | "ircra" | "sex-at-birth" | "count"'.

3:52:00 PM - Found 16 errors. Watching for file changes.
[2J[3J[H3:52:30 PM - File change detected. Starting incremental compilation...

app.ts(10,23): error TS2459: Module '"../iso/protocol.js"' declares 'MeasureId' locally, but it is not exported.
app.ts(35,11): error TS2322: Type 'SnapshotDoc | null' is not assignable to type 'BackendObject<Snapshot> | null'.
  Property 'measureStrs' is missing in type 'SnapshotDoc' but required in type 'BackendObject<Snapshot>'.
app.ts(58,11): error TS2322: Type 'SnapshotDoc[]' is not assignable to type 'BackendObject<Snapshot>[]'.
  Property 'measureStrs' is missing in type 'SnapshotDoc' but required in type 'BackendObject<Snapshot>'.
app.ts(96,11): error TS2322: Type 'SnapshotDoc[]' is not assignable to type 'BackendObject<Snapshot>[]'.
  Property 'measureStrs' is missing in type 'SnapshotDoc' but required in type 'BackendObject<Snapshot>'.
models/snapshots.ts(2,18): error TS2459: Module '"../../iso/protocol.js"' declares 'MeasureId' locally, but it is not exported.
models/snapshots.ts(9,6): error TS1268: An index signature parameter type must be 'string', 'number', 'symbol', or a template literal type.
models/snapshots.ts(21,4): error TS1268: An index signature parameter type must be 'string', 'number', 'symbol', or a template literal type.
models/snapshots.ts(81,27): error TS7053: Element implicitly has an 'any' type because expression of type 'MeasureId' can't be used to index type 'MeasurementQuery'.
../iso/measures.ts(1,15): error TS2459: Module '"./protocol.js"' declares 'MeasureId' locally, but it is not exported.
../iso/protocol.ts(1,38): error TS2305: Module '"./units.js"' has no exported member 'Unit'.
../iso/units.ts(38,63): error TS2366: Function lacks ending return statement and return type does not include 'undefined'.
../iso/units.ts(57,14): error TS2362: The left-hand side of an arithmetic operation must be of type 'any', 'number', 'bigint' or an enum type.
../iso/units.ts(58,10): error TS2678: Type '"bouldergrade"' is not comparable to type '"second" | "year" | "lb" | "kg" | "m" | "cm" | "mm" | "feetinches" | "inches" | "vermin" | "font" | "frenchsport" | "yds" | "ircra" | "sex-at-birth" | "count"'.
../iso/units.ts(59,23): error TS2339: Property 'unit' does not exist on type 'MeasureValue'.
../iso/units.ts(67,10): error TS2678: Type '"sportgrade"' is not comparable to type '"second" | "year" | "lb" | "kg" | "m" | "cm" | "mm" | "feetinches" | "inches" | "vermin" | "font" | "frenchsport" | "yds" | "ircra" | "sex-at-birth" | "count"'.

3:52:30 PM - Found 15 errors. Watching for file changes.
[2J[3J[H3:52:46 PM - File change detected. Starting incremental compilation...

app.ts(10,23): error TS2459: Module '"../iso/protocol.js"' declares 'MeasureId' locally, but it is not exported.
app.ts(35,11): error TS2322: Type 'SnapshotDoc | null' is not assignable to type 'BackendObject<Snapshot> | null'.
  Property 'measureStrs' is missing in type 'SnapshotDoc' but required in type 'BackendObject<Snapshot>'.
app.ts(58,11): error TS2322: Type 'SnapshotDoc[]' is not assignable to type 'BackendObject<Snapshot>[]'.
  Property 'measureStrs' is missing in type 'SnapshotDoc' but required in type 'BackendObject<Snapshot>'.
app.ts(96,11): error TS2322: Type 'SnapshotDoc[]' is not assignable to type 'BackendObject<Snapshot>[]'.
  Property 'measureStrs' is missing in type 'SnapshotDoc' but required in type 'BackendObject<Snapshot>'.
models/snapshots.ts(2,18): error TS2459: Module '"../../iso/protocol.js"' declares 'MeasureId' locally, but it is not exported.
models/snapshots.ts(9,6): error TS1268: An index signature parameter type must be 'string', 'number', 'symbol', or a template literal type.
models/snapshots.ts(21,4): error TS1268: An index signature parameter type must be 'string', 'number', 'symbol', or a template literal type.
models/snapshots.ts(81,27): error TS7053: Element implicitly has an 'any' type because expression of type 'MeasureId' can't be used to index type 'MeasurementQuery'.
../iso/measures.ts(1,15): error TS2459: Module '"./protocol.js"' declares 'MeasureId' locally, but it is not exported.
../iso/protocol.ts(1,38): error TS2305: Module '"./units.js"' has no exported member 'Unit'.
../iso/units.ts(38,63): error TS2366: Function lacks ending return statement and return type does not include 'undefined'.
../iso/units.ts(60,14): error TS2362: The left-hand side of an arithmetic operation must be of type 'any', 'number', 'bigint' or an enum type.
../iso/units.ts(61,10): error TS2678: Type '"bouldergrade"' is not comparable to type '"second" | "year" | "lb" | "kg" | "m" | "cm" | "mm" | "feetinches" | "inches" | "vermin" | "font" | "frenchsport" | "yds" | "ircra" | "sex-at-birth" | "count"'.
../iso/units.ts(62,23): error TS2339: Property 'unit' does not exist on type 'MeasureValue'.
../iso/units.ts(70,10): error TS2678: Type '"sportgrade"' is not comparable to type '"second" | "year" | "lb" | "kg" | "m" | "cm" | "mm" | "feetinches" | "inches" | "vermin" | "font" | "frenchsport" | "yds" | "ircra" | "sex-at-birth" | "count"'.

3:52:46 PM - Found 15 errors. Watching for file changes.
[2J[3J[H3:52:51 PM - File change detected. Starting incremental compilation...

app.ts(10,23): error TS2459: Module '"../iso/protocol.js"' declares 'MeasureId' locally, but it is not exported.
app.ts(35,11): error TS2322: Type 'SnapshotDoc | null' is not assignable to type 'BackendObject<Snapshot> | null'.
  Property 'measureStrs' is missing in type 'SnapshotDoc' but required in type 'BackendObject<Snapshot>'.
app.ts(58,11): error TS2322: Type 'SnapshotDoc[]' is not assignable to type 'BackendObject<Snapshot>[]'.
  Property 'measureStrs' is missing in type 'SnapshotDoc' but required in type 'BackendObject<Snapshot>'.
app.ts(96,11): error TS2322: Type 'SnapshotDoc[]' is not assignable to type 'BackendObject<Snapshot>[]'.
  Property 'measureStrs' is missing in type 'SnapshotDoc' but required in type 'BackendObject<Snapshot>'.
models/snapshots.ts(2,18): error TS2459: Module '"../../iso/protocol.js"' declares 'MeasureId' locally, but it is not exported.
models/snapshots.ts(9,6): error TS1268: An index signature parameter type must be 'string', 'number', 'symbol', or a template literal type.
models/snapshots.ts(21,4): error TS1268: An index signature parameter type must be 'string', 'number', 'symbol', or a template literal type.
models/snapshots.ts(81,27): error TS7053: Element implicitly has an 'any' type because expression of type 'MeasureId' can't be used to index type 'MeasurementQuery'.
../iso/measures.ts(1,15): error TS2459: Module '"./protocol.js"' declares 'MeasureId' locally, but it is not exported.
../iso/protocol.ts(1,38): error TS2305: Module '"./units.js"' has no exported member 'Unit'.
../iso/units.ts(38,63): error TS2366: Function lacks ending return statement and return type does not include 'undefined'.
../iso/units.ts(61,10): error TS2678: Type '"bouldergrade"' is not comparable to type '"second" | "year" | "lb" | "kg" | "m" | "cm" | "mm" | "feetinches" | "inches" | "vermin" | "font" | "frenchsport" | "yds" | "ircra" | "sex-at-birth" | "count"'.
../iso/units.ts(62,23): error TS2339: Property 'unit' does not exist on type 'MeasureValue'.
../iso/units.ts(70,10): error TS2678: Type '"sportgrade"' is not comparable to type '"second" | "year" | "lb" | "kg" | "m" | "cm" | "mm" | "feetinches" | "inches" | "vermin" | "font" | "frenchsport" | "yds" | "ircra" | "sex-at-birth" | "count"'.

3:52:51 PM - Found 14 errors. Watching for file changes.
[2J[3J[H3:53:09 PM - File change detected. Starting incremental compilation...

app.ts(10,23): error TS2459: Module '"../iso/protocol.js"' declares 'MeasureId' locally, but it is not exported.
app.ts(35,11): error TS2322: Type 'SnapshotDoc | null' is not assignable to type 'BackendObject<Snapshot> | null'.
  Property 'measureStrs' is missing in type 'SnapshotDoc' but required in type 'BackendObject<Snapshot>'.
app.ts(58,11): error TS2322: Type 'SnapshotDoc[]' is not assignable to type 'BackendObject<Snapshot>[]'.
  Property 'measureStrs' is missing in type 'SnapshotDoc' but required in type 'BackendObject<Snapshot>'.
app.ts(96,11): error TS2322: Type 'SnapshotDoc[]' is not assignable to type 'BackendObject<Snapshot>[]'.
  Property 'measureStrs' is missing in type 'SnapshotDoc' but required in type 'BackendObject<Snapshot>'.
models/snapshots.ts(2,18): error TS2459: Module '"../../iso/protocol.js"' declares 'MeasureId' locally, but it is not exported.
models/snapshots.ts(9,6): error TS1268: An index signature parameter type must be 'string', 'number', 'symbol', or a template literal type.
models/snapshots.ts(21,4): error TS1268: An index signature parameter type must be 'string', 'number', 'symbol', or a template literal type.
models/snapshots.ts(81,27): error TS7053: Element implicitly has an 'any' type because expression of type 'MeasureId' can't be used to index type 'MeasurementQuery'.
../iso/measures.ts(1,15): error TS2459: Module '"./protocol.js"' declares 'MeasureId' locally, but it is not exported.
../iso/protocol.ts(1,38): error TS2305: Module '"./units.js"' has no exported member 'Unit'.
../iso/units.ts(62,28): error TS2352: Conversion of type '{ unit: "vermin"; value: 0 | 8 | 1 | 12 | 2 | 3 | 4 | 5 | 6 | 7 | 9 | 10 | 11 | 13 | 14 | 15 | 16; }' to type '0 | 8 | 1 | 12 | 2 | 3 | 4 | 5 | 6 | 7 | 9 | 10 | 11 | 13 | 14 | 15 | 16' may be a mistake because neither type sufficiently overlaps with the other. If this was intentional, convert the expression to 'unknown' first.
../iso/units.ts(64,7): error TS2322: Type '{ unit: "ircra"; value: IRCRAGrade; }' is not assignable to type 'number'.
../iso/units.ts(66,26): error TS2352: Conversion of type '{ unit: "font"; value: "3" | "4" | "4+" | "5" | "5+" | "6A" | "6A+" | "6B" | "6B+" | "6C" | "6C+" | "7A" | "7A+" | "7B" | "7B+" | "7C" | "7C+" | "8A" | "8A+" | "8B" | "8B+" | "8C"; }' to type '"3" | "4" | "4+" | "5" | "5+" | "6A" | "6A+" | "6B" | "6B+" | "6C" | "6C+" | "7A" | "7A+" | "7B" | "7B+" | "7C" | "7C+" | "8A" | "8A+" | "8B" | "8B+" | "8C"' may be a mistake because neither type sufficiently overlaps with the other. If this was intentional, convert the expression to 'unknown' first.
../iso/units.ts(67,10): error TS2678: Type '"sportgrade"' is not comparable to type '"second" | "year" | "lb" | "kg" | "m" | "cm" | "mm" | "feetinches" | "inches" | "vermin" | "font" | "frenchsport" | "yds" | "ircra" | "sex-at-birth" | "count"'.
../iso/units.ts(71,23): error TS2345: Argument of type '{ unit: "frenchsport"; value: "5" | "5+" | "6a" | "6a+" | "6b" | "6b+" | "6c" | "6c+" | "7a" | "7a+" | "7b" | "7b+" | "7c" | "7c+" | "8a" | "8a+" | "8b" | "8b+" | "8c" | "8c+" | "9a" | "9a+" | "9b" | "9b+"; } | { ...; } | { ...; } | { ...; }' is not assignable to parameter of type 'never'.
  Type '{ unit: "frenchsport"; value: "5" | "5+" | "6a" | "6a+" | "6b" | "6b+" | "6c" | "6c+" | "7a" | "7a+" | "7b" | "7b+" | "7c" | "7c+" | "8a" | "8a+" | "8b" | "8b+" | "8c" | "8c+" | "9a" | "9a+" | "9b" | "9b+"; }' is not assignable to type 'never'.

3:53:10 PM - Found 15 errors. Watching for file changes.
[2J[3J[H3:53:21 PM - File change detected. Starting incremental compilation...

app.ts(10,23): error TS2459: Module '"../iso/protocol.js"' declares 'MeasureId' locally, but it is not exported.
app.ts(35,11): error TS2322: Type 'SnapshotDoc | null' is not assignable to type 'BackendObject<Snapshot> | null'.
  Property 'measureStrs' is missing in type 'SnapshotDoc' but required in type 'BackendObject<Snapshot>'.
app.ts(58,11): error TS2322: Type 'SnapshotDoc[]' is not assignable to type 'BackendObject<Snapshot>[]'.
  Property 'measureStrs' is missing in type 'SnapshotDoc' but required in type 'BackendObject<Snapshot>'.
app.ts(96,11): error TS2322: Type 'SnapshotDoc[]' is not assignable to type 'BackendObject<Snapshot>[]'.
  Property 'measureStrs' is missing in type 'SnapshotDoc' but required in type 'BackendObject<Snapshot>'.
models/snapshots.ts(2,18): error TS2459: Module '"../../iso/protocol.js"' declares 'MeasureId' locally, but it is not exported.
models/snapshots.ts(9,6): error TS1268: An index signature parameter type must be 'string', 'number', 'symbol', or a template literal type.
models/snapshots.ts(21,4): error TS1268: An index signature parameter type must be 'string', 'number', 'symbol', or a template literal type.
models/snapshots.ts(81,27): error TS7053: Element implicitly has an 'any' type because expression of type 'MeasureId' can't be used to index type 'MeasurementQuery'.
../iso/measures.ts(1,15): error TS2459: Module '"./protocol.js"' declares 'MeasureId' locally, but it is not exported.
../iso/protocol.ts(1,38): error TS2305: Module '"./units.js"' has no exported member 'Unit'.
../iso/units.ts(62,28): error TS2352: Conversion of type '{ unit: "vermin"; value: 0 | 8 | 1 | 12 | 2 | 3 | 4 | 5 | 6 | 7 | 9 | 10 | 11 | 13 | 14 | 15 | 16; }' to type '0 | 8 | 1 | 12 | 2 | 3 | 4 | 5 | 6 | 7 | 9 | 10 | 11 | 13 | 14 | 15 | 16' may be a mistake because neither type sufficiently overlaps with the other. If this was intentional, convert the expression to 'unknown' first.
../iso/units.ts(64,14): error TS2352: Conversion of type '{ unit: "ircra"; value: IRCRAGrade; }' to type 'number' may be a mistake because neither type sufficiently overlaps with the other. If this was intentional, convert the expression to 'unknown' first.
../iso/units.ts(66,26): error TS2352: Conversion of type '{ unit: "font"; value: "3" | "4" | "4+" | "5" | "5+" | "6A" | "6A+" | "6B" | "6B+" | "6C" | "6C+" | "7A" | "7A+" | "7B" | "7B+" | "7C" | "7C+" | "8A" | "8A+" | "8B" | "8B+" | "8C"; }' to type '"3" | "4" | "4+" | "5" | "5+" | "6A" | "6A+" | "6B" | "6B+" | "6C" | "6C+" | "7A" | "7A+" | "7B" | "7B+" | "7C" | "7C+" | "8A" | "8A+" | "8B" | "8B+" | "8C"' may be a mistake because neither type sufficiently overlaps with the other. If this was intentional, convert the expression to 'unknown' first.
../iso/units.ts(67,10): error TS2678: Type '"sportgrade"' is not comparable to type '"second" | "year" | "lb" | "kg" | "m" | "cm" | "mm" | "feetinches" | "inches" | "vermin" | "font" | "frenchsport" | "yds" | "ircra" | "sex-at-birth" | "count"'.
../iso/units.ts(71,25): error TS2345: Argument of type '{ unit: "frenchsport"; value: "5" | "5+" | "6a" | "6a+" | "6b" | "6b+" | "6c" | "6c+" | "7a" | "7a+" | "7b" | "7b+" | "7c" | "7c+" | "8a" | "8a+" | "8b" | "8b+" | "8c" | "8c+" | "9a" | "9a+" | "9b" | "9b+"; } | { ...; } | { ...; } | { ...; }' is not assignable to parameter of type 'never'.
  Type '{ unit: "frenchsport"; value: "5" | "5+" | "6a" | "6a+" | "6b" | "6b+" | "6c" | "6c+" | "7a" | "7a+" | "7b" | "7b+" | "7c" | "7c+" | "8a" | "8a+" | "8b" | "8b+" | "8c" | "8c+" | "9a" | "9a+" | "9b" | "9b+"; }' is not assignable to type 'never'.

3:53:21 PM - Found 15 errors. Watching for file changes.
[2J[3J[H3:53:25 PM - File change detected. Starting incremental compilation...

app.ts(10,23): error TS2459: Module '"../iso/protocol.js"' declares 'MeasureId' locally, but it is not exported.
app.ts(35,11): error TS2322: Type 'SnapshotDoc | null' is not assignable to type 'BackendObject<Snapshot> | null'.
  Property 'measureStrs' is missing in type 'SnapshotDoc' but required in type 'BackendObject<Snapshot>'.
app.ts(58,11): error TS2322: Type 'SnapshotDoc[]' is not assignable to type 'BackendObject<Snapshot>[]'.
  Property 'measureStrs' is missing in type 'SnapshotDoc' but required in type 'BackendObject<Snapshot>'.
app.ts(96,11): error TS2322: Type 'SnapshotDoc[]' is not assignable to type 'BackendObject<Snapshot>[]'.
  Property 'measureStrs' is missing in type 'SnapshotDoc' but required in type 'BackendObject<Snapshot>'.
models/snapshots.ts(2,18): error TS2459: Module '"../../iso/protocol.js"' declares 'MeasureId' locally, but it is not exported.
models/snapshots.ts(9,6): error TS1268: An index signature parameter type must be 'string', 'number', 'symbol', or a template literal type.
models/snapshots.ts(21,4): error TS1268: An index signature parameter type must be 'string', 'number', 'symbol', or a template literal type.
models/snapshots.ts(81,27): error TS7053: Element implicitly has an 'any' type because expression of type 'MeasureId' can't be used to index type 'MeasurementQuery'.
../iso/measures.ts(1,15): error TS2459: Module '"./protocol.js"' declares 'MeasureId' locally, but it is not exported.
../iso/protocol.ts(1,38): error TS2305: Module '"./units.js"' has no exported member 'Unit'.
../iso/units.ts(62,28): error TS2352: Conversion of type '{ unit: "vermin"; value: 0 | 8 | 1 | 12 | 2 | 3 | 4 | 5 | 6 | 7 | 9 | 10 | 11 | 13 | 14 | 15 | 16; }' to type '0 | 8 | 1 | 12 | 2 | 3 | 4 | 5 | 6 | 7 | 9 | 10 | 11 | 13 | 14 | 15 | 16' may be a mistake because neither type sufficiently overlaps with the other. If this was intentional, convert the expression to 'unknown' first.
../iso/units.ts(66,26): error TS2352: Conversion of type '{ unit: "font"; value: "3" | "4" | "4+" | "5" | "5+" | "6A" | "6A+" | "6B" | "6B+" | "6C" | "6C+" | "7A" | "7A+" | "7B" | "7B+" | "7C" | "7C+" | "8A" | "8A+" | "8B" | "8B+" | "8C"; }' to type '"3" | "4" | "4+" | "5" | "5+" | "6A" | "6A+" | "6B" | "6B+" | "6C" | "6C+" | "7A" | "7A+" | "7B" | "7B+" | "7C" | "7C+" | "8A" | "8A+" | "8B" | "8B+" | "8C"' may be a mistake because neither type sufficiently overlaps with the other. If this was intentional, convert the expression to 'unknown' first.
../iso/units.ts(67,10): error TS2678: Type '"sportgrade"' is not comparable to type '"second" | "year" | "lb" | "kg" | "m" | "cm" | "mm" | "feetinches" | "inches" | "vermin" | "font" | "frenchsport" | "yds" | "ircra" | "sex-at-birth" | "count"'.
../iso/units.ts(71,25): error TS2345: Argument of type '{ unit: "frenchsport"; value: "5" | "5+" | "6a" | "6a+" | "6b" | "6b+" | "6c" | "6c+" | "7a" | "7a+" | "7b" | "7b+" | "7c" | "7c+" | "8a" | "8a+" | "8b" | "8b+" | "8c" | "8c+" | "9a" | "9a+" | "9b" | "9b+"; } | { ...; } | { ...; } | { ...; }' is not assignable to parameter of type 'never'.
  Type '{ unit: "frenchsport"; value: "5" | "5+" | "6a" | "6a+" | "6b" | "6b+" | "6c" | "6c+" | "7a" | "7a+" | "7b" | "7b+" | "7c" | "7c+" | "8a" | "8a+" | "8b" | "8b+" | "8c" | "8c+" | "9a" | "9a+" | "9b" | "9b+"; }' is not assignable to type 'never'.

3:53:25 PM - Found 14 errors. Watching for file changes.
[2J[3J[H3:53:31 PM - File change detected. Starting incremental compilation...

app.ts(10,23): error TS2459: Module '"../iso/protocol.js"' declares 'MeasureId' locally, but it is not exported.
app.ts(35,11): error TS2322: Type 'SnapshotDoc | null' is not assignable to type 'BackendObject<Snapshot> | null'.
  Property 'measureStrs' is missing in type 'SnapshotDoc' but required in type 'BackendObject<Snapshot>'.
app.ts(58,11): error TS2322: Type 'SnapshotDoc[]' is not assignable to type 'BackendObject<Snapshot>[]'.
  Property 'measureStrs' is missing in type 'SnapshotDoc' but required in type 'BackendObject<Snapshot>'.
app.ts(96,11): error TS2322: Type 'SnapshotDoc[]' is not assignable to type 'BackendObject<Snapshot>[]'.
  Property 'measureStrs' is missing in type 'SnapshotDoc' but required in type 'BackendObject<Snapshot>'.
models/snapshots.ts(2,18): error TS2459: Module '"../../iso/protocol.js"' declares 'MeasureId' locally, but it is not exported.
models/snapshots.ts(9,6): error TS1268: An index signature parameter type must be 'string', 'number', 'symbol', or a template literal type.
models/snapshots.ts(21,4): error TS1268: An index signature parameter type must be 'string', 'number', 'symbol', or a template literal type.
models/snapshots.ts(81,27): error TS7053: Element implicitly has an 'any' type because expression of type 'MeasureId' can't be used to index type 'MeasurementQuery'.
../iso/measures.ts(1,15): error TS2459: Module '"./protocol.js"' declares 'MeasureId' locally, but it is not exported.
../iso/protocol.ts(1,38): error TS2305: Module '"./units.js"' has no exported member 'Unit'.
../iso/units.ts(66,26): error TS2352: Conversion of type '{ unit: "font"; value: "3" | "4" | "4+" | "5" | "5+" | "6A" | "6A+" | "6B" | "6B+" | "6C" | "6C+" | "7A" | "7A+" | "7B" | "7B+" | "7C" | "7C+" | "8A" | "8A+" | "8B" | "8B+" | "8C"; }' to type '"3" | "4" | "4+" | "5" | "5+" | "6A" | "6A+" | "6B" | "6B+" | "6C" | "6C+" | "7A" | "7A+" | "7B" | "7B+" | "7C" | "7C+" | "8A" | "8A+" | "8B" | "8B+" | "8C"' may be a mistake because neither type sufficiently overlaps with the other. If this was intentional, convert the expression to 'unknown' first.
../iso/units.ts(67,10): error TS2678: Type '"sportgrade"' is not comparable to type '"second" | "year" | "lb" | "kg" | "m" | "cm" | "mm" | "feetinches" | "inches" | "vermin" | "font" | "frenchsport" | "yds" | "ircra" | "sex-at-birth" | "count"'.
../iso/units.ts(71,25): error TS2345: Argument of type '{ unit: "frenchsport"; value: "5" | "5+" | "6a" | "6a+" | "6b" | "6b+" | "6c" | "6c+" | "7a" | "7a+" | "7b" | "7b+" | "7c" | "7c+" | "8a" | "8a+" | "8b" | "8b+" | "8c" | "8c+" | "9a" | "9a+" | "9b" | "9b+"; } | { ...; } | { ...; } | { ...; }' is not assignable to parameter of type 'never'.
  Type '{ unit: "frenchsport"; value: "5" | "5+" | "6a" | "6a+" | "6b" | "6b+" | "6c" | "6c+" | "7a" | "7a+" | "7b" | "7b+" | "7c" | "7c+" | "8a" | "8a+" | "8b" | "8b+" | "8c" | "8c+" | "9a" | "9a+" | "9b" | "9b+"; }' is not assignable to type 'never'.

3:53:31 PM - Found 13 errors. Watching for file changes.
[2J[3J[H3:53:35 PM - File change detected. Starting incremental compilation...

app.ts(10,23): error TS2459: Module '"../iso/protocol.js"' declares 'MeasureId' locally, but it is not exported.
app.ts(35,11): error TS2322: Type 'SnapshotDoc | null' is not assignable to type 'BackendObject<Snapshot> | null'.
  Property 'measureStrs' is missing in type 'SnapshotDoc' but required in type 'BackendObject<Snapshot>'.
app.ts(58,11): error TS2322: Type 'SnapshotDoc[]' is not assignable to type 'BackendObject<Snapshot>[]'.
  Property 'measureStrs' is missing in type 'SnapshotDoc' but required in type 'BackendObject<Snapshot>'.
app.ts(96,11): error TS2322: Type 'SnapshotDoc[]' is not assignable to type 'BackendObject<Snapshot>[]'.
  Property 'measureStrs' is missing in type 'SnapshotDoc' but required in type 'BackendObject<Snapshot>'.
models/snapshots.ts(2,18): error TS2459: Module '"../../iso/protocol.js"' declares 'MeasureId' locally, but it is not exported.
models/snapshots.ts(9,6): error TS1268: An index signature parameter type must be 'string', 'number', 'symbol', or a template literal type.
models/snapshots.ts(21,4): error TS1268: An index signature parameter type must be 'string', 'number', 'symbol', or a template literal type.
models/snapshots.ts(81,27): error TS7053: Element implicitly has an 'any' type because expression of type 'MeasureId' can't be used to index type 'MeasurementQuery'.
../iso/measures.ts(1,15): error TS2459: Module '"./protocol.js"' declares 'MeasureId' locally, but it is not exported.
../iso/protocol.ts(1,38): error TS2305: Module '"./units.js"' has no exported member 'Unit'.
../iso/units.ts(67,10): error TS2678: Type '"sportgrade"' is not comparable to type '"second" | "year" | "lb" | "kg" | "m" | "cm" | "mm" | "feetinches" | "inches" | "vermin" | "font" | "frenchsport" | "yds" | "ircra" | "sex-at-birth" | "count"'.
../iso/units.ts(71,25): error TS2345: Argument of type '{ unit: "frenchsport"; value: "5" | "5+" | "6a" | "6a+" | "6b" | "6b+" | "6c" | "6c+" | "7a" | "7a+" | "7b" | "7b+" | "7c" | "7c+" | "8a" | "8a+" | "8b" | "8b+" | "8c" | "8c+" | "9a" | "9a+" | "9b" | "9b+"; } | { ...; } | { ...; } | { ...; }' is not assignable to parameter of type 'never'.
  Type '{ unit: "frenchsport"; value: "5" | "5+" | "6a" | "6a+" | "6b" | "6b+" | "6c" | "6c+" | "7a" | "7a+" | "7b" | "7b+" | "7c" | "7c+" | "8a" | "8a+" | "8b" | "8b+" | "8c" | "8c+" | "9a" | "9a+" | "9b" | "9b+"; }' is not assignable to type 'never'.

3:53:35 PM - Found 12 errors. Watching for file changes.
[2J[3J[H3:54:04 PM - File change detected. Starting incremental compilation...

app.ts(10,23): error TS2459: Module '"../iso/protocol.js"' declares 'MeasureId' locally, but it is not exported.
app.ts(35,11): error TS2322: Type 'SnapshotDoc | null' is not assignable to type 'BackendObject<Snapshot> | null'.
  Property 'measureStrs' is missing in type 'SnapshotDoc' but required in type 'BackendObject<Snapshot>'.
app.ts(58,11): error TS2322: Type 'SnapshotDoc[]' is not assignable to type 'BackendObject<Snapshot>[]'.
  Property 'measureStrs' is missing in type 'SnapshotDoc' but required in type 'BackendObject<Snapshot>'.
app.ts(96,11): error TS2322: Type 'SnapshotDoc[]' is not assignable to type 'BackendObject<Snapshot>[]'.
  Property 'measureStrs' is missing in type 'SnapshotDoc' but required in type 'BackendObject<Snapshot>'.
models/snapshots.ts(2,18): error TS2459: Module '"../../iso/protocol.js"' declares 'MeasureId' locally, but it is not exported.
models/snapshots.ts(9,6): error TS1268: An index signature parameter type must be 'string', 'number', 'symbol', or a template literal type.
models/snapshots.ts(21,4): error TS1268: An index signature parameter type must be 'string', 'number', 'symbol', or a template literal type.
models/snapshots.ts(81,27): error TS7053: Element implicitly has an 'any' type because expression of type 'MeasureId' can't be used to index type 'MeasurementQuery'.
../iso/measures.ts(1,15): error TS2459: Module '"./protocol.js"' declares 'MeasureId' locally, but it is not exported.
../iso/protocol.ts(1,38): error TS2305: Module '"./units.js"' has no exported member 'Unit'.
../iso/units.ts(73,25): error TS2345: Argument of type '{ unit: "yds"; value: "5.6" | "5.7" | "5.8" | "5.9" | "5.10a" | "5.10b" | "5.10c" | "5.10d" | "5.11a" | "5.11b" | "5.11c" | "5.11d" | "5.12a" | "5.12b" | "5.12c" | "5.12d" | "5.13a" | ... 9 more ... | "5.15c"; } | { ...; } | { ...; }' is not assignable to parameter of type 'never'.
  Type '{ unit: "yds"; value: "5.6" | "5.7" | "5.8" | "5.9" | "5.10a" | "5.10b" | "5.10c" | "5.10d" | "5.11a" | "5.11b" | "5.11c" | "5.11d" | "5.12a" | "5.12b" | "5.12c" | "5.12d" | "5.13a" | ... 9 more ... | "5.15c"; }' is not assignable to type 'never'.

3:54:04 PM - Found 11 errors. Watching for file changes.
[2J[3J[H3:54:31 PM - File change detected. Starting incremental compilation...

app.ts(10,23): error TS2459: Module '"../iso/protocol.js"' declares 'MeasureId' locally, but it is not exported.
app.ts(35,11): error TS2322: Type 'SnapshotDoc | null' is not assignable to type 'BackendObject<Snapshot> | null'.
  Property 'measureStrs' is missing in type 'SnapshotDoc' but required in type 'BackendObject<Snapshot>'.
app.ts(58,11): error TS2322: Type 'SnapshotDoc[]' is not assignable to type 'BackendObject<Snapshot>[]'.
  Property 'measureStrs' is missing in type 'SnapshotDoc' but required in type 'BackendObject<Snapshot>'.
app.ts(96,11): error TS2322: Type 'SnapshotDoc[]' is not assignable to type 'BackendObject<Snapshot>[]'.
  Property 'measureStrs' is missing in type 'SnapshotDoc' but required in type 'BackendObject<Snapshot>'.
models/snapshots.ts(2,18): error TS2459: Module '"../../iso/protocol.js"' declares 'MeasureId' locally, but it is not exported.
models/snapshots.ts(9,6): error TS1268: An index signature parameter type must be 'string', 'number', 'symbol', or a template literal type.
models/snapshots.ts(21,4): error TS1268: An index signature parameter type must be 'string', 'number', 'symbol', or a template literal type.
models/snapshots.ts(81,27): error TS7053: Element implicitly has an 'any' type because expression of type 'MeasureId' can't be used to index type 'MeasurementQuery'.
../iso/measures.ts(1,15): error TS2459: Module '"./protocol.js"' declares 'MeasureId' locally, but it is not exported.
../iso/protocol.ts(1,38): error TS2305: Module '"./units.js"' has no exported member 'Unit'.
../iso/units.ts(81,25): error TS2345: Argument of type '{ unit: "yds"; value: "5.6" | "5.7" | "5.8" | "5.9" | "5.10a" | "5.10b" | "5.10c" | "5.10d" | "5.11a" | "5.11b" | "5.11c" | "5.11d" | "5.12a" | "5.12b" | "5.12c" | "5.12d" | "5.13a" | ... 9 more ... | "5.15c"; } | { ...; }' is not assignable to parameter of type 'never'.
  Type '{ unit: "yds"; value: "5.6" | "5.7" | "5.8" | "5.9" | "5.10a" | "5.10b" | "5.10c" | "5.10d" | "5.11a" | "5.11b" | "5.11c" | "5.11d" | "5.12a" | "5.12b" | "5.12c" | "5.12d" | "5.13a" | ... 9 more ... | "5.15c"; }' is not assignable to type 'never'.

3:54:31 PM - Found 11 errors. Watching for file changes.
[2J[3J[H3:54:35 PM - File change detected. Starting incremental compilation...

app.ts(10,23): error TS2459: Module '"../iso/protocol.js"' declares 'MeasureId' locally, but it is not exported.
app.ts(35,11): error TS2322: Type 'SnapshotDoc | null' is not assignable to type 'BackendObject<Snapshot> | null'.
  Property 'measureStrs' is missing in type 'SnapshotDoc' but required in type 'BackendObject<Snapshot>'.
app.ts(58,11): error TS2322: Type 'SnapshotDoc[]' is not assignable to type 'BackendObject<Snapshot>[]'.
  Property 'measureStrs' is missing in type 'SnapshotDoc' but required in type 'BackendObject<Snapshot>'.
app.ts(96,11): error TS2322: Type 'SnapshotDoc[]' is not assignable to type 'BackendObject<Snapshot>[]'.
  Property 'measureStrs' is missing in type 'SnapshotDoc' but required in type 'BackendObject<Snapshot>'.
models/snapshots.ts(2,18): error TS2459: Module '"../../iso/protocol.js"' declares 'MeasureId' locally, but it is not exported.
models/snapshots.ts(9,6): error TS1268: An index signature parameter type must be 'string', 'number', 'symbol', or a template literal type.
models/snapshots.ts(21,4): error TS1268: An index signature parameter type must be 'string', 'number', 'symbol', or a template literal type.
models/snapshots.ts(81,27): error TS7053: Element implicitly has an 'any' type because expression of type 'MeasureId' can't be used to index type 'MeasurementQuery'.
../iso/measures.ts(1,15): error TS2459: Module '"./protocol.js"' declares 'MeasureId' locally, but it is not exported.
../iso/protocol.ts(1,38): error TS2305: Module '"./units.js"' has no exported member 'Unit'.
../iso/units.ts(77,27): error TS2345: Argument of type 'any' is not assignable to parameter of type 'never'.
../iso/units.ts(77,41): error TS2339: Property 'value' does not exist on type 'never'.
../iso/units.ts(81,25): error TS2345: Argument of type '{ unit: "yds"; value: "5.6" | "5.7" | "5.8" | "5.9" | "5.10a" | "5.10b" | "5.10c" | "5.10d" | "5.11a" | "5.11b" | "5.11c" | "5.11d" | "5.12a" | "5.12b" | "5.12c" | "5.12d" | "5.13a" | ... 9 more ... | "5.15c"; } | { ...; }' is not assignable to parameter of type 'never'.
  Type '{ unit: "yds"; value: "5.6" | "5.7" | "5.8" | "5.9" | "5.10a" | "5.10b" | "5.10c" | "5.10d" | "5.11a" | "5.11b" | "5.11c" | "5.11d" | "5.12a" | "5.12b" | "5.12c" | "5.12d" | "5.13a" | ... 9 more ... | "5.15c"; }' is not assignable to type 'never'.

3:54:35 PM - Found 13 errors. Watching for file changes.
[2J[3J[H3:54:38 PM - File change detected. Starting incremental compilation...

app.ts(10,23): error TS2459: Module '"../iso/protocol.js"' declares 'MeasureId' locally, but it is not exported.
app.ts(35,11): error TS2322: Type 'SnapshotDoc | null' is not assignable to type 'BackendObject<Snapshot> | null'.
  Property 'measureStrs' is missing in type 'SnapshotDoc' but required in type 'BackendObject<Snapshot>'.
app.ts(58,11): error TS2322: Type 'SnapshotDoc[]' is not assignable to type 'BackendObject<Snapshot>[]'.
  Property 'measureStrs' is missing in type 'SnapshotDoc' but required in type 'BackendObject<Snapshot>'.
app.ts(96,11): error TS2322: Type 'SnapshotDoc[]' is not assignable to type 'BackendObject<Snapshot>[]'.
  Property 'measureStrs' is missing in type 'SnapshotDoc' but required in type 'BackendObject<Snapshot>'.
models/snapshots.ts(2,18): error TS2459: Module '"../../iso/protocol.js"' declares 'MeasureId' locally, but it is not exported.
models/snapshots.ts(9,6): error TS1268: An index signature parameter type must be 'string', 'number', 'symbol', or a template literal type.
models/snapshots.ts(21,4): error TS1268: An index signature parameter type must be 'string', 'number', 'symbol', or a template literal type.
models/snapshots.ts(81,27): error TS7053: Element implicitly has an 'any' type because expression of type 'MeasureId' can't be used to index type 'MeasurementQuery'.
../iso/measures.ts(1,15): error TS2459: Module '"./protocol.js"' declares 'MeasureId' locally, but it is not exported.
../iso/protocol.ts(1,38): error TS2305: Module '"./units.js"' has no exported member 'Unit'.
../iso/units.ts(81,25): error TS2345: Argument of type '{ unit: "yds"; value: "5.6" | "5.7" | "5.8" | "5.9" | "5.10a" | "5.10b" | "5.10c" | "5.10d" | "5.11a" | "5.11b" | "5.11c" | "5.11d" | "5.12a" | "5.12b" | "5.12c" | "5.12d" | "5.13a" | ... 9 more ... | "5.15c"; } | { ...; }' is not assignable to parameter of type 'never'.
  Type '{ unit: "yds"; value: "5.6" | "5.7" | "5.8" | "5.9" | "5.10a" | "5.10b" | "5.10c" | "5.10d" | "5.11a" | "5.11b" | "5.11c" | "5.11d" | "5.12a" | "5.12b" | "5.12c" | "5.12d" | "5.13a" | ... 9 more ... | "5.15c"; }' is not assignable to type 'never'.

3:54:38 PM - Found 11 errors. Watching for file changes.
[2J[3J[H3:54:43 PM - File change detected. Starting incremental compilation...

app.ts(10,23): error TS2459: Module '"../iso/protocol.js"' declares 'MeasureId' locally, but it is not exported.
app.ts(35,11): error TS2322: Type 'SnapshotDoc | null' is not assignable to type 'BackendObject<Snapshot> | null'.
  Property 'measureStrs' is missing in type 'SnapshotDoc' but required in type 'BackendObject<Snapshot>'.
app.ts(58,11): error TS2322: Type 'SnapshotDoc[]' is not assignable to type 'BackendObject<Snapshot>[]'.
  Property 'measureStrs' is missing in type 'SnapshotDoc' but required in type 'BackendObject<Snapshot>'.
app.ts(96,11): error TS2322: Type 'SnapshotDoc[]' is not assignable to type 'BackendObject<Snapshot>[]'.
  Property 'measureStrs' is missing in type 'SnapshotDoc' but required in type 'BackendObject<Snapshot>'.
models/snapshots.ts(2,18): error TS2459: Module '"../../iso/protocol.js"' declares 'MeasureId' locally, but it is not exported.
models/snapshots.ts(9,6): error TS1268: An index signature parameter type must be 'string', 'number', 'symbol', or a template literal type.
models/snapshots.ts(21,4): error TS1268: An index signature parameter type must be 'string', 'number', 'symbol', or a template literal type.
models/snapshots.ts(81,27): error TS7053: Element implicitly has an 'any' type because expression of type 'MeasureId' can't be used to index type 'MeasurementQuery'.
../iso/measures.ts(1,15): error TS2459: Module '"./protocol.js"' declares 'MeasureId' locally, but it is not exported.
../iso/protocol.ts(1,38): error TS2305: Module '"./units.js"' has no exported member 'Unit'.
../iso/units.ts(82,25): error TS2345: Argument of type '{ unit: "yds"; value: "5.6" | "5.7" | "5.8" | "5.9" | "5.10a" | "5.10b" | "5.10c" | "5.10d" | "5.11a" | "5.11b" | "5.11c" | "5.11d" | "5.12a" | "5.12b" | "5.12c" | "5.12d" | "5.13a" | ... 9 more ... | "5.15c"; }' is not assignable to parameter of type 'never'.

3:54:43 PM - Found 11 errors. Watching for file changes.
[2J[3J[H3:54:59 PM - File change detected. Starting incremental compilation...

app.ts(10,23): error TS2459: Module '"../iso/protocol.js"' declares 'MeasureId' locally, but it is not exported.
app.ts(35,11): error TS2322: Type 'SnapshotDoc | null' is not assignable to type 'BackendObject<Snapshot> | null'.
  Property 'measureStrs' is missing in type 'SnapshotDoc' but required in type 'BackendObject<Snapshot>'.
app.ts(58,11): error TS2322: Type 'SnapshotDoc[]' is not assignable to type 'BackendObject<Snapshot>[]'.
  Property 'measureStrs' is missing in type 'SnapshotDoc' but required in type 'BackendObject<Snapshot>'.
app.ts(96,11): error TS2322: Type 'SnapshotDoc[]' is not assignable to type 'BackendObject<Snapshot>[]'.
  Property 'measureStrs' is missing in type 'SnapshotDoc' but required in type 'BackendObject<Snapshot>'.
models/snapshots.ts(2,18): error TS2459: Module '"../../iso/protocol.js"' declares 'MeasureId' locally, but it is not exported.
models/snapshots.ts(9,6): error TS1268: An index signature parameter type must be 'string', 'number', 'symbol', or a template literal type.
models/snapshots.ts(21,4): error TS1268: An index signature parameter type must be 'string', 'number', 'symbol', or a template literal type.
models/snapshots.ts(81,27): error TS7053: Element implicitly has an 'any' type because expression of type 'MeasureId' can't be used to index type 'MeasurementQuery'.
../iso/measures.ts(1,15): error TS2459: Module '"./protocol.js"' declares 'MeasureId' locally, but it is not exported.
../iso/protocol.ts(1,38): error TS2305: Module '"./units.js"' has no exported member 'Unit'.
../iso/units.ts(72,14): error TS2304: Cannot find name 'ydsToIrcra'.

3:54:59 PM - Found 11 errors. Watching for file changes.
[2J[3J[H3:55:02 PM - File change detected. Starting incremental compilation...

app.ts(10,23): error TS2459: Module '"../iso/protocol.js"' declares 'MeasureId' locally, but it is not exported.
app.ts(35,11): error TS2322: Type 'SnapshotDoc | null' is not assignable to type 'BackendObject<Snapshot> | null'.
  Property 'measureStrs' is missing in type 'SnapshotDoc' but required in type 'BackendObject<Snapshot>'.
app.ts(58,11): error TS2322: Type 'SnapshotDoc[]' is not assignable to type 'BackendObject<Snapshot>[]'.
  Property 'measureStrs' is missing in type 'SnapshotDoc' but required in type 'BackendObject<Snapshot>'.
app.ts(96,11): error TS2322: Type 'SnapshotDoc[]' is not assignable to type 'BackendObject<Snapshot>[]'.
  Property 'measureStrs' is missing in type 'SnapshotDoc' but required in type 'BackendObject<Snapshot>'.
models/snapshots.ts(2,18): error TS2459: Module '"../../iso/protocol.js"' declares 'MeasureId' locally, but it is not exported.
models/snapshots.ts(9,6): error TS1268: An index signature parameter type must be 'string', 'number', 'symbol', or a template literal type.
models/snapshots.ts(21,4): error TS1268: An index signature parameter type must be 'string', 'number', 'symbol', or a template literal type.
models/snapshots.ts(81,27): error TS7053: Element implicitly has an 'any' type because expression of type 'MeasureId' can't be used to index type 'MeasurementQuery'.
../iso/measures.ts(1,15): error TS2459: Module '"./protocol.js"' declares 'MeasureId' locally, but it is not exported.
../iso/protocol.ts(1,38): error TS2305: Module '"./units.js"' has no exported member 'Unit'.

3:55:02 PM - Found 10 errors. Watching for file changes.
[2J[3J[H3:55:05 PM - File change detected. Starting incremental compilation...

app.ts(10,23): error TS2459: Module '"../iso/protocol.js"' declares 'MeasureId' locally, but it is not exported.
app.ts(35,11): error TS2322: Type 'SnapshotDoc | null' is not assignable to type 'BackendObject<Snapshot> | null'.
  Property 'measureStrs' is missing in type 'SnapshotDoc' but required in type 'BackendObject<Snapshot>'.
app.ts(58,11): error TS2322: Type 'SnapshotDoc[]' is not assignable to type 'BackendObject<Snapshot>[]'.
  Property 'measureStrs' is missing in type 'SnapshotDoc' but required in type 'BackendObject<Snapshot>'.
app.ts(96,11): error TS2322: Type 'SnapshotDoc[]' is not assignable to type 'BackendObject<Snapshot>[]'.
  Property 'measureStrs' is missing in type 'SnapshotDoc' but required in type 'BackendObject<Snapshot>'.
models/snapshots.ts(2,18): error TS2459: Module '"../../iso/protocol.js"' declares 'MeasureId' locally, but it is not exported.
models/snapshots.ts(9,6): error TS1268: An index signature parameter type must be 'string', 'number', 'symbol', or a template literal type.
models/snapshots.ts(21,4): error TS1268: An index signature parameter type must be 'string', 'number', 'symbol', or a template literal type.
models/snapshots.ts(81,27): error TS7053: Element implicitly has an 'any' type because expression of type 'MeasureId' can't be used to index type 'MeasurementQuery'.
../iso/measures.ts(1,15): error TS2459: Module '"./protocol.js"' declares 'MeasureId' locally, but it is not exported.
../iso/protocol.ts(1,38): error TS2305: Module '"./units.js"' has no exported member 'Unit'.

3:55:05 PM - Found 10 errors. Watching for file changes.
[2J[3J[H3:56:11 PM - File change detected. Starting incremental compilation...

error TS6053: File '/Users/denislantsman/src/climbingdata/backend/db/types.ts' not found.
  The file is in the program because:
    Matched by default include pattern '**/*'

3:56:12 PM - Found 1 error. Watching for file changes.
[2J[3J[H3:56:12 PM - File change detected. Starting incremental compilation...

app.ts(10,23): error TS2459: Module '"../iso/protocol.js"' declares 'MeasureId' locally, but it is not exported.
app.ts(35,11): error TS2322: Type 'SnapshotDoc | null' is not assignable to type 'BackendObject<Snapshot> | null'.
  Property 'measureStrs' is missing in type 'SnapshotDoc' but required in type 'BackendObject<Snapshot>'.
app.ts(58,11): error TS2322: Type 'SnapshotDoc[]' is not assignable to type 'BackendObject<Snapshot>[]'.
  Property 'measureStrs' is missing in type 'SnapshotDoc' but required in type 'BackendObject<Snapshot>'.
app.ts(96,11): error TS2322: Type 'SnapshotDoc[]' is not assignable to type 'BackendObject<Snapshot>[]'.
  Property 'measureStrs' is missing in type 'SnapshotDoc' but required in type 'BackendObject<Snapshot>'.
models/snapshots.ts(2,18): error TS2459: Module '"../../iso/protocol.js"' declares 'MeasureId' locally, but it is not exported.
models/snapshots.ts(9,6): error TS1268: An index signature parameter type must be 'string', 'number', 'symbol', or a template literal type.
models/snapshots.ts(21,4): error TS1268: An index signature parameter type must be 'string', 'number', 'symbol', or a template literal type.
models/snapshots.ts(81,27): error TS7053: Element implicitly has an 'any' type because expression of type 'MeasureId' can't be used to index type 'MeasurementQuery'.
../iso/measures.ts(1,15): error TS2459: Module '"./protocol.js"' declares 'MeasureId' locally, but it is not exported.
../iso/protocol.ts(1,38): error TS2305: Module '"./units.js"' has no exported member 'Unit'.

3:56:12 PM - Found 10 errors. Watching for file changes.
[2J[3J[H3:56:24 PM - File change detected. Starting incremental compilation...

app.ts(10,23): error TS2459: Module '"../iso/protocol.js"' declares 'MeasureId' locally, but it is not exported.
app.ts(35,11): error TS2322: Type 'SnapshotDoc | null' is not assignable to type 'BackendObject<Snapshot> | null'.
  Property 'measureStrs' is missing in type 'SnapshotDoc' but required in type 'BackendObject<Snapshot>'.
app.ts(58,11): error TS2322: Type 'SnapshotDoc[]' is not assignable to type 'BackendObject<Snapshot>[]'.
  Property 'measureStrs' is missing in type 'SnapshotDoc' but required in type 'BackendObject<Snapshot>'.
app.ts(96,11): error TS2322: Type 'SnapshotDoc[]' is not assignable to type 'BackendObject<Snapshot>[]'.
  Property 'measureStrs' is missing in type 'SnapshotDoc' but required in type 'BackendObject<Snapshot>'.
../iso/measures.ts(1,15): error TS2459: Module '"./protocol.js"' declares 'MeasureId' locally, but it is not exported.
../iso/protocol.ts(1,38): error TS2305: Module '"./units.js"' has no exported member 'Unit'.

3:56:24 PM - Found 6 errors. Watching for file changes.
[2J[3J[H3:56:48 PM - File change detected. Starting incremental compilation...

app.ts(10,23): error TS2459: Module '"../iso/protocol.js"' declares 'MeasureId' locally, but it is not exported.
app.ts(35,11): error TS2322: Type 'SnapshotDoc | null' is not assignable to type 'BackendObject<Snapshot> | null'.
  Property 'measureStrs' is missing in type 'SnapshotDoc' but required in type 'BackendObject<Snapshot>'.
app.ts(58,11): error TS2322: Type 'SnapshotDoc[]' is not assignable to type 'BackendObject<Snapshot>[]'.
  Property 'measureStrs' is missing in type 'SnapshotDoc' but required in type 'BackendObject<Snapshot>'.
app.ts(96,11): error TS2322: Type 'SnapshotDoc[]' is not assignable to type 'BackendObject<Snapshot>[]'.
  Property 'measureStrs' is missing in type 'SnapshotDoc' but required in type 'BackendObject<Snapshot>'.
../iso/measures.ts(1,15): error TS2459: Module '"./protocol.js"' declares 'MeasureId' locally, but it is not exported.

3:56:48 PM - Found 5 errors. Watching for file changes.
[2J[3J[H3:56:54 PM - File change detected. Starting incremental compilation...

app.ts(10,23): error TS2459: Module '"../iso/protocol.js"' declares 'MeasureId' locally, but it is not exported.
app.ts(35,11): error TS2322: Type 'SnapshotDoc | null' is not assignable to type 'BackendObject<Snapshot> | null'.
  Property 'measureStrs' is missing in type 'SnapshotDoc' but required in type 'BackendObject<Snapshot>'.
app.ts(58,11): error TS2322: Type 'SnapshotDoc[]' is not assignable to type 'BackendObject<Snapshot>[]'.
  Property 'measureStrs' is missing in type 'SnapshotDoc' but required in type 'BackendObject<Snapshot>'.
app.ts(96,11): error TS2322: Type 'SnapshotDoc[]' is not assignable to type 'BackendObject<Snapshot>[]'.
  Property 'measureStrs' is missing in type 'SnapshotDoc' but required in type 'BackendObject<Snapshot>'.
../iso/measures.ts(1,15): error TS2459: Module '"./protocol.js"' declares 'MeasureId' locally, but it is not exported.

3:56:54 PM - Found 5 errors. Watching for file changes.
[2J[3J[H3:57:05 PM - File change detected. Starting incremental compilation...

app.ts(10,23): error TS2459: Module '"../iso/protocol.js"' declares 'MeasureId' locally, but it is not exported.
models/snapshots.ts(39,17): error TS2345: Argument of type '{ userId: string; measures: {}; createdAt: Date; lastUpdated: Date; }' is not assignable to parameter of type 'OptionalId<Omit<SnapshotDoc, "_id">>'.
  Property 'measureStrs' is missing in type '{ userId: string; measures: {}; createdAt: Date; lastUpdated: Date; }' but required in type 'Pick<Omit<SnapshotDoc, "_id">, "userId" | "measures" | "measureStrs" | "createdAt" | "lastUpdated">'.
../iso/measures.ts(1,15): error TS2459: Module '"./protocol.js"' declares 'MeasureId' locally, but it is not exported.

3:57:05 PM - Found 3 errors. Watching for file changes.
[2J[3J[H3:57:07 PM - File change detected. Starting incremental compilation...

app.ts(10,23): error TS2459: Module '"../iso/protocol.js"' declares 'MeasureId' locally, but it is not exported.
models/snapshots.ts(40,17): error TS2345: Argument of type '{ userId: string; measures: {}; createdAt: Date; lastUpdated: Date; }' is not assignable to parameter of type 'OptionalId<Omit<SnapshotDoc, "_id">>'.
  Property 'measureStrs' is missing in type '{ userId: string; measures: {}; createdAt: Date; lastUpdated: Date; }' but required in type 'Pick<Omit<SnapshotDoc, "_id">, "userId" | "measures" | "measureStrs" | "createdAt" | "lastUpdated">'.
../iso/measures.ts(1,15): error TS2459: Module '"./protocol.js"' declares 'MeasureId' locally, but it is not exported.

3:57:07 PM - Found 3 errors. Watching for file changes.
[2J[3J[H3:57:13 PM - File change detected. Starting incremental compilation...

app.ts(10,23): error TS2459: Module '"../iso/protocol.js"' declares 'MeasureId' locally, but it is not exported.
models/snapshots.ts(43,17): error TS2345: Argument of type '{ userId: string; measures: {}; createdAt: Date; lastUpdated: Date; }' is not assignable to parameter of type 'OptionalId<Omit<SnapshotDoc, "_id">>'.
  Property 'measureStrs' is missing in type '{ userId: string; measures: {}; createdAt: Date; lastUpdated: Date; }' but required in type 'Pick<Omit<SnapshotDoc, "_id">, "userId" | "measures" | "measureStrs" | "createdAt" | "lastUpdated">'.
../iso/measures.ts(1,15): error TS2459: Module '"./protocol.js"' declares 'MeasureId' locally, but it is not exported.

3:57:13 PM - Found 3 errors. Watching for file changes.
[2J[3J[H3:57:28 PM - File change detected. Starting incremental compilation...

app.ts(10,23): error TS2459: Module '"../iso/protocol.js"' declares 'MeasureId' locally, but it is not exported.
models/snapshots.ts(45,17): error TS2345: Argument of type '{ userId: string; measures: {}; createdAt: Date; lastUpdated: Date; }' is not assignable to parameter of type 'OptionalId<Omit<SnapshotDoc, "_id">>'.
  Property 'measureStrs' is missing in type '{ userId: string; measures: {}; createdAt: Date; lastUpdated: Date; }' but required in type 'Pick<Omit<SnapshotDoc, "_id">, "userId" | "measures" | "measureStrs" | "createdAt" | "lastUpdated">'.
../iso/measures.ts(1,15): error TS2459: Module '"./protocol.js"' declares 'MeasureId' locally, but it is not exported.

3:57:29 PM - Found 3 errors. Watching for file changes.
[2J[3J[H3:58:23 PM - File change detected. Starting incremental compilation...

app.ts(10,23): error TS2459: Module '"../iso/protocol.js"' declares 'MeasureId' locally, but it is not exported.
models/snapshots.ts(45,17): error TS2345: Argument of type '{ userId: string; measures: {}; createdAt: Date; lastUpdated: Date; }' is not assignable to parameter of type 'OptionalId<Omit<SnapshotDoc, "_id">>'.
  Property 'measureStrs' is missing in type '{ userId: string; measures: {}; createdAt: Date; lastUpdated: Date; }' but required in type 'Pick<Omit<SnapshotDoc, "_id">, "userId" | "measures" | "measureStrs" | "createdAt" | "lastUpdated">'.
../iso/measures.ts(1,15): error TS2459: Module '"./protocol.js"' declares 'MeasureId' locally, but it is not exported.

3:58:23 PM - Found 3 errors. Watching for file changes.
[2J[3J[H3:58:30 PM - File change detected. Starting incremental compilation...

app.ts(10,23): error TS2459: Module '"../iso/protocol.js"' declares 'MeasureId' locally, but it is not exported.
../iso/measures.ts(1,15): error TS2459: Module '"./protocol.js"' declares 'MeasureId' locally, but it is not exported.

3:58:30 PM - Found 2 errors. Watching for file changes.
[2J[3J[H3:58:51 PM - File change detected. Starting incremental compilation...

app.ts(10,23): error TS2459: Module '"../iso/protocol.js"' declares 'MeasureId' locally, but it is not exported.
models/snapshots.ts(56,14): error TS2552: Cannot find name 'Measure'. Did you mean 'MeasureId'?
../iso/measures.ts(1,15): error TS2459: Module '"./protocol.js"' declares 'MeasureId' locally, but it is not exported.

3:58:51 PM - Found 3 errors. Watching for file changes.
[2J[3J[H3:59:00 PM - File change detected. Starting incremental compilation...

app.ts(10,23): error TS2459: Module '"../iso/protocol.js"' declares 'MeasureId' locally, but it is not exported.
app.ts(139,7): error TS2353: Object literal may only specify known properties, and 'measure' does not exist in type '{ snapshotId: ObjectId; userId: string; value: UnitValue; }'.
models/snapshots.ts(52,5): error TS2339: Property 'measure' does not exist on type '{ snapshotId: ObjectId; userId: string; value: UnitValue; }'.
../iso/measures.ts(1,15): error TS2459: Module '"./protocol.js"' declares 'MeasureId' locally, but it is not exported.

3:59:00 PM - Found 4 errors. Watching for file changes.
[2J[3J[H3:59:12 PM - File change detected. Starting incremental compilation...

app.ts(10,23): error TS2459: Module '"../iso/protocol.js"' declares 'MeasureId' locally, but it is not exported.
app.ts(139,7): error TS2561: Object literal may only specify known properties, but 'measure' does not exist in type '{ snapshotId: ObjectId; userId: string; measureId: MeasureId; value: UnitValue; }'. Did you mean to write 'measureId'?
models/snapshots.ts(53,5): error TS2339: Property 'measure' does not exist on type '{ snapshotId: ObjectId; userId: string; measureId: MeasureId; value: UnitValue; }'.
../iso/measures.ts(1,15): error TS2459: Module '"./protocol.js"' declares 'MeasureId' locally, but it is not exported.

3:59:12 PM - Found 4 errors. Watching for file changes.
[2J[3J[H3:59:15 PM - File change detected. Starting incremental compilation...

app.ts(10,23): error TS2459: Module '"../iso/protocol.js"' declares 'MeasureId' locally, but it is not exported.
app.ts(139,7): error TS2561: Object literal may only specify known properties, but 'measure' does not exist in type '{ snapshotId: ObjectId; userId: string; measureId: MeasureId; value: UnitValue; }'. Did you mean to write 'measureId'?
models/snapshots.ts(64,24): error TS2552: Cannot find name 'measure'. Did you mean 'measureId'?
models/snapshots.ts(64,46): error TS2552: Cannot find name 'measure'. Did you mean 'measureId'?
../iso/measures.ts(1,15): error TS2459: Module '"./protocol.js"' declares 'MeasureId' locally, but it is not exported.

3:59:15 PM - Found 5 errors. Watching for file changes.
[2J[3J[H3:59:18 PM - File change detected. Starting incremental compilation...

app.ts(10,23): error TS2459: Module '"../iso/protocol.js"' declares 'MeasureId' locally, but it is not exported.
app.ts(139,7): error TS2561: Object literal may only specify known properties, but 'measure' does not exist in type '{ snapshotId: ObjectId; userId: string; measureId: MeasureId; value: UnitValue; }'. Did you mean to write 'measureId'?
../iso/measures.ts(1,15): error TS2459: Module '"./protocol.js"' declares 'MeasureId' locally, but it is not exported.

3:59:18 PM - Found 3 errors. Watching for file changes.
[2J[3J[H4:01:13 PM - File change detected. Starting incremental compilation...

app.ts(10,23): error TS2459: Module '"../iso/protocol.js"' declares 'MeasureId' locally, but it is not exported.
app.ts(139,7): error TS2561: Object literal may only specify known properties, but 'measure' does not exist in type '{ snapshotId: ObjectId; userId: string; measureId: MeasureId; value: UnitValue; }'. Did you mean to write 'measureId'?
models/snapshots.ts(68,55): error TS2304: Cannot find name 'MongoQuery'.
../iso/measures.ts(1,15): error TS2459: Module '"./protocol.js"' declares 'MeasureId' locally, but it is not exported.

4:01:13 PM - Found 4 errors. Watching for file changes.
[2J[3J[H4:01:41 PM - File change detected. Starting incremental compilation...

app.ts(10,23): error TS2459: Module '"../iso/protocol.js"' declares 'MeasureId' locally, but it is not exported.
app.ts(139,7): error TS2561: Object literal may only specify known properties, but 'measure' does not exist in type '{ snapshotId: ObjectId; userId: string; measureId: MeasureId; value: UnitValue; }'. Did you mean to write 'measureId'?
../iso/measures.ts(1,15): error TS2459: Module '"./protocol.js"' declares 'MeasureId' locally, but it is not exported.

4:01:41 PM - Found 3 errors. Watching for file changes.
[2J[3J[H4:03:19 PM - File change detected. Starting incremental compilation...

app.ts(10,23): error TS2459: Module '"../iso/protocol.js"' declares 'MeasureId' locally, but it is not exported.
app.ts(139,7): error TS2561: Object literal may only specify known properties, but 'measure' does not exist in type '{ snapshotId: ObjectId; userId: string; measureId: MeasureId; value: UnitValue; }'. Did you mean to write 'measureId'?
models/snapshots.ts(73,43): error TS2345: Argument of type 'UnitValue' is not assignable to parameter of type 'MeasureValue'.
  Property 'id' is missing in type '{ unit: "second"; value: number; }' but required in type 'MeasureValue'.
../iso/measures.ts(1,15): error TS2459: Module '"./protocol.js"' declares 'MeasureId' locally, but it is not exported.

4:03:19 PM - Found 4 errors. Watching for file changes.
[2J[3J[H4:03:42 PM - File change detected. Starting incremental compilation...

app.ts(10,23): error TS2459: Module '"../iso/protocol.js"' declares 'MeasureId' locally, but it is not exported.
app.ts(139,7): error TS2353: Object literal may only specify known properties, and 'measure' does not exist in type '{ snapshotId: ObjectId; userId: string; measureValue: MeasureValue; }'.
models/snapshots.ts(53,5): error TS2339: Property 'value' does not exist on type '{ snapshotId: ObjectId; userId: string; measureValue: MeasureValue; }'.
models/snapshots.ts(63,24): error TS2304: Cannot find name 'measureId'.
models/snapshots.ts(68,25): error TS2304: Cannot find name 'measureId'.
../iso/measures.ts(1,15): error TS2459: Module '"./protocol.js"' declares 'MeasureId' locally, but it is not exported.

4:03:42 PM - Found 6 errors. Watching for file changes.
[2J[3J[H4:03:46 PM - File change detected. Starting incremental compilation...

app.ts(10,23): error TS2459: Module '"../iso/protocol.js"' declares 'MeasureId' locally, but it is not exported.
app.ts(139,7): error TS2353: Object literal may only specify known properties, and 'measure' does not exist in type '{ snapshotId: ObjectId; userId: string; measureValue: MeasureValue; }'.
models/snapshots.ts(53,5): error TS2339: Property 'value' does not exist on type '{ snapshotId: ObjectId; userId: string; measureValue: MeasureValue; }'.
models/snapshots.ts(63,37): error TS2339: Property 'measureId' does not exist on type 'MeasureValue'.
models/snapshots.ts(68,25): error TS2304: Cannot find name 'measureId'.
../iso/measures.ts(1,15): error TS2459: Module '"./protocol.js"' declares 'MeasureId' locally, but it is not exported.

4:03:46 PM - Found 6 errors. Watching for file changes.
[2J[3J[H4:04:00 PM - File change detected. Starting incremental compilation...

app.ts(10,23): error TS2459: Module '"../iso/protocol.js"' declares 'MeasureId' locally, but it is not exported.
app.ts(139,7): error TS2353: Object literal may only specify known properties, and 'measure' does not exist in type '{ snapshotId: ObjectId; userId: string; measureValue: MeasureValue; }'.
models/snapshots.ts(67,25): error TS2304: Cannot find name 'measureId'.
models/snapshots.ts(71,43): error TS2304: Cannot find name 'value'.
../iso/measures.ts(1,15): error TS2459: Module '"./protocol.js"' declares 'MeasureId' locally, but it is not exported.

4:04:00 PM - Found 5 errors. Watching for file changes.
[2J[3J[H4:04:03 PM - File change detected. Starting incremental compilation...

app.ts(10,23): error TS2459: Module '"../iso/protocol.js"' declares 'MeasureId' locally, but it is not exported.
app.ts(139,7): error TS2353: Object literal may only specify known properties, and 'measure' does not exist in type '{ snapshotId: ObjectId; userId: string; measureValue: MeasureValue; }'.
models/snapshots.ts(71,43): error TS2304: Cannot find name 'value'.
../iso/measures.ts(1,15): error TS2459: Module '"./protocol.js"' declares 'MeasureId' locally, but it is not exported.

4:04:03 PM - Found 4 errors. Watching for file changes.
[2J[3J[H4:04:16 PM - File change detected. Starting incremental compilation...

app.ts(10,23): error TS2459: Module '"../iso/protocol.js"' declares 'MeasureId' locally, but it is not exported.
app.ts(141,9): error TS2322: Type 'number' is not assignable to type 'UnitValue'.
models/snapshots.ts(71,43): error TS2304: Cannot find name 'value'.
../iso/measures.ts(1,15): error TS2459: Module '"./protocol.js"' declares 'MeasureId' locally, but it is not exported.

4:04:16 PM - Found 4 errors. Watching for file changes.
[2J[3J[H4:04:20 PM - File change detected. Starting incremental compilation...

app.ts(10,23): error TS2459: Module '"../iso/protocol.js"' declares 'MeasureId' locally, but it is not exported.
app.ts(141,9): error TS2322: Type 'number' is not assignable to type 'UnitValue'.
../iso/measures.ts(1,15): error TS2459: Module '"./protocol.js"' declares 'MeasureId' locally, but it is not exported.

4:04:20 PM - Found 3 errors. Watching for file changes.
[2J[3J[H4:04:30 PM - File change detected. Starting incremental compilation...

app.ts(10,23): error TS2459: Module '"../iso/protocol.js"' declares 'MeasureId' locally, but it is not exported.
app.ts(141,9): error TS2322: Type 'number' is not assignable to type 'UnitValue'.
../iso/measures.ts(1,15): error TS2459: Module '"./protocol.js"' declares 'MeasureId' locally, but it is not exported.

4:04:30 PM - Found 3 errors. Watching for file changes.
[2J[3J[H4:05:56 PM - File change detected. Starting incremental compilation...

app.ts(10,23): error TS2459: Module '"../iso/protocol.js"' declares 'MeasureId' locally, but it is not exported.
app.ts(141,9): error TS2322: Type 'number' is not assignable to type 'UnitValue'.
../iso/measures.ts(1,15): error TS2459: Module '"./protocol.js"' declares 'MeasureId' locally, but it is not exported.

4:05:56 PM - Found 3 errors. Watching for file changes.
[2J[3J[H4:06:53 PM - File change detected. Starting incremental compilation...

app.ts(10,23): error TS2459: Module '"../iso/protocol.js"' declares 'MeasureId' locally, but it is not exported.
app.ts(141,9): error TS2322: Type 'number' is not assignable to type 'UnitValue'.
models/snapshots.spec.ts(2,35): error TS2307: Cannot find module 'mongodb-memory-server' or its corresponding type declarations.
models/snapshots.spec.ts(4,32): error TS2835: Relative import paths need explicit file extensions in ECMAScript imports when '--moduleResolution' is 'node16' or 'nodenext'. Did you mean './snapshots.js'?
models/snapshots.spec.ts(6,1): error TS2582: Cannot find name 'describe'. Do you need to install type definitions for a test runner? Try `npm i --save-dev @types/jest` or `npm i --save-dev @types/mocha`.
models/snapshots.spec.ts(15,3): error TS2304: Cannot find name 'beforeEach'.
models/snapshots.spec.ts(21,3): error TS2304: Cannot find name 'afterEach'.
models/snapshots.spec.ts(26,3): error TS2582: Cannot find name 'it'. Do you need to install type definitions for a test runner? Try `npm i --save-dev @types/jest` or `npm i --save-dev @types/mocha`.
models/snapshots.spec.ts(33,3): error TS2582: Cannot find name 'it'. Do you need to install type definitions for a test runner? Try `npm i --save-dev @types/jest` or `npm i --save-dev @types/mocha`.
models/snapshots.spec.ts(40,3): error TS2582: Cannot find name 'it'. Do you need to install type definitions for a test runner? Try `npm i --save-dev @types/jest` or `npm i --save-dev @types/mocha`.
../iso/measures.ts(1,15): error TS2459: Module '"./protocol.js"' declares 'MeasureId' locally, but it is not exported.

4:06:53 PM - Found 11 errors. Watching for file changes.
[2J[3J[H4:07:13 PM - File change detected. Starting incremental compilation...

app.ts(10,23): error TS2459: Module '"../iso/protocol.js"' declares 'MeasureId' locally, but it is not exported.
app.ts(141,9): error TS2322: Type 'number' is not assignable to type 'UnitValue'.
models/snapshots.spec.ts(2,35): error TS2307: Cannot find module 'mongodb-memory-server' or its corresponding type declarations.
models/snapshots.spec.ts(4,32): error TS2835: Relative import paths need explicit file extensions in ECMAScript imports when '--moduleResolution' is 'node16' or 'nodenext'. Did you mean './snapshots.js'?
models/snapshots.spec.ts(6,1): error TS2582: Cannot find name 'describe'. Do you need to install type definitions for a test runner? Try `npm i --save-dev @types/jest` or `npm i --save-dev @types/mocha`.
models/snapshots.spec.ts(15,3): error TS2304: Cannot find name 'beforeEach'.
models/snapshots.spec.ts(21,3): error TS2304: Cannot find name 'afterEach'.
models/snapshots.spec.ts(26,3): error TS2582: Cannot find name 'it'. Do you need to install type definitions for a test runner? Try `npm i --save-dev @types/jest` or `npm i --save-dev @types/mocha`.
models/snapshots.spec.ts(33,3): error TS2582: Cannot find name 'it'. Do you need to install type definitions for a test runner? Try `npm i --save-dev @types/jest` or `npm i --save-dev @types/mocha`.
models/snapshots.spec.ts(40,3): error TS2582: Cannot find name 'it'. Do you need to install type definitions for a test runner? Try `npm i --save-dev @types/jest` or `npm i --save-dev @types/mocha`.
../iso/measures.ts(1,15): error TS2459: Module '"./protocol.js"' declares 'MeasureId' locally, but it is not exported.

4:07:13 PM - Found 11 errors. Watching for file changes.
[2J[3J[H4:07:15 PM - File change detected. Starting incremental compilation...

app.ts(10,23): error TS2459: Module '"../iso/protocol.js"' declares 'MeasureId' locally, but it is not exported.
app.ts(141,9): error TS2322: Type 'number' is not assignable to type 'UnitValue'.
models/snapshots.spec.ts(2,35): error TS2307: Cannot find module 'mongodb-memory-server' or its corresponding type declarations.
models/snapshots.spec.ts(4,32): error TS2835: Relative import paths need explicit file extensions in ECMAScript imports when '--moduleResolution' is 'node16' or 'nodenext'. Did you mean './snapshots.js'?
models/snapshots.spec.ts(6,1): error TS2582: Cannot find name 'describe'. Do you need to install type definitions for a test runner? Try `npm i --save-dev @types/jest` or `npm i --save-dev @types/mocha`.
models/snapshots.spec.ts(15,3): error TS2304: Cannot find name 'beforeEach'.
models/snapshots.spec.ts(21,3): error TS2304: Cannot find name 'afterEach'.
models/snapshots.spec.ts(26,3): error TS2582: Cannot find name 'it'. Do you need to install type definitions for a test runner? Try `npm i --save-dev @types/jest` or `npm i --save-dev @types/mocha`.
models/snapshots.spec.ts(33,3): error TS2582: Cannot find name 'it'. Do you need to install type definitions for a test runner? Try `npm i --save-dev @types/jest` or `npm i --save-dev @types/mocha`.
models/snapshots.spec.ts(40,3): error TS2582: Cannot find name 'it'. Do you need to install type definitions for a test runner? Try `npm i --save-dev @types/jest` or `npm i --save-dev @types/mocha`.
../iso/measures.ts(1,15): error TS2459: Module '"./protocol.js"' declares 'MeasureId' locally, but it is not exported.

4:07:15 PM - Found 11 errors. Watching for file changes.
[2J[3J[H4:07:18 PM - File change detected. Starting incremental compilation...

app.ts(10,23): error TS2459: Module '"../iso/protocol.js"' declares 'MeasureId' locally, but it is not exported.
app.ts(141,9): error TS2322: Type 'number' is not assignable to type 'UnitValue'.
models/snapshots.spec.ts(2,35): error TS2307: Cannot find module 'mongodb-memory-server' or its corresponding type declarations.
models/snapshots.spec.ts(4,32): error TS2835: Relative import paths need explicit file extensions in ECMAScript imports when '--moduleResolution' is 'node16' or 'nodenext'. Did you mean './snapshots.js'?
models/snapshots.spec.ts(6,1): error TS2582: Cannot find name 'describe'. Do you need to install type definitions for a test runner? Try `npm i --save-dev @types/jest` or `npm i --save-dev @types/mocha`.
models/snapshots.spec.ts(15,3): error TS2304: Cannot find name 'beforeEach'.
models/snapshots.spec.ts(21,3): error TS2304: Cannot find name 'afterEach'.
models/snapshots.spec.ts(26,3): error TS2582: Cannot find name 'it'. Do you need to install type definitions for a test runner? Try `npm i --save-dev @types/jest` or `npm i --save-dev @types/mocha`.
models/snapshots.spec.ts(33,3): error TS2582: Cannot find name 'it'. Do you need to install type definitions for a test runner? Try `npm i --save-dev @types/jest` or `npm i --save-dev @types/mocha`.
models/snapshots.spec.ts(40,3): error TS2582: Cannot find name 'it'. Do you need to install type definitions for a test runner? Try `npm i --save-dev @types/jest` or `npm i --save-dev @types/mocha`.
../iso/measures.ts(1,15): error TS2459: Module '"./protocol.js"' declares 'MeasureId' locally, but it is not exported.

4:07:18 PM - Found 11 errors. Watching for file changes.
[2J[3J[H4:07:20 PM - File change detected. Starting incremental compilation...

app.ts(10,23): error TS2459: Module '"../iso/protocol.js"' declares 'MeasureId' locally, but it is not exported.
app.ts(141,9): error TS2322: Type 'number' is not assignable to type 'UnitValue'.
models/snapshots.spec.ts(2,35): error TS2307: Cannot find module 'mongodb-memory-server' or its corresponding type declarations.
models/snapshots.spec.ts(4,32): error TS2835: Relative import paths need explicit file extensions in ECMAScript imports when '--moduleResolution' is 'node16' or 'nodenext'. Did you mean './snapshots.js'?
models/snapshots.spec.ts(6,1): error TS2582: Cannot find name 'describe'. Do you need to install type definitions for a test runner? Try `npm i --save-dev @types/jest` or `npm i --save-dev @types/mocha`.
models/snapshots.spec.ts(15,3): error TS2304: Cannot find name 'beforeEach'.
models/snapshots.spec.ts(21,3): error TS2304: Cannot find name 'afterEach'.
models/snapshots.spec.ts(26,3): error TS2582: Cannot find name 'it'. Do you need to install type definitions for a test runner? Try `npm i --save-dev @types/jest` or `npm i --save-dev @types/mocha`.
models/snapshots.spec.ts(33,3): error TS2582: Cannot find name 'it'. Do you need to install type definitions for a test runner? Try `npm i --save-dev @types/jest` or `npm i --save-dev @types/mocha`.
models/snapshots.spec.ts(40,3): error TS2582: Cannot find name 'it'. Do you need to install type definitions for a test runner? Try `npm i --save-dev @types/jest` or `npm i --save-dev @types/mocha`.
../iso/measures.ts(1,15): error TS2459: Module '"./protocol.js"' declares 'MeasureId' locally, but it is not exported.

4:07:20 PM - Found 11 errors. Watching for file changes.
[2J[3J[H4:08:26 PM - File change detected. Starting incremental compilation...

app.ts(10,23): error TS2459: Module '"../iso/protocol.js"' declares 'MeasureId' locally, but it is not exported.
app.ts(141,9): error TS2322: Type 'number' is not assignable to type 'UnitValue'.
models/snapshots.spec.ts(4,32): error TS2835: Relative import paths need explicit file extensions in ECMAScript imports when '--moduleResolution' is 'node16' or 'nodenext'. Did you mean './snapshots.js'?
../iso/measures.ts(1,15): error TS2459: Module '"./protocol.js"' declares 'MeasureId' locally, but it is not exported.

4:08:26 PM - Found 4 errors. Watching for file changes.
[2J[3J[H4:08:31 PM - File change detected. Starting incremental compilation...

app.ts(10,23): error TS2459: Module '"../iso/protocol.js"' declares 'MeasureId' locally, but it is not exported.
app.ts(141,9): error TS2322: Type 'number' is not assignable to type 'UnitValue'.
models/snapshots.spec.ts(4,32): error TS2835: Relative import paths need explicit file extensions in ECMAScript imports when '--moduleResolution' is 'node16' or 'nodenext'. Did you mean './snapshots.js'?
../iso/measures.ts(1,15): error TS2459: Module '"./protocol.js"' declares 'MeasureId' locally, but it is not exported.

4:08:31 PM - Found 4 errors. Watching for file changes.
[2J[3J[H4:08:33 PM - File change detected. Starting incremental compilation...

app.ts(10,23): error TS2459: Module '"../iso/protocol.js"' declares 'MeasureId' locally, but it is not exported.
app.ts(141,9): error TS2322: Type 'number' is not assignable to type 'UnitValue'.
models/snapshots.spec.ts(4,32): error TS2835: Relative import paths need explicit file extensions in ECMAScript imports when '--moduleResolution' is 'node16' or 'nodenext'. Did you mean './snapshots.js'?
../iso/measures.ts(1,15): error TS2459: Module '"./protocol.js"' declares 'MeasureId' locally, but it is not exported.

4:08:33 PM - Found 4 errors. Watching for file changes.
[2J[3J[H4:08:46 PM - File change detected. Starting incremental compilation...

app.ts(10,23): error TS2459: Module '"../iso/protocol.js"' declares 'MeasureId' locally, but it is not exported.
app.ts(141,9): error TS2322: Type 'number' is not assignable to type 'UnitValue'.
models/snapshots.spec.ts(48,9): error TS2322: Type 'string' is not assignable to type 'MeasureId'.
  Type 'string' is not assignable to type '{ __brand: "measureId"; }'.
models/snapshots.spec.ts(56,46): error TS2339: Property 'weight' does not exist on type '{ [measureId: MeasureId]: UnitValue; }'.
../iso/measures.ts(1,15): error TS2459: Module '"./protocol.js"' declares 'MeasureId' locally, but it is not exported.

4:08:46 PM - Found 5 errors. Watching for file changes.
[2J[3J[H4:08:49 PM - File change detected. Starting incremental compilation...

app.ts(10,23): error TS2459: Module '"../iso/protocol.js"' declares 'MeasureId' locally, but it is not exported.
app.ts(141,9): error TS2322: Type 'number' is not assignable to type 'UnitValue'.
models/snapshots.spec.ts(48,9): error TS2322: Type 'string' is not assignable to type 'MeasureId'.
  Type 'string' is not assignable to type '{ __brand: "measureId"; }'.
models/snapshots.spec.ts(56,46): error TS2339: Property 'weight' does not exist on type '{ [measureId: MeasureId]: UnitValue; }'.
../iso/measures.ts(1,15): error TS2459: Module '"./protocol.js"' declares 'MeasureId' locally, but it is not exported.

4:08:49 PM - Found 5 errors. Watching for file changes.
[2J[3J[H4:08:55 PM - File change detected. Starting incremental compilation...

app.ts(10,23): error TS2459: Module '"../iso/protocol.js"' declares 'MeasureId' locally, but it is not exported.
app.ts(141,9): error TS2322: Type 'number' is not assignable to type 'UnitValue'.
models/snapshots.spec.ts(48,9): error TS2322: Type 'string' is not assignable to type 'MeasureId'.
  Type 'string' is not assignable to type '{ __brand: "measureId"; }'.
models/snapshots.spec.ts(56,46): error TS2339: Property 'weight' does not exist on type '{ [measureId: MeasureId]: UnitValue; }'.
../iso/measures.ts(1,15): error TS2459: Module '"./protocol.js"' declares 'MeasureId' locally, but it is not exported.

4:08:55 PM - Found 5 errors. Watching for file changes.
[2J[3J[H4:09:03 PM - File change detected. Starting incremental compilation...

app.ts(10,23): error TS2459: Module '"../iso/protocol.js"' declares 'MeasureId' locally, but it is not exported.
app.ts(141,9): error TS2322: Type 'number' is not assignable to type 'UnitValue'.
models/snapshots.spec.ts(48,9): error TS2322: Type 'string' is not assignable to type 'MeasureId'.
  Type 'string' is not assignable to type '{ __brand: "measureId"; }'.
models/snapshots.spec.ts(56,46): error TS2339: Property 'weight' does not exist on type '{ [measureId: MeasureId]: UnitValue; }'.
../iso/measures.ts(1,15): error TS2459: Module '"./protocol.js"' declares 'MeasureId' locally, but it is not exported.

4:09:03 PM - Found 5 errors. Watching for file changes.
[2J[3J[H4:09:08 PM - File change detected. Starting incremental compilation...

app.ts(10,23): error TS2459: Module '"../iso/protocol.js"' declares 'MeasureId' locally, but it is not exported.
app.ts(141,9): error TS2322: Type 'number' is not assignable to type 'UnitValue'.
models/snapshots.spec.ts(48,25): error TS2304: Cannot find name 'MeasureId'.
models/snapshots.spec.ts(56,46): error TS2339: Property 'weight' does not exist on type '{ [measureId: MeasureId]: UnitValue; }'.
../iso/measures.ts(1,15): error TS2459: Module '"./protocol.js"' declares 'MeasureId' locally, but it is not exported.

4:09:08 PM - Found 5 errors. Watching for file changes.
[2J[3J[H4:09:11 PM - File change detected. Starting incremental compilation...

app.ts(10,23): error TS2459: Module '"../iso/protocol.js"' declares 'MeasureId' locally, but it is not exported.
app.ts(141,9): error TS2322: Type 'number' is not assignable to type 'UnitValue'.
models/snapshots.spec.ts(57,46): error TS2339: Property 'weight' does not exist on type '{ [measureId: MeasureId]: UnitValue; }'.
../iso/measures.ts(1,15): error TS2459: Module '"./protocol.js"' declares 'MeasureId' locally, but it is not exported.

4:09:11 PM - Found 4 errors. Watching for file changes.
[2J[3J[H4:09:29 PM - File change detected. Starting incremental compilation...

app.ts(10,23): error TS2459: Module '"../iso/protocol.js"' declares 'MeasureId' locally, but it is not exported.
app.ts(141,9): error TS2322: Type 'number' is not assignable to type 'UnitValue'.
../iso/measures.ts(1,15): error TS2459: Module '"./protocol.js"' declares 'MeasureId' locally, but it is not exported.

4:09:29 PM - Found 3 errors. Watching for file changes.
[2J[3J[H4:09:31 PM - File change detected. Starting incremental compilation...

app.ts(10,23): error TS2459: Module '"../iso/protocol.js"' declares 'MeasureId' locally, but it is not exported.
app.ts(141,9): error TS2322: Type 'number' is not assignable to type 'UnitValue'.
../iso/measures.ts(1,15): error TS2459: Module '"./protocol.js"' declares 'MeasureId' locally, but it is not exported.

4:09:31 PM - Found 3 errors. Watching for file changes.
[2J[3J[H4:11:26 PM - File change detected. Starting incremental compilation...

app.ts(10,23): error TS2459: Module '"../iso/protocol.js"' declares 'MeasureId' locally, but it is not exported.
app.ts(141,9): error TS2322: Type 'number' is not assignable to type 'UnitValue'.
../iso/measures.ts(1,15): error TS2459: Module '"./protocol.js"' declares 'MeasureId' locally, but it is not exported.

4:11:26 PM - Found 3 errors. Watching for file changes.
[2J[3J[H4:12:12 PM - File change detected. Starting incremental compilation...

app.ts(10,23): error TS2459: Module '"../iso/protocol.js"' declares 'MeasureId' locally, but it is not exported.
app.ts(141,9): error TS2322: Type 'number' is not assignable to type 'UnitValue'.
../iso/measures.ts(1,15): error TS2459: Module '"./protocol.js"' declares 'MeasureId' locally, but it is not exported.

4:12:12 PM - Found 3 errors. Watching for file changes.
[2J[3J[H4:12:18 PM - File change detected. Starting incremental compilation...

app.ts(10,23): error TS2459: Module '"../iso/protocol.js"' declares 'MeasureId' locally, but it is not exported.
app.ts(141,9): error TS2322: Type 'number' is not assignable to type 'UnitValue'.
../iso/measures.ts(1,15): error TS2459: Module '"./protocol.js"' declares 'MeasureId' locally, but it is not exported.

4:12:18 PM - Found 3 errors. Watching for file changes.
[2J[3J[H4:13:12 PM - File change detected. Starting incremental compilation...

app.ts(10,23): error TS2459: Module '"../iso/protocol.js"' declares 'MeasureId' locally, but it is not exported.
app.ts(141,9): error TS2322: Type 'number' is not assignable to type 'UnitValue'.
../iso/measures.ts(1,15): error TS2459: Module '"./protocol.js"' declares 'MeasureId' locally, but it is not exported.

4:13:12 PM - Found 3 errors. Watching for file changes.
[2J[3J[H4:13:57 PM - File change detected. Starting incremental compilation...

app.ts(10,23): error TS2459: Module '"../iso/protocol.js"' declares 'MeasureId' locally, but it is not exported.
app.ts(141,9): error TS2322: Type 'number' is not assignable to type 'UnitValue'.
../iso/measures.ts(1,15): error TS2459: Module '"./protocol.js"' declares 'MeasureId' locally, but it is not exported.

4:13:57 PM - Found 3 errors. Watching for file changes.
[2J[3J[H4:13:59 PM - File change detected. Starting incremental compilation...

app.ts(10,23): error TS2459: Module '"../iso/protocol.js"' declares 'MeasureId' locally, but it is not exported.
app.ts(141,9): error TS2322: Type 'number' is not assignable to type 'UnitValue'.
../iso/measures.ts(1,15): error TS2459: Module '"./protocol.js"' declares 'MeasureId' locally, but it is not exported.

4:13:59 PM - Found 3 errors. Watching for file changes.
[2J[3J[H4:15:42 PM - File change detected. Starting incremental compilation...

app.ts(10,23): error TS2459: Module '"../iso/protocol.js"' declares 'MeasureId' locally, but it is not exported.
app.ts(141,9): error TS2322: Type 'number' is not assignable to type 'UnitValue'.
../iso/measures.ts(1,15): error TS2459: Module '"./protocol.js"' declares 'MeasureId' locally, but it is not exported.

4:15:42 PM - Found 3 errors. Watching for file changes.
[2J[3J[H4:15:44 PM - File change detected. Starting incremental compilation...

app.ts(10,23): error TS2459: Module '"../iso/protocol.js"' declares 'MeasureId' locally, but it is not exported.
app.ts(141,9): error TS2322: Type 'number' is not assignable to type 'UnitValue'.
../iso/measures.ts(1,15): error TS2459: Module '"./protocol.js"' declares 'MeasureId' locally, but it is not exported.

4:15:44 PM - Found 3 errors. Watching for file changes.
[2J[3J[H4:15:45 PM - File change detected. Starting incremental compilation...

app.ts(10,23): error TS2459: Module '"../iso/protocol.js"' declares 'MeasureId' locally, but it is not exported.
app.ts(141,9): error TS2322: Type 'number' is not assignable to type 'UnitValue'.
../iso/measures.ts(1,15): error TS2459: Module '"./protocol.js"' declares 'MeasureId' locally, but it is not exported.

4:15:45 PM - Found 3 errors. Watching for file changes.
[2J[3J[H4:15:47 PM - File change detected. Starting incremental compilation...

app.ts(10,23): error TS2459: Module '"../iso/protocol.js"' declares 'MeasureId' locally, but it is not exported.
app.ts(141,9): error TS2322: Type 'number' is not assignable to type 'UnitValue'.
../iso/measures.ts(1,15): error TS2459: Module '"./protocol.js"' declares 'MeasureId' locally, but it is not exported.

4:15:47 PM - Found 3 errors. Watching for file changes.
[2J[3J[H4:17:14 PM - File change detected. Starting incremental compilation...

app.ts(10,23): error TS2459: Module '"../iso/protocol.js"' declares 'MeasureId' locally, but it is not exported.
app.ts(141,9): error TS2322: Type 'number' is not assignable to type 'UnitValue'.
../iso/measures.ts(1,15): error TS2459: Module '"./protocol.js"' declares 'MeasureId' locally, but it is not exported.

4:17:14 PM - Found 3 errors. Watching for file changes.
[2J[3J[H4:18:49 PM - File change detected. Starting incremental compilation...

app.ts(10,23): error TS2459: Module '"../iso/protocol.js"' declares 'MeasureId' locally, but it is not exported.
app.ts(141,9): error TS2322: Type 'number' is not assignable to type 'UnitValue'.
../iso/measures.ts(1,15): error TS2459: Module '"./protocol.js"' declares 'MeasureId' locally, but it is not exported.

4:18:49 PM - Found 3 errors. Watching for file changes.
[2J[3J[H4:19:05 PM - File change detected. Starting incremental compilation...

app.ts(10,23): error TS2459: Module '"../iso/protocol.js"' declares 'MeasureId' locally, but it is not exported.
app.ts(141,9): error TS2322: Type 'number' is not assignable to type 'UnitValue'.
../iso/measures.ts(1,15): error TS2459: Module '"./protocol.js"' declares 'MeasureId' locally, but it is not exported.

4:19:05 PM - Found 3 errors. Watching for file changes.
[2J[3J[H4:19:51 PM - File change detected. Starting incremental compilation...

app.ts(10,23): error TS2459: Module '"../iso/protocol.js"' declares 'MeasureId' locally, but it is not exported.
app.ts(141,9): error TS2322: Type 'number' is not assignable to type 'UnitValue'.
models/snapshots.ts(67,9): error TS2322: Type '{ [x: string]: UnitValue | mongodb.UpdateFilter<SnapshotDoc>; measureStrs: mongodb.UpdateFilter<SnapshotDoc>; }' is not assignable to type 'MatchKeysAndValues<SnapshotDoc>'.
  Type '{ [x: string]: UnitValue | mongodb.UpdateFilter<SnapshotDoc>; measureStrs: mongodb.UpdateFilter<SnapshotDoc>; }' is not assignable to type 'Readonly<Partial<SnapshotDoc>>'.
    Types of property 'measureStrs' are incompatible.
      Type 'UpdateFilter<SnapshotDoc>' is not assignable to type 'MeasureStr[] | undefined'.
        Type 'UpdateFilter<SnapshotDoc>' is missing the following properties from type 'MeasureStr[]': length, pop, push, concat, and 29 more.
../iso/measures.ts(1,15): error TS2459: Module '"./protocol.js"' declares 'MeasureId' locally, but it is not exported.

4:19:52 PM - Found 4 errors. Watching for file changes.
[2J[3J[H4:20:12 PM - File change detected. Starting incremental compilation...

app.ts(10,23): error TS2459: Module '"../iso/protocol.js"' declares 'MeasureId' locally, but it is not exported.
app.ts(141,9): error TS2322: Type 'number' is not assignable to type 'UnitValue'.
models/snapshots.ts(67,9): error TS2322: Type '{ [x: string]: UnitValue | mongodb.UpdateFilter<MeasureStr[]>; measureStrs: mongodb.UpdateFilter<MeasureStr[]>; }' is not assignable to type 'MatchKeysAndValues<SnapshotDoc>'.
  Type '{ [x: string]: UnitValue | mongodb.UpdateFilter<MeasureStr[]>; measureStrs: mongodb.UpdateFilter<MeasureStr[]>; }' is not assignable to type 'Readonly<Partial<SnapshotDoc>>'.
    Types of property 'measureStrs' are incompatible.
      Type 'UpdateFilter<MeasureStr[]>' is not assignable to type 'MeasureStr[] | undefined'.
        Type 'UpdateFilter<MeasureStr[]>' is missing the following properties from type 'MeasureStr[]': length, pop, push, concat, and 29 more.
../iso/measures.ts(1,15): error TS2459: Module '"./protocol.js"' declares 'MeasureId' locally, but it is not exported.

4:20:12 PM - Found 4 errors. Watching for file changes.
[2J[3J[H4:20:41 PM - File change detected. Starting incremental compilation...

app.ts(10,23): error TS2459: Module '"../iso/protocol.js"' declares 'MeasureId' locally, but it is not exported.
app.ts(141,9): error TS2322: Type 'number' is not assignable to type 'UnitValue'.
../iso/measures.ts(1,15): error TS2459: Module '"./protocol.js"' declares 'MeasureId' locally, but it is not exported.

4:20:41 PM - Found 3 errors. Watching for file changes.
[2J[3J[H4:21:12 PM - File change detected. Starting incremental compilation...

app.ts(10,23): error TS2459: Module '"../iso/protocol.js"' declares 'MeasureId' locally, but it is not exported.
app.ts(141,9): error TS2322: Type 'number' is not assignable to type 'UnitValue'.
../iso/measures.ts(1,15): error TS2459: Module '"./protocol.js"' declares 'MeasureId' locally, but it is not exported.

4:21:12 PM - Found 3 errors. Watching for file changes.
[2J[3J[H4:22:55 PM - File change detected. Starting incremental compilation...

app.ts(10,23): error TS2459: Module '"../iso/protocol.js"' declares 'MeasureId' locally, but it is not exported.
app.ts(141,9): error TS2322: Type 'number' is not assignable to type 'UnitValue'.
../iso/measures.ts(1,15): error TS2459: Module '"./protocol.js"' declares 'MeasureId' locally, but it is not exported.

4:22:55 PM - Found 3 errors. Watching for file changes.
[2J[3J[H4:23:21 PM - File change detected. Starting incremental compilation...

app.ts(10,23): error TS2459: Module '"../iso/protocol.js"' declares 'MeasureId' locally, but it is not exported.
app.ts(141,9): error TS2322: Type 'number' is not assignable to type 'UnitValue'.
../iso/measures.ts(1,15): error TS2459: Module '"./protocol.js"' declares 'MeasureId' locally, but it is not exported.

4:23:21 PM - Found 3 errors. Watching for file changes.
[2J[3J[H4:24:42 PM - File change detected. Starting incremental compilation...

app.ts(10,23): error TS2459: Module '"../iso/protocol.js"' declares 'MeasureId' locally, but it is not exported.
app.ts(141,9): error TS2322: Type 'number' is not assignable to type 'UnitValue'.
../iso/measures.ts(1,15): error TS2459: Module '"./protocol.js"' declares 'MeasureId' locally, but it is not exported.

4:24:43 PM - Found 3 errors. Watching for file changes.
[2J[3J[H4:24:46 PM - File change detected. Starting incremental compilation...

app.ts(10,23): error TS2459: Module '"../iso/protocol.js"' declares 'MeasureId' locally, but it is not exported.
app.ts(141,9): error TS2322: Type 'number' is not assignable to type 'UnitValue'.
../iso/measures.ts(1,15): error TS2459: Module '"./protocol.js"' declares 'MeasureId' locally, but it is not exported.

4:24:46 PM - Found 3 errors. Watching for file changes.
[2J[3J[H4:28:40 PM - File change detected. Starting incremental compilation...

app.ts(10,23): error TS2459: Module '"../iso/protocol.js"' declares 'MeasureId' locally, but it is not exported.
app.ts(141,9): error TS2322: Type 'number' is not assignable to type 'UnitValue'.
models/snapshots.ts(88,12): error TS18047: 'res' is possibly 'null'.
models/snapshots.ts(88,16): error TS2339: Property 'modifiedCount' does not exist on type 'WithId<SnapshotDoc>'.
../iso/measures.ts(1,15): error TS2459: Module '"./protocol.js"' declares 'MeasureId' locally, but it is not exported.

4:28:40 PM - Found 5 errors. Watching for file changes.
[2J[3J[H4:30:17 PM - File change detected. Starting incremental compilation...

app.ts(10,23): error TS2459: Module '"../iso/protocol.js"' declares 'MeasureId' locally, but it is not exported.
app.ts(141,9): error TS2322: Type 'number' is not assignable to type 'UnitValue'.
app.ts(145,9): error TS2367: This comparison appears to be unintentional because the types 'boolean' and 'number' have no overlap.
../iso/measures.ts(1,15): error TS2459: Module '"./protocol.js"' declares 'MeasureId' locally, but it is not exported.

4:30:17 PM - Found 4 errors. Watching for file changes.
[2J[3J[H4:30:48 PM - File change detected. Starting incremental compilation...

app.ts(10,23): error TS2459: Module '"../iso/protocol.js"' declares 'MeasureId' locally, but it is not exported.
app.ts(141,9): error TS2322: Type 'number' is not assignable to type 'UnitValue'.
app.ts(145,9): error TS2367: This comparison appears to be unintentional because the types 'boolean' and 'number' have no overlap.
../iso/measures.ts(1,15): error TS2459: Module '"./protocol.js"' declares 'MeasureId' locally, but it is not exported.

4:30:48 PM - Found 4 errors. Watching for file changes.
[2J[3J[H4:31:10 PM - File change detected. Starting incremental compilation...

app.ts(10,23): error TS2459: Module '"../iso/protocol.js"' declares 'MeasureId' locally, but it is not exported.
app.ts(141,9): error TS2322: Type 'number' is not assignable to type 'UnitValue'.
app.ts(145,9): error TS2367: This comparison appears to be unintentional because the types 'boolean' and 'number' have no overlap.
../iso/measures.ts(1,15): error TS2459: Module '"./protocol.js"' declares 'MeasureId' locally, but it is not exported.

4:31:10 PM - Found 4 errors. Watching for file changes.
[2J[3J[H4:31:28 PM - File change detected. Starting incremental compilation...

app.ts(10,23): error TS2459: Module '"../iso/protocol.js"' declares 'MeasureId' locally, but it is not exported.
app.ts(141,9): error TS2322: Type 'number' is not assignable to type 'UnitValue'.
app.ts(145,9): error TS2367: This comparison appears to be unintentional because the types 'boolean' and 'number' have no overlap.
../iso/measures.ts(1,15): error TS2459: Module '"./protocol.js"' declares 'MeasureId' locally, but it is not exported.

4:31:28 PM - Found 4 errors. Watching for file changes.
[2J[3J[H4:31:37 PM - File change detected. Starting incremental compilation...

app.ts(10,23): error TS2459: Module '"../iso/protocol.js"' declares 'MeasureId' locally, but it is not exported.
app.ts(141,9): error TS2322: Type 'number' is not assignable to type 'UnitValue'.
app.ts(145,9): error TS2367: This comparison appears to be unintentional because the types 'boolean' and 'number' have no overlap.
../iso/measures.ts(1,15): error TS2459: Module '"./protocol.js"' declares 'MeasureId' locally, but it is not exported.

4:31:37 PM - Found 4 errors. Watching for file changes.
[2J[3J[H4:31:41 PM - File change detected. Starting incremental compilation...

app.ts(10,23): error TS2459: Module '"../iso/protocol.js"' declares 'MeasureId' locally, but it is not exported.
app.ts(141,9): error TS2322: Type 'number' is not assignable to type 'UnitValue'.
app.ts(145,9): error TS2367: This comparison appears to be unintentional because the types 'boolean' and 'number' have no overlap.
../iso/measures.ts(1,15): error TS2459: Module '"./protocol.js"' declares 'MeasureId' locally, but it is not exported.

4:31:41 PM - Found 4 errors. Watching for file changes.
[2J[3J[H4:32:05 PM - File change detected. Starting incremental compilation...

app.ts(10,23): error TS2459: Module '"../iso/protocol.js"' declares 'MeasureId' locally, but it is not exported.
app.ts(141,9): error TS2322: Type 'number' is not assignable to type 'UnitValue'.
app.ts(145,9): error TS2367: This comparison appears to be unintentional because the types 'boolean' and 'number' have no overlap.
../iso/measures.ts(1,15): error TS2459: Module '"./protocol.js"' declares 'MeasureId' locally, but it is not exported.

4:32:05 PM - Found 4 errors. Watching for file changes.
[2J[3J[H4:32:15 PM - File change detected. Starting incremental compilation...

app.ts(10,23): error TS2459: Module '"../iso/protocol.js"' declares 'MeasureId' locally, but it is not exported.
app.ts(141,9): error TS2322: Type 'number' is not assignable to type 'UnitValue'.
app.ts(145,9): error TS2367: This comparison appears to be unintentional because the types 'boolean' and 'number' have no overlap.
../iso/measures.ts(1,15): error TS2459: Module '"./protocol.js"' declares 'MeasureId' locally, but it is not exported.

4:32:15 PM - Found 4 errors. Watching for file changes.
[2J[3J[H4:35:20 PM - File change detected. Starting incremental compilation...

app.ts(10,23): error TS2459: Module '"../iso/protocol.js"' declares 'MeasureId' locally, but it is not exported.
app.ts(141,9): error TS2322: Type 'number' is not assignable to type 'UnitValue'.
app.ts(145,9): error TS2367: This comparison appears to be unintentional because the types 'boolean' and 'number' have no overlap.

4:35:20 PM - Found 3 errors. Watching for file changes.
[2J[3J[H4:40:02 PM - File change detected. Starting incremental compilation...

app.ts(10,23): error TS2459: Module '"../iso/protocol.js"' declares 'MeasureId' locally, but it is not exported.
app.ts(141,9): error TS2322: Type 'number' is not assignable to type 'UnitValue'.
app.ts(145,9): error TS2367: This comparison appears to be unintentional because the types 'boolean' and 'number' have no overlap.

4:40:02 PM - Found 3 errors. Watching for file changes.
[2J[3J[H4:40:06 PM - File change detected. Starting incremental compilation...

app.ts(10,23): error TS2459: Module '"../iso/protocol.js"' declares 'MeasureId' locally, but it is not exported.
app.ts(141,9): error TS2322: Type 'number' is not assignable to type 'UnitValue'.
app.ts(145,9): error TS2367: This comparison appears to be unintentional because the types 'boolean' and 'number' have no overlap.

4:40:06 PM - Found 3 errors. Watching for file changes.
[2J[3J[H4:40:09 PM - File change detected. Starting incremental compilation...

app.ts(10,23): error TS2459: Module '"../iso/protocol.js"' declares 'MeasureId' locally, but it is not exported.
app.ts(141,9): error TS2322: Type 'number' is not assignable to type 'UnitValue'.
app.ts(145,9): error TS2367: This comparison appears to be unintentional because the types 'boolean' and 'number' have no overlap.

4:40:09 PM - Found 3 errors. Watching for file changes.
[2J[3J[H4:42:40 PM - File change detected. Starting incremental compilation...

app.ts(10,23): error TS2459: Module '"../iso/protocol.js"' declares 'MeasureId' locally, but it is not exported.
app.ts(141,9): error TS2322: Type 'number' is not assignable to type 'UnitValue'.
app.ts(145,9): error TS2367: This comparison appears to be unintentional because the types 'boolean' and 'number' have no overlap.

4:42:40 PM - Found 3 errors. Watching for file changes.
[2J[3J[H4:42:42 PM - File change detected. Starting incremental compilation...

app.ts(10,23): error TS2459: Module '"../iso/protocol.js"' declares 'MeasureId' locally, but it is not exported.
app.ts(141,9): error TS2322: Type 'number' is not assignable to type 'UnitValue'.
app.ts(145,9): error TS2367: This comparison appears to be unintentional because the types 'boolean' and 'number' have no overlap.

4:42:42 PM - Found 3 errors. Watching for file changes.
[2J[3J[H4:44:48 PM - File change detected. Starting incremental compilation...

app.ts(10,23): error TS2459: Module '"../iso/protocol.js"' declares 'MeasureId' locally, but it is not exported.
app.ts(141,9): error TS2322: Type 'number' is not assignable to type 'UnitValue'.
app.ts(145,9): error TS2367: This comparison appears to be unintentional because the types 'boolean' and 'number' have no overlap.

4:44:48 PM - Found 3 errors. Watching for file changes.
[2J[3J[H4:45:05 PM - File change detected. Starting incremental compilation...

app.ts(10,23): error TS2459: Module '"../iso/protocol.js"' declares 'MeasureId' locally, but it is not exported.
app.ts(141,9): error TS2322: Type 'number' is not assignable to type 'UnitValue'.
app.ts(145,9): error TS2367: This comparison appears to be unintentional because the types 'boolean' and 'number' have no overlap.
../iso/units.ts(208,27): error TS2345: Argument of type 'string' is not assignable to parameter of type 'never'.
  Type 'string' is not assignable to type 'never'.

4:45:05 PM - Found 4 errors. Watching for file changes.
[2J[3J[H4:46:56 PM - File change detected. Starting incremental compilation...

app.ts(10,23): error TS2459: Module '"../iso/protocol.js"' declares 'MeasureId' locally, but it is not exported.
app.ts(141,9): error TS2322: Type 'number' is not assignable to type 'UnitValue'.
app.ts(145,9): error TS2367: This comparison appears to be unintentional because the types 'boolean' and 'number' have no overlap.
../iso/units.ts(220,24): error TS2304: Cannot find name 'FONT'.
../iso/units.ts(232,24): error TS2304: Cannot find name 'FRENCH_SPORT'.

4:46:56 PM - Found 5 errors. Watching for file changes.
[2J[3J[H4:47:02 PM - File change detected. Starting incremental compilation...

app.ts(10,23): error TS2459: Module '"../iso/protocol.js"' declares 'MeasureId' locally, but it is not exported.
app.ts(141,9): error TS2322: Type 'number' is not assignable to type 'UnitValue'.
app.ts(145,9): error TS2367: This comparison appears to be unintentional because the types 'boolean' and 'number' have no overlap.

4:47:02 PM - Found 3 errors. Watching for file changes.
[2J[3J[H4:47:07 PM - File change detected. Starting incremental compilation...

app.ts(10,23): error TS2459: Module '"../iso/protocol.js"' declares 'MeasureId' locally, but it is not exported.
app.ts(141,9): error TS2322: Type 'number' is not assignable to type 'UnitValue'.
app.ts(145,9): error TS2367: This comparison appears to be unintentional because the types 'boolean' and 'number' have no overlap.

4:47:07 PM - Found 3 errors. Watching for file changes.
[2J[3J[H4:47:20 PM - File change detected. Starting incremental compilation...

app.ts(10,23): error TS2459: Module '"../iso/protocol.js"' declares 'MeasureId' locally, but it is not exported.
app.ts(141,9): error TS2322: Type 'number' is not assignable to type 'UnitValue'.
app.ts(145,9): error TS2367: This comparison appears to be unintentional because the types 'boolean' and 'number' have no overlap.

4:47:20 PM - Found 3 errors. Watching for file changes.
[2J[3J[H4:47:33 PM - File change detected. Starting incremental compilation...

app.ts(10,23): error TS2459: Module '"../iso/protocol.js"' declares 'MeasureId' locally, but it is not exported.
app.ts(141,9): error TS2322: Type 'number' is not assignable to type 'UnitValue'.
app.ts(145,9): error TS2367: This comparison appears to be unintentional because the types 'boolean' and 'number' have no overlap.

4:47:33 PM - Found 3 errors. Watching for file changes.
[2J[3J[H4:49:24 PM - File change detected. Starting incremental compilation...

app.ts(10,23): error TS2459: Module '"../iso/protocol.js"' declares 'MeasureId' locally, but it is not exported.
app.ts(141,9): error TS2322: Type 'number' is not assignable to type 'UnitValue'.
app.ts(145,9): error TS2367: This comparison appears to be unintentional because the types 'boolean' and 'number' have no overlap.

4:49:24 PM - Found 3 errors. Watching for file changes.
[2J[3J[H8:05:56 PM - File change detected. Starting incremental compilation...

app.ts(10,23): error TS2459: Module '"../iso/protocol.js"' declares 'MeasureId' locally, but it is not exported.
app.ts(141,9): error TS2322: Type 'number' is not assignable to type 'UnitValue'.
app.ts(145,9): error TS2367: This comparison appears to be unintentional because the types 'boolean' and 'number' have no overlap.

8:05:57 PM - Found 3 errors. Watching for file changes.
[2J[3J[H8:08:45 PM - File change detected. Starting incremental compilation...

app.ts(10,23): error TS2459: Module '"../iso/protocol.js"' declares 'MeasureId' locally, but it is not exported.
app.ts(141,9): error TS2322: Type 'number' is not assignable to type 'UnitValue'.
app.ts(145,9): error TS2367: This comparison appears to be unintentional because the types 'boolean' and 'number' have no overlap.

8:08:46 PM - Found 3 errors. Watching for file changes.
[2J[3J[H8:08:49 PM - File change detected. Starting incremental compilation...

app.ts(10,23): error TS2459: Module '"../iso/protocol.js"' declares 'MeasureId' locally, but it is not exported.
app.ts(141,9): error TS2322: Type 'number' is not assignable to type 'UnitValue'.
app.ts(145,9): error TS2367: This comparison appears to be unintentional because the types 'boolean' and 'number' have no overlap.

8:08:49 PM - Found 3 errors. Watching for file changes.
[2J[3J[H8:09:16 PM - File change detected. Starting incremental compilation...

app.ts(10,23): error TS2459: Module '"../iso/protocol.js"' declares 'MeasureId' locally, but it is not exported.
app.ts(141,9): error TS2322: Type 'number' is not assignable to type 'UnitValue'.
app.ts(145,9): error TS2367: This comparison appears to be unintentional because the types 'boolean' and 'number' have no overlap.
../iso/units.ts(179,34): error TS2353: Object literal may only specify known properties, and 'success' does not exist in type 'Result<T>'.
../iso/units.ts(181,11): error TS2353: Object literal may only specify known properties, and 'success' does not exist in type 'Result<T>'.
../iso/units.ts(188,20): error TS2353: Object literal may only specify known properties, and 'success' does not exist in type 'Result<T>'.
../iso/units.ts(190,11): error TS2353: Object literal may only specify known properties, and 'success' does not exist in type 'Result<T>'.
../iso/units.ts(199,20): error TS2353: Object literal may only specify known properties, and 'success' does not exist in type 'Result<T>'.
../iso/units.ts(201,11): error TS2353: Object literal may only specify known properties, and 'success' does not exist in type 'Result<T>'.
../iso/units.ts(207,20): error TS2353: Object literal may only specify known properties, and 'success' does not exist in type 'Result<T>'.
../iso/units.ts(210,11): error TS2353: Object literal may only specify known properties, and 'success' does not exist in type 'Result<T>'.
../iso/units.ts(219,20): error TS2353: Object literal may only specify known properties, and 'success' does not exist in type 'Result<T>'.
../iso/units.ts(222,11): error TS2353: Object literal may only specify known properties, and 'success' does not exist in type 'Result<T>'.
../iso/units.ts(231,20): error TS2353: Object literal may only specify known properties, and 'success' does not exist in type 'Result<T>'.
../iso/units.ts(234,11): error TS2353: Object literal may only specify known properties, and 'success' does not exist in type 'Result<T>'.
../iso/units.ts(243,20): error TS2353: Object literal may only specify known properties, and 'success' does not exist in type 'Result<T>'.
../iso/units.ts(246,11): error TS2353: Object literal may only specify known properties, and 'success' does not exist in type 'Result<T>'.
../iso/units.ts(256,20): error TS2353: Object literal may only specify known properties, and 'success' does not exist in type 'Result<T>'.
../iso/units.ts(259,11): error TS2353: Object literal may only specify known properties, and 'success' does not exist in type 'Result<T>'.
../iso/units.ts(272,7): error TS2353: Object literal may only specify known properties, and 'success' does not exist in type 'Result<T>'.

8:09:16 PM - Found 20 errors. Watching for file changes.
[2J[3J[H8:10:06 PM - File change detected. Starting incremental compilation...

app.ts(10,23): error TS2459: Module '"../iso/protocol.js"' declares 'MeasureId' locally, but it is not exported.
app.ts(141,9): error TS2322: Type 'number' is not assignable to type 'UnitValue'.
app.ts(145,9): error TS2367: This comparison appears to be unintentional because the types 'boolean' and 'number' have no overlap.

8:10:07 PM - Found 3 errors. Watching for file changes.
[2J[3J[H8:10:55 PM - File change detected. Starting incremental compilation...

app.ts(10,23): error TS2459: Module '"../iso/protocol.js"' declares 'MeasureId' locally, but it is not exported.
app.ts(141,9): error TS2322: Type 'number' is not assignable to type 'UnitValue'.
app.ts(145,9): error TS2367: This comparison appears to be unintentional because the types 'boolean' and 'number' have no overlap.
../iso/units.ts(182,11): error TS2353: Object literal may only specify known properties, and 'value' does not exist in type 'Success<Extract<{ unit: "second"; value: number; }, { unit: T; }> | Extract<{ unit: "year"; value: number; }, { unit: T; }> | Extract<{ unit: "lb"; value: number; }, { unit: T; }> | ... 12 more ... | Extract<...>>'.
../iso/units.ts(191,11): error TS2353: Object literal may only specify known properties, and 'value' does not exist in type 'Success<Extract<{ unit: "second"; value: number; }, { unit: T; }> | Extract<{ unit: "year"; value: number; }, { unit: T; }> | Extract<{ unit: "lb"; value: number; }, { unit: T; }> | ... 12 more ... | Extract<...>>'.
../iso/units.ts(199,11): error TS2353: Object literal may only specify known properties, and 'value' does not exist in type 'Success<Extract<{ unit: "second"; value: number; }, { unit: T; }> | Extract<{ unit: "year"; value: number; }, { unit: T; }> | Extract<{ unit: "lb"; value: number; }, { unit: T; }> | ... 12 more ... | Extract<...>>'.
../iso/units.ts(208,11): error TS2353: Object literal may only specify known properties, and 'value' does not exist in type 'Success<Extract<{ unit: "second"; value: number; }, { unit: T; }> | Extract<{ unit: "year"; value: number; }, { unit: T; }> | Extract<{ unit: "lb"; value: number; }, { unit: T; }> | ... 12 more ... | Extract<...>>'.
../iso/units.ts(217,11): error TS2353: Object literal may only specify known properties, and 'value' does not exist in type 'Success<Extract<{ unit: "second"; value: number; }, { unit: T; }> | Extract<{ unit: "year"; value: number; }, { unit: T; }> | Extract<{ unit: "lb"; value: number; }, { unit: T; }> | ... 12 more ... | Extract<...>>'.
../iso/units.ts(226,11): error TS2353: Object literal may only specify known properties, and 'value' does not exist in type 'Success<Extract<{ unit: "second"; value: number; }, { unit: T; }> | Extract<{ unit: "year"; value: number; }, { unit: T; }> | Extract<{ unit: "lb"; value: number; }, { unit: T; }> | ... 12 more ... | Extract<...>>'.
../iso/units.ts(235,11): error TS2353: Object literal may only specify known properties, and 'value' does not exist in type 'Success<Extract<{ unit: "second"; value: number; }, { unit: T; }> | Extract<{ unit: "year"; value: number; }, { unit: T; }> | Extract<{ unit: "lb"; value: number; }, { unit: T; }> | ... 12 more ... | Extract<...>>'.
../iso/units.ts(245,11): error TS2353: Object literal may only specify known properties, and 'value' does not exist in type 'Success<Extract<{ unit: "second"; value: number; }, { unit: T; }> | Extract<{ unit: "year"; value: number; }, { unit: T; }> | Extract<{ unit: "lb"; value: number; }, { unit: T; }> | ... 12 more ... | Extract<...>>'.

8:10:55 PM - Found 11 errors. Watching for file changes.
[2J[3J[H8:12:05 PM - File change detected. Starting incremental compilation...

app.ts(10,23): error TS2459: Module '"../iso/protocol.js"' declares 'MeasureId' locally, but it is not exported.
app.ts(141,9): error TS2322: Type 'number' is not assignable to type 'UnitValue'.
app.ts(145,9): error TS2367: This comparison appears to be unintentional because the types 'boolean' and 'number' have no overlap.

8:12:05 PM - Found 3 errors. Watching for file changes.
[2J[3J[H8:12:06 PM - File change detected. Starting incremental compilation...

app.ts(10,23): error TS2459: Module '"../iso/protocol.js"' declares 'MeasureId' locally, but it is not exported.
app.ts(141,9): error TS2322: Type 'number' is not assignable to type 'UnitValue'.
app.ts(145,9): error TS2367: This comparison appears to be unintentional because the types 'boolean' and 'number' have no overlap.

8:12:06 PM - Found 3 errors. Watching for file changes.
[2J[3J[H8:12:09 PM - File change detected. Starting incremental compilation...

app.ts(10,23): error TS2459: Module '"../iso/protocol.js"' declares 'MeasureId' locally, but it is not exported.
app.ts(141,9): error TS2322: Type 'number' is not assignable to type 'UnitValue'.
app.ts(145,9): error TS2367: This comparison appears to be unintentional because the types 'boolean' and 'number' have no overlap.

8:12:09 PM - Found 3 errors. Watching for file changes.
[2J[3J[H8:12:25 PM - File change detected. Starting incremental compilation...

app.ts(10,23): error TS2459: Module '"../iso/protocol.js"' declares 'MeasureId' locally, but it is not exported.
app.ts(141,9): error TS2322: Type 'number' is not assignable to type 'UnitValue'.
app.ts(145,9): error TS2367: This comparison appears to be unintentional because the types 'boolean' and 'number' have no overlap.

8:12:25 PM - Found 3 errors. Watching for file changes.
[2J[3J[H8:12:38 PM - File change detected. Starting incremental compilation...

app.ts(10,23): error TS2459: Module '"../iso/protocol.js"' declares 'MeasureId' locally, but it is not exported.
app.ts(141,9): error TS2322: Type 'number' is not assignable to type 'UnitValue'.
app.ts(145,9): error TS2367: This comparison appears to be unintentional because the types 'boolean' and 'number' have no overlap.

8:12:38 PM - Found 3 errors. Watching for file changes.
[2J[3J[H8:15:44 PM - File change detected. Starting incremental compilation...

app.ts(10,23): error TS2459: Module '"../iso/protocol.js"' declares 'MeasureId' locally, but it is not exported.
app.ts(141,9): error TS2322: Type 'number' is not assignable to type 'UnitValue'.
app.ts(145,9): error TS2367: This comparison appears to be unintentional because the types 'boolean' and 'number' have no overlap.

8:15:44 PM - Found 3 errors. Watching for file changes.
[2J[3J[H8:22:34 PM - File change detected. Starting incremental compilation...

app.ts(10,23): error TS2459: Module '"../iso/protocol.js"' declares 'MeasureId' locally, but it is not exported.
app.ts(141,9): error TS2322: Type 'number' is not assignable to type 'UnitValue'.
app.ts(145,9): error TS2367: This comparison appears to be unintentional because the types 'boolean' and 'number' have no overlap.

8:22:34 PM - Found 3 errors. Watching for file changes.
[2J[3J[H8:22:37 PM - File change detected. Starting incremental compilation...

app.ts(10,23): error TS2459: Module '"../iso/protocol.js"' declares 'MeasureId' locally, but it is not exported.
app.ts(141,9): error TS2322: Type 'number' is not assignable to type 'UnitValue'.
app.ts(145,9): error TS2367: This comparison appears to be unintentional because the types 'boolean' and 'number' have no overlap.

8:22:37 PM - Found 3 errors. Watching for file changes.
[2J[3J[H8:38:12 PM - File change detected. Starting incremental compilation...

app.ts(10,23): error TS2459: Module '"../iso/protocol.js"' declares 'MeasureId' locally, but it is not exported.
app.ts(141,9): error TS2322: Type 'number' is not assignable to type 'UnitValue'.
app.ts(145,9): error TS2367: This comparison appears to be unintentional because the types 'boolean' and 'number' have no overlap.

8:38:12 PM - Found 3 errors. Watching for file changes.
[2J[3J[H8:39:04 PM - File change detected. Starting incremental compilation...

app.ts(10,23): error TS2459: Module '"../iso/protocol.js"' declares 'MeasureId' locally, but it is not exported.
app.ts(141,9): error TS2322: Type 'number' is not assignable to type 'UnitValue'.
app.ts(145,9): error TS2367: This comparison appears to be unintentional because the types 'boolean' and 'number' have no overlap.

8:39:04 PM - Found 3 errors. Watching for file changes.
[2J[3J[H8:39:12 PM - File change detected. Starting incremental compilation...

app.ts(10,23): error TS2459: Module '"../iso/protocol.js"' declares 'MeasureId' locally, but it is not exported.
app.ts(141,9): error TS2322: Type 'number' is not assignable to type 'UnitValue'.
app.ts(145,9): error TS2367: This comparison appears to be unintentional because the types 'boolean' and 'number' have no overlap.

8:39:12 PM - Found 3 errors. Watching for file changes.
[2J[3J[H9:46:07 PM - File change detected. Starting incremental compilation...

app.ts(10,23): error TS2459: Module '"../iso/protocol.js"' declares 'MeasureId' locally, but it is not exported.
app.ts(141,9): error TS2322: Type 'number' is not assignable to type 'UnitValue'.
app.ts(145,9): error TS2367: This comparison appears to be unintentional because the types 'boolean' and 'number' have no overlap.
../iso/units.ts(205,25): error TS2345: Argument of type 'any' is not assignable to parameter of type 'never'.
../iso/units.ts(205,31): error TS2339: Property 'unit' does not exist on type 'never'.

9:46:07 PM - Found 5 errors. Watching for file changes.
[2J[3J[H9:46:11 PM - File change detected. Starting incremental compilation...

app.ts(10,23): error TS2459: Module '"../iso/protocol.js"' declares 'MeasureId' locally, but it is not exported.
app.ts(141,9): error TS2322: Type 'number' is not assignable to type 'UnitValue'.
app.ts(145,9): error TS2367: This comparison appears to be unintentional because the types 'boolean' and 'number' have no overlap.

9:46:11 PM - Found 3 errors. Watching for file changes.
[2J[3J[H9:55:52 PM - File change detected. Starting incremental compilation...

app.ts(10,23): error TS2459: Module '"../iso/protocol.js"' declares 'MeasureId' locally, but it is not exported.
app.ts(141,9): error TS2322: Type 'number' is not assignable to type 'UnitValue'.
app.ts(145,9): error TS2367: This comparison appears to be unintentional because the types 'boolean' and 'number' have no overlap.

9:55:52 PM - Found 3 errors. Watching for file changes.
[2J[3J[H9:57:22 PM - File change detected. Starting incremental compilation...

app.ts(75,32): error TS2304: Cannot find name 'MeasureId'.
app.ts(117,22): error TS2304: Cannot find name 'MeasureId'.
app.ts(141,9): error TS2322: Type 'number' is not assignable to type 'UnitValue'.
app.ts(145,9): error TS2367: This comparison appears to be unintentional because the types 'boolean' and 'number' have no overlap.

9:57:22 PM - Found 4 errors. Watching for file changes.
[2J[3J[H9:57:24 PM - File change detected. Starting incremental compilation...

app.ts(142,9): error TS2322: Type 'number' is not assignable to type 'UnitValue'.
app.ts(146,9): error TS2367: This comparison appears to be unintentional because the types 'boolean' and 'number' have no overlap.

9:57:24 PM - Found 2 errors. Watching for file changes.
[2J[3J[H9:58:04 PM - File change detected. Starting incremental compilation...

app.ts(142,9): error TS2322: Type 'MeasureValue' is not assignable to type 'UnitValue'.
  Property 'unit' is missing in type 'MeasureValue' but required in type '{ unit: "count"; value: number; }'.
app.ts(146,9): error TS2367: This comparison appears to be unintentional because the types 'boolean' and 'number' have no overlap.

9:58:04 PM - Found 2 errors. Watching for file changes.
[2J[3J[H9:58:30 PM - File change detected. Starting incremental compilation...

app.ts(141,9): error TS2353: Object literal may only specify known properties, and 'measureId' does not exist in type 'MeasureValue'.
app.ts(146,9): error TS2367: This comparison appears to be unintentional because the types 'boolean' and 'number' have no overlap.

9:58:30 PM - Found 2 errors. Watching for file changes.
[2J[3J[H9:58:38 PM - File change detected. Starting incremental compilation...

app.ts(146,9): error TS2367: This comparison appears to be unintentional because the types 'boolean' and 'number' have no overlap.

9:58:38 PM - Found 1 error. Watching for file changes.
[2J[3J[H9:58:47 PM - File change detected. Starting incremental compilation...


9:58:47 PM - Found 0 errors. Watching for file changes.
[2J[3J[H9:58:50 PM - File change detected. Starting incremental compilation...


9:58:50 PM - Found 0 errors. Watching for file changes.
[2J[3J[H9:09:04 AM - Starting compilation in watch mode...


9:09:04 AM - Found 0 errors. Watching for file changes.
